******************************************************************************
            TI ARM Clang Linker PC v4.0.3                      
******************************************************************************
>> Linked Wed Jul 16 19:59:16 2025

OUTPUT FILE NAME:   <Basic_Functions.out>
ENTRY POINT SYMBOL: "_c_int00_noargs"  address: 000029a1


MEMORY CONFIGURATION

         name            origin    length      used     unused   attr    fill
----------------------  --------  ---------  --------  --------  ----  --------
  FLASH                 00000000   00020000  00002db0  0001d250  R  X
  SRAM                  20200000   00008000  0000037d  00007c83  RW X
  BCR_CONFIG            41c00000   000000ff  00000000  000000ff  R   
  BSL_CONFIG            41c00100   00000080  00000000  00000080  R   


SEGMENT ALLOCATION MAP

run origin  load origin   length   init length attrs members
----------  ----------- ---------- ----------- ----- -------
00000000    00000000    00002db0   00002db0    r-x
  00000000    00000000    000000c0   000000c0    r-- .intvecs
  000000c0    000000c0    00002b60   00002b60    r-x .text
  00002c20    00002c20    00000160   00000160    r-- .rodata
  00002d80    00002d80    00000030   00000030    r-- .cinit
20200000    20200000    0000017d   00000000    rw-
  20200000    20200000    0000015c   00000000    rw- .bss
  2020015c    2020015c    00000021   00000000    rw- .data
20207e00    20207e00    00000200   00000000    rw-
  20207e00    20207e00    00000200   00000000    rw- .stack


SECTION ALLOCATION MAP

 output                                  attributes/
section   page    origin      length       input sections
--------  ----  ----------  ----------   ----------------
.intvecs   0    00000000    000000c0     
                  00000000    000000c0     startup_mspm0g350x_ticlang.o (.intvecs)

.text      0    000000c0    00002b60     
                  000000c0    000009d0     libc.a : _printfi.c.obj (.text:__TI_printfi)
                  00000a90    00000220            : _printfi.c.obj (.text._pconv_a)
                  00000cb0    000001e4     user_INA226.o (.text.ina226_read_register)
                  00000e94    000001dc     libc.a : _printfi.c.obj (.text._pconv_g)
                  00001070    000001a8     user_INA226.o (.text.ina226_init)
                  00001218    00000192     libclang_rt.builtins.a : adddf3.S.obj (.text.adddf3_subdf3)
                  000013aa    00000002     startup_mspm0g350x_ticlang.o (.text.Default_Handler)
                  000013ac    0000013c     libc.a : _printfi.c.obj (.text.fcvt)
                  000014e8    00000120            : _printfi.c.obj (.text._pconv_e)
                  00001608    0000010c     libclang_rt.builtins.a : divdf3.S.obj (.text.__divdf3)
                  00001714    00000104     driverlib.a : dl_timer.o (.text.DL_Timer_initFourCCPWMMode)
                  00001818    000000e4     libclang_rt.builtins.a : muldf3.S.obj (.text.__muldf3)
                  000018fc    000000d8     libc.a : s_scalbn.c.obj (.text.scalbn)
                  000019d4    000000b8     user_INA226.o (.text.ina226_set_conversion_time)
                  00001a8c    000000b0     user_INA226.o (.text.ina226_set_average)
                  00001b3c    000000ac     user_INA226.o (.text.ina226_set_measure_mode)
                  00001be8    000000a2     libclang_rt.builtins.a : udivmoddi4.S.obj (.text)
                  00001c8a    0000009a     libc.a : memcpy16.S.obj (.text:memcpy)
                  00001d24    0000007c     ti_msp_dl_config.o (.text.SYSCFG_DL_GPIO_init)
                  00001da0    0000007c     ti_msp_dl_config.o (.text.SYSCFG_DL_UART_0_init)
                  00001e1c    0000007c     libc.a : copy_decompress_lzss.c.obj (.text:decompress:lzss)
                  00001e98    00000074     libclang_rt.builtins.a : comparedf2.c.obj (.text.__gedf2)
                  00001f0c    00000004     libsysbm.a : hostexit.c.obj (.text.HOSTexit)
                  00001f10    00000074     libclang_rt.builtins.a : truncdfsf2.S.obj (.text.__truncdfsf2)
                  00001f84    0000006c     ti_msp_dl_config.o (.text.SYSCFG_DL_PWM_0_init)
                  00001ff0    0000006c     main.o (.text.ina226_data_process)
                  0000205c    00000068     libclang_rt.builtins.a : comparedf2.c.obj (.text.__ledf2)
                  000020c4    00000066     libc.a : _printfi.c.obj (.text._mcpy)
                  0000212a    00000002     libclang_rt.builtins.a : aeabi_div0.c.obj (.text.__aeabi_idiv0)
                  0000212c    00000062                            : aeabi_dcmp.S.obj (.text.__aeabi_dcmp)
                  0000218e    00000062     libc.a : memset16.S.obj (.text:memset)
                  000021f0    0000005e     driverlib.a : dl_i2c.o (.text.DL_I2C_fillControllerTXFIFO)
                  0000224e    00000002     libclang_rt.builtins.a : aeabi_div0.c.obj (.text.__aeabi_ldiv0)
                  00002250    0000005c     libc.a : s_frexp.c.obj (.text.frexp)
                  000022ac    00000058            : _ltoa.c.obj (.text.__TI_ltoa)
                  00002304    00000058            : _printfi.c.obj (.text._pconv_f)
                  0000235c    00000056     libclang_rt.builtins.a : aeabi_idivmod.S.obj (.text.__aeabi_idivmod)
                  000023b2    00000002     --HOLE-- [fill = 0]
                  000023b4    00000054     ti_msp_dl_config.o (.text.SYSCFG_DL_I2C_0_init)
                  00002408    00000054     user_uart.o (.text.UART0_IRQHandler)
                  0000245c    00000052     libc.a : _printfi.c.obj (.text._ecpy)
                  000024ae    00000002     --HOLE-- [fill = 0]
                  000024b0    0000004a     libclang_rt.builtins.a : fixdfsi.S.obj (.text.__fixdfsi)
                  000024fa    00000002     --HOLE-- [fill = 0]
                  000024fc    00000048     driverlib.a : dl_uart.o (.text.DL_UART_init)
                  00002544    00000048     ti_msp_dl_config.o (.text.SYSCFG_DL_initPower)
                  0000258c    00000044     main.o (.text.main)
                  000025d0    00000040     libclang_rt.builtins.a : aeabi_uidivmod.S.obj (.text.__aeabi_uidivmod)
                  00002610    00000040                            : extendsfdf2.S.obj (.text.__extendsfdf2)
                  00002650    00000040     libc.a : atoi.c.obj (.text.atoi)
                  00002690    00000040     user_uart.o (.text.user_uart_send_string)
                  000026d0    0000003c     driverlib.a : dl_i2c.o (.text.DL_I2C_flushControllerTXFIFO)
                  0000270c    0000003c     ti_msp_dl_config.o (.text.SYSCFG_DL_SYSCTL_init)
                  00002748    0000003c     user_key.o (.text.user_key_process)
                  00002784    0000003c     libc.a : autoinit.c.obj (.text:__TI_auto_init_nobinit_nopinit)
                  000027c0    0000003a     libclang_rt.builtins.a : muldsi3.S.obj (.text.__muldsi3)
                  000027fa    00000002     --HOLE-- [fill = 0]
                  000027fc    00000038     libc.a : sprintf.c.obj (.text.sprintf)
                  00002834    00000034     user_uart.o (.text.user_uart_init)
                  00002868    00000030     driverlib.a : dl_i2c.o (.text.DL_I2C_flushControllerRXFIFO)
                  00002898    00000030     ti_msp_dl_config.o (.text.SYSCFG_DL_SYSTICK_init)
                  000028c8    00000030     libc.a : _printfi.c.obj (.text._fcpy)
                  000028f8    0000002c     ti_msp_dl_config.o (.text.SYSCFG_DL_init)
                  00002924    0000002c     libclang_rt.builtins.a : floatsidf.S.obj (.text.__floatsidf)
                  00002950    00000028     user_key.o (.text.GROUP1_IRQHandler)
                  00002978    00000028     delay.o (.text.delay_ms)
                  000029a0    00000028     libc.a : boot_cortex_m.c.obj (.text:_c_int00_noargs)
                  000029c8    00000026     driverlib.a : dl_i2c.o (.text.DL_I2C_setClockConfig)
                  000029ee    00000002     --HOLE-- [fill = 0]
                  000029f0    00000024     libclang_rt.builtins.a : floatunsidf.S.obj (.text.__floatunsidf)
                  00002a14    00000024                            : muldi3.S.obj (.text.__muldi3)
                  00002a38    00000024     user_INA226.o (.text.ina226_get_bus_voltage_V)
                  00002a5c    00000022     libc.a : memccpy.c.obj (.text.memccpy)
                  00002a7e    00000002     --HOLE-- [fill = 0]
                  00002a80    00000020     delay.o (.text.SysTick_Handler)
                  00002aa0    0000001e     libclang_rt.builtins.a : ashldi3.S.obj (.text.__ashldi3)
                  00002abe    00000002     --HOLE-- [fill = 0]
                  00002ac0    0000001c     driverlib.a : dl_timer.o (.text.DL_Timer_setCaptCompUpdateMethod)
                  00002adc    0000001c                 : dl_timer.o (.text.DL_Timer_setClockConfig)
                  00002af8    00000018                 : dl_timer.o (.text.DL_Timer_setCaptureCompareOutCtl)
                  00002b10    00000018     libc.a : sprintf.c.obj (.text._outs)
                  00002b28    00000016            : copy_zero_init.c.obj (.text:decompress:ZI:__TI_zero_init_nomemset)
                  00002b3e    00000002     --HOLE-- [fill = 0]
                  00002b40    00000014     libclang_rt.builtins.a : aeabi_uldivmod.S.obj (.text.__aeabi_uldivmod)
                  00002b54    00000014     libc.a : _printfi.c.obj (.text.strchr)
                  00002b68    00000012     driverlib.a : dl_uart.o (.text.DL_UART_setClockConfig)
                  00002b7a    00000012     libc.a : copy_decompress_none.c.obj (.text:decompress:none)
                  00002b8c    00000010     driverlib.a : dl_timer.o (.text.DL_Timer_setCaptureCompareValue)
                  00002b9c    00000010     libc.a : wcslen.c.obj (.text.wcslen)
                  00002bac    0000000e     libclang_rt.builtins.a : aeabi_memset.S.obj (.text.__aeabi_memset)
                  00002bba    0000000e     libc.a : _printfi.c.obj (.text.strlen)
                  00002bc8    0000000a     driverlib.a : dl_common.o (.text.DL_Common_delayCycles)
                  00002bd2    0000000a     libc.a : _printfi.c.obj (.text.OUTLINED_FUNCTION_0)
                  00002bdc    00000010     libclang_rt.builtins.a : adddf3.S.obj (.tramp.__aeabi_dsub.1)
                  00002bec    0000000a     libc.a : _printfi.c.obj (.text.OUTLINED_FUNCTION_1)
                  00002bf6    0000000a            : sprintf.c.obj (.text._outc)
                  00002c00    00000008            : aeabi_portable.c.obj (.text.__aeabi_errno_addr)
                  00002c08    00000008     libclang_rt.builtins.a : aeabi_memcpy.S.obj (.text.__aeabi_memcpy)
                  00002c10    00000006     libc.a : exit.c.obj (.text:abort)
                  00002c16    00000004     startup_mspm0g350x_ticlang.o (.text.Reset_Handler)
                  00002c1a    00000004     libc.a : pre_init.c.obj (.text._system_pre_init)
                  00002c1e    00000002     --HOLE-- [fill = 0]

.cinit     0    00002d80    00000030     
                  00002d80    0000000c     (__TI_handler_table)
                  00002d8c    00000008     (.cinit..bss.load) [load image, compression = zero_init]
                  00002d94    00000008     (.cinit..data.load) [load image, compression = lzss]
                  00002d9c    00000010     (__TI_cinit_table)
                  00002dac    00000004     --HOLE-- [fill = 0]

.rodata    0    00002c20    00000160     
                  00002c20    00000101     libc.a : aeabi_ctype.S.obj (.rodata:__aeabi_ctype_table_)
                  00002d21    00000011            : _printfi.c.obj (.rodata.str1.10348868589481759720.1)
                  00002d32    00000011            : _printfi.c.obj (.rodata.str1.15363888844622738466.1)
                  00002d43    0000000c     main.o (.rodata.str1.8154729771448623357.1)
                  00002d4f    00000001     --HOLE-- [fill = 0]
                  00002d50    0000000a     ti_msp_dl_config.o (.rodata.gUART_0Config)
                  00002d5a    00000002     ti_msp_dl_config.o (.rodata.gI2C_0ClockConfig)
                  00002d5c    00000008     ti_msp_dl_config.o (.rodata.gPWM_0Config)
                  00002d64    00000008     main.o (.rodata.str1.15159059442110792349.1)
                  00002d6c    00000003     ti_msp_dl_config.o (.rodata.gPWM_0ClockConfig)
                  00002d6f    00000002     ti_msp_dl_config.o (.rodata.gUART_0ClockConfig)
                  00002d71    0000000f     --HOLE-- [fill = 0]

.init_array 
*          0    00000000    00000000     UNINITIALIZED

.binit     0    00000000    00000000     

.bss       0    20200000    0000015c     UNINITIALIZED
                  20200000    000000bc     (.common:gPWM_0Backup)
                  202000bc    00000080     user_uart.o (.bss.rx_buffer)
                  2020013c    00000020     main.o (.bss.ina226_device)

.data      0    2020015c    00000021     UNINITIALIZED
                  2020015c    00000004     libc.a : aeabi_portable.c.obj (.data.__aeabi_errno)
                  20200160    00000004     delay.o (.data.delay_times)
                  20200164    00000004     user_uart.o (.data.irq_counter)
                  20200168    00000004     main.o (.data.last_voltage_read_time)
                  2020016c    00000004     main.o (.data.system_time_ms)
                  20200170    00000004     user_key.o (.data.user_key_process.last_key_time)
                  20200174    00000002     user_uart.o (.data.rx_count)
                  20200176    00000002     user_uart.o (.data.rx_head)
                  20200178    00000002     user_uart.o (.data.rx_tail)
                  2020017a    00000001     main.o (.data.ina226_initialized)
                  2020017b    00000001     user_key.o (.data.key_pressed_flag)
                  2020017c    00000001     user_key.o (.data.led_fast_mode)

.stack     0    20207e00    00000200     UNINITIALIZED
                  20207e00    00000004     libc.a : boot_cortex_m.c.obj (.stack)
                  20207e04    000001fc     --HOLE--

__llvm_prf_cnts 
*          0    20200000    00000000     UNINITIALIZED

__llvm_prf_bits 
*          0    20200000    00000000     UNINITIALIZED

MODULE SUMMARY

       Module                         code    ro data   rw data
       ------                         ----    -------   -------
    .\
       ti_msp_dl_config.o             664     25        188    
       main.o                         176     20        41     
       startup_mspm0g350x_ticlang.o   6       192       0      
    +--+------------------------------+-------+---------+---------+
       Total:                         846     237       229    
                                                               
    .\user\
       user_INA226.o                  1476    0         0      
       user_uart.o                    200     0         138    
       user_key.o                     100     0         6      
       delay.o                        72      0         4      
    +--+------------------------------+-------+---------+---------+
       Total:                         1848    0         148    
                                                               
    D:/ti/mspm0_sdk_2_05_00_05/source/ti/driverlib/lib/ticlang/m0p/mspm0g1x0x_g3x0x/driverlib.a
       dl_timer.o                     356     0         0      
       dl_i2c.o                       240     0         0      
       dl_uart.o                      90      0         0      
       dl_common.o                    10      0         0      
    +--+------------------------------+-------+---------+---------+
       Total:                         696     0         0      
                                                               
    D:\ti\ccs2020\ccs\tools\compiler\ti-cgt-armllvm_4.0.3.LTS\lib\armv6m-ti-none-eabi/c/libc.a
       _printfi.c.obj                 4510    34        0      
       aeabi_ctype.S.obj              0       257       0      
       s_scalbn.c.obj                 216     0         0      
       memcpy16.S.obj                 154     0         0      
       copy_decompress_lzss.c.obj     124     0         0      
       memset16.S.obj                 98      0         0      
       s_frexp.c.obj                  92      0         0      
       sprintf.c.obj                  90      0         0      
       _ltoa.c.obj                    88      0         0      
       atoi.c.obj                     64      0         0      
       autoinit.c.obj                 60      0         0      
       boot_cortex_m.c.obj            40      0         0      
       memccpy.c.obj                  34      0         0      
       copy_zero_init.c.obj           22      0         0      
       copy_decompress_none.c.obj     18      0         0      
       wcslen.c.obj                   16      0         0      
       aeabi_portable.c.obj           8       0         4      
       exit.c.obj                     6       0         0      
       pre_init.c.obj                 4       0         0      
    +--+------------------------------+-------+---------+---------+
       Total:                         5644    291       4      
                                                               
    D:\ti\ccs2020\ccs\tools\compiler\ti-cgt-armllvm_4.0.3.LTS\lib\armv6m-ti-none-eabi/c/libsysbm.a
       hostexit.c.obj                 4       0         0      
    +--+------------------------------+-------+---------+---------+
       Total:                         4       0         0      
                                                               
    D:\ti\ccs2020\ccs\tools\compiler\ti-cgt-armllvm_4.0.3.LTS\lib\armv6m-ti-none-eabi/libclang_rt.builtins.a
       adddf3.S.obj                   418     0         0      
       divdf3.S.obj                   268     0         0      
       muldf3.S.obj                   228     0         0      
       comparedf2.c.obj               220     0         0      
       udivmoddi4.S.obj               162     0         0      
       truncdfsf2.S.obj               116     0         0      
       aeabi_dcmp.S.obj               98      0         0      
       aeabi_idivmod.S.obj            86      0         0      
       fixdfsi.S.obj                  74      0         0      
       aeabi_uidivmod.S.obj           64      0         0      
       extendsfdf2.S.obj              64      0         0      
       muldsi3.S.obj                  58      0         0      
       floatsidf.S.obj                44      0         0      
       floatunsidf.S.obj              36      0         0      
       muldi3.S.obj                   36      0         0      
       ashldi3.S.obj                  30      0         0      
       aeabi_uldivmod.S.obj           20      0         0      
       aeabi_memset.S.obj             14      0         0      
       aeabi_memcpy.S.obj             8       0         0      
       aeabi_div0.c.obj               4       0         0      
    +--+------------------------------+-------+---------+---------+
       Total:                         2048    0         0      
                                                               
       Stack:                         0       0         512    
       Linker Generated:              0       44        0      
    +--+------------------------------+-------+---------+---------+
       Grand Total:                   11086   572       893    


LINKER GENERATED COPY TABLES

__TI_cinit_table @ 00002d9c records: 2, size/record: 8, table size: 16
	.bss: load addr=00002d8c, load size=00000008 bytes, run addr=20200000, run size=0000015c bytes, compression=zero_init
	.data: load addr=00002d94, load size=00000008 bytes, run addr=2020015c, run size=00000021 bytes, compression=lzss


LINKER GENERATED HANDLER TABLE

__TI_handler_table @ 00002d80 records: 3, size/record: 4, table size: 12
	index: 0, handler: __TI_decompress_lzss
	index: 1, handler: __TI_decompress_none
	index: 2, handler: __TI_zero_init


FAR CALL TRAMPOLINES

callee name               trampoline name
   callee addr  tramp addr   call addr  call info
--------------  -----------  ---------  ----------------
__aeabi_dsub              $Tramp$TT$L$PI$$__aeabi_dsub
   00001219     00002bdc     00002bda   libc.a : _printfi.c.obj (.text.OUTLINED_FUNCTION_0)

[1 trampolines]
[1 trampoline calls]


GLOBAL SYMBOLS: SORTED ALPHABETICALLY BY Name 

address   name                            
-------   ----                            
000013ab  ADC0_IRQHandler                 
000013ab  ADC1_IRQHandler                 
000013ab  AES_IRQHandler                  
00001f0c  C$$EXIT                         
000013ab  CANFD0_IRQHandler               
000013ab  DAC0_IRQHandler                 
00002bc9  DL_Common_delayCycles           
000021f1  DL_I2C_fillControllerTXFIFO     
00002869  DL_I2C_flushControllerRXFIFO    
000026d1  DL_I2C_flushControllerTXFIFO    
000029c9  DL_I2C_setClockConfig           
00001715  DL_Timer_initFourCCPWMMode      
00002ac1  DL_Timer_setCaptCompUpdateMethod
00002af9  DL_Timer_setCaptureCompareOutCtl
00002b8d  DL_Timer_setCaptureCompareValue 
00002add  DL_Timer_setClockConfig         
000024fd  DL_UART_init                    
00002b69  DL_UART_setClockConfig          
000013ab  DMA_IRQHandler                  
000013ab  Default_Handler                 
000013ab  GROUP0_IRQHandler               
00002951  GROUP1_IRQHandler               
00001f0d  HOSTexit                        
000013ab  HardFault_Handler               
000013ab  I2C0_IRQHandler                 
000013ab  I2C1_IRQHandler                 
000013ab  NMI_Handler                     
000013ab  PendSV_Handler                  
000013ab  RTC_IRQHandler                  
00002c17  Reset_Handler                   
000013ab  SPI0_IRQHandler                 
000013ab  SPI1_IRQHandler                 
000013ab  SVC_Handler                     
00001d25  SYSCFG_DL_GPIO_init             
000023b5  SYSCFG_DL_I2C_0_init            
00001f85  SYSCFG_DL_PWM_0_init            
0000270d  SYSCFG_DL_SYSCTL_init           
00002899  SYSCFG_DL_SYSTICK_init          
00001da1  SYSCFG_DL_UART_0_init           
000028f9  SYSCFG_DL_init                  
00002545  SYSCFG_DL_initPower             
00002a81  SysTick_Handler                 
000013ab  TIMA0_IRQHandler                
000013ab  TIMA1_IRQHandler                
000013ab  TIMG0_IRQHandler                
000013ab  TIMG12_IRQHandler               
000013ab  TIMG6_IRQHandler                
000013ab  TIMG7_IRQHandler                
000013ab  TIMG8_IRQHandler                
00002409  UART0_IRQHandler                
000013ab  UART1_IRQHandler                
000013ab  UART2_IRQHandler                
000013ab  UART3_IRQHandler                
20208000  __STACK_END                     
00000200  __STACK_SIZE                    
00000000  __TI_ATRegion0_region_sz        
00000000  __TI_ATRegion0_src_addr         
00000000  __TI_ATRegion0_trg_addr         
00000000  __TI_ATRegion1_region_sz        
00000000  __TI_ATRegion1_src_addr         
00000000  __TI_ATRegion1_trg_addr         
00000000  __TI_ATRegion2_region_sz        
00000000  __TI_ATRegion2_src_addr         
00000000  __TI_ATRegion2_trg_addr         
00002d9c  __TI_CINIT_Base                 
00002dac  __TI_CINIT_Limit                
00002dac  __TI_CINIT_Warm                 
00002d80  __TI_Handler_Table_Base         
00002d8c  __TI_Handler_Table_Limit        
00002785  __TI_auto_init_nobinit_nopinit  
00001e1d  __TI_decompress_lzss            
00002b7b  __TI_decompress_none            
000022ad  __TI_ltoa                       
ffffffff  __TI_pprof_out_hndl             
000000c1  __TI_printfi                    
ffffffff  __TI_prof_data_size             
ffffffff  __TI_prof_data_start            
00000000  __TI_static_base__              
00002b29  __TI_zero_init_nomemset         
00001223  __adddf3                        
00002c20  __aeabi_ctype_table_            
00002c20  __aeabi_ctype_table_C           
00001f11  __aeabi_d2f                     
000024b1  __aeabi_d2iz                    
00001223  __aeabi_dadd                    
0000212d  __aeabi_dcmpeq                  
00002169  __aeabi_dcmpge                  
0000217d  __aeabi_dcmpgt                  
00002155  __aeabi_dcmple                  
00002141  __aeabi_dcmplt                  
00001609  __aeabi_ddiv                    
00001819  __aeabi_dmul                    
00001219  __aeabi_dsub                    
2020015c  __aeabi_errno                   
00002c01  __aeabi_errno_addr              
00002611  __aeabi_f2d                     
00002925  __aeabi_i2d                     
0000235d  __aeabi_idiv                    
0000212b  __aeabi_idiv0                   
0000235d  __aeabi_idivmod                 
0000224f  __aeabi_ldiv0                   
00002aa1  __aeabi_llsl                    
00002a15  __aeabi_lmul                    
00002c09  __aeabi_memcpy                  
00002c09  __aeabi_memcpy4                 
00002c09  __aeabi_memcpy8                 
00002bad  __aeabi_memset                  
00002bad  __aeabi_memset4                 
00002bad  __aeabi_memset8                 
000029f1  __aeabi_ui2d                    
000025d1  __aeabi_uidiv                   
000025d1  __aeabi_uidivmod                
00002b41  __aeabi_uldivmod                
00002aa1  __ashldi3                       
ffffffff  __binit__                       
0000205d  __cmpdf2                        
00001609  __divdf3                        
0000205d  __eqdf2                         
00002611  __extendsfdf2                   
000024b1  __fixdfsi                       
00002925  __floatsidf                     
000029f1  __floatunsidf                   
00001e99  __gedf2                         
00001e99  __gtdf2                         
0000205d  __ledf2                         
0000205d  __ltdf2                         
UNDEFED   __mpu_init                      
00001819  __muldf3                        
00002a15  __muldi3                        
000027c1  __muldsi3                       
0000205d  __nedf2                         
20207e00  __stack                         
20200000  __start___llvm_prf_bits         
20200000  __start___llvm_prf_cnts         
20200000  __stop___llvm_prf_bits          
20200000  __stop___llvm_prf_cnts          
00001219  __subdf3                        
00001f11  __truncdfsf2                    
00001be9  __udivmoddi4                    
000029a1  _c_int00_noargs                 
UNDEFED   _system_post_cinit              
00002c1b  _system_pre_init                
00002c11  abort                           
00002651  atoi                            
ffffffff  binit                           
00002979  delay_ms                        
20200160  delay_times                     
00002251  frexp                           
00002251  frexpl                          
20200000  gPWM_0Backup                    
00001ff1  ina226_data_process             
00002a39  ina226_get_bus_voltage_V        
00001071  ina226_init                     
00000cb1  ina226_read_register            
00001a8d  ina226_set_average              
000019d5  ina226_set_conversion_time      
00001b3d  ina226_set_measure_mode         
00000000  interruptVectors                
2020017b  key_pressed_flag                
000018fd  ldexp                           
000018fd  ldexpl                          
2020017c  led_fast_mode                   
0000258d  main                            
00002a5d  memccpy                         
00001c8b  memcpy                          
0000218f  memset                          
000018fd  scalbn                          
000018fd  scalbnl                         
000027fd  sprintf                         
2020016c  system_time_ms                  
00002749  user_key_process                
00002835  user_uart_init                  
00002691  user_uart_send_string           
00002b9d  wcslen                          


GLOBAL SYMBOLS: SORTED BY Symbol Address 

address   name                            
-------   ----                            
00000000  __TI_ATRegion0_region_sz        
00000000  __TI_ATRegion0_src_addr         
00000000  __TI_ATRegion0_trg_addr         
00000000  __TI_ATRegion1_region_sz        
00000000  __TI_ATRegion1_src_addr         
00000000  __TI_ATRegion1_trg_addr         
00000000  __TI_ATRegion2_region_sz        
00000000  __TI_ATRegion2_src_addr         
00000000  __TI_ATRegion2_trg_addr         
00000000  __TI_static_base__              
00000000  interruptVectors                
000000c1  __TI_printfi                    
00000200  __STACK_SIZE                    
00000cb1  ina226_read_register            
00001071  ina226_init                     
00001219  __aeabi_dsub                    
00001219  __subdf3                        
00001223  __adddf3                        
00001223  __aeabi_dadd                    
000013ab  ADC0_IRQHandler                 
000013ab  ADC1_IRQHandler                 
000013ab  AES_IRQHandler                  
000013ab  CANFD0_IRQHandler               
000013ab  DAC0_IRQHandler                 
000013ab  DMA_IRQHandler                  
000013ab  Default_Handler                 
000013ab  GROUP0_IRQHandler               
000013ab  HardFault_Handler               
000013ab  I2C0_IRQHandler                 
000013ab  I2C1_IRQHandler                 
000013ab  NMI_Handler                     
000013ab  PendSV_Handler                  
000013ab  RTC_IRQHandler                  
000013ab  SPI0_IRQHandler                 
000013ab  SPI1_IRQHandler                 
000013ab  SVC_Handler                     
000013ab  TIMA0_IRQHandler                
000013ab  TIMA1_IRQHandler                
000013ab  TIMG0_IRQHandler                
000013ab  TIMG12_IRQHandler               
000013ab  TIMG6_IRQHandler                
000013ab  TIMG7_IRQHandler                
000013ab  TIMG8_IRQHandler                
000013ab  UART1_IRQHandler                
000013ab  UART2_IRQHandler                
000013ab  UART3_IRQHandler                
00001609  __aeabi_ddiv                    
00001609  __divdf3                        
00001715  DL_Timer_initFourCCPWMMode      
00001819  __aeabi_dmul                    
00001819  __muldf3                        
000018fd  ldexp                           
000018fd  ldexpl                          
000018fd  scalbn                          
000018fd  scalbnl                         
000019d5  ina226_set_conversion_time      
00001a8d  ina226_set_average              
00001b3d  ina226_set_measure_mode         
00001be9  __udivmoddi4                    
00001c8b  memcpy                          
00001d25  SYSCFG_DL_GPIO_init             
00001da1  SYSCFG_DL_UART_0_init           
00001e1d  __TI_decompress_lzss            
00001e99  __gedf2                         
00001e99  __gtdf2                         
00001f0c  C$$EXIT                         
00001f0d  HOSTexit                        
00001f11  __aeabi_d2f                     
00001f11  __truncdfsf2                    
00001f85  SYSCFG_DL_PWM_0_init            
00001ff1  ina226_data_process             
0000205d  __cmpdf2                        
0000205d  __eqdf2                         
0000205d  __ledf2                         
0000205d  __ltdf2                         
0000205d  __nedf2                         
0000212b  __aeabi_idiv0                   
0000212d  __aeabi_dcmpeq                  
00002141  __aeabi_dcmplt                  
00002155  __aeabi_dcmple                  
00002169  __aeabi_dcmpge                  
0000217d  __aeabi_dcmpgt                  
0000218f  memset                          
000021f1  DL_I2C_fillControllerTXFIFO     
0000224f  __aeabi_ldiv0                   
00002251  frexp                           
00002251  frexpl                          
000022ad  __TI_ltoa                       
0000235d  __aeabi_idiv                    
0000235d  __aeabi_idivmod                 
000023b5  SYSCFG_DL_I2C_0_init            
00002409  UART0_IRQHandler                
000024b1  __aeabi_d2iz                    
000024b1  __fixdfsi                       
000024fd  DL_UART_init                    
00002545  SYSCFG_DL_initPower             
0000258d  main                            
000025d1  __aeabi_uidiv                   
000025d1  __aeabi_uidivmod                
00002611  __aeabi_f2d                     
00002611  __extendsfdf2                   
00002651  atoi                            
00002691  user_uart_send_string           
000026d1  DL_I2C_flushControllerTXFIFO    
0000270d  SYSCFG_DL_SYSCTL_init           
00002749  user_key_process                
00002785  __TI_auto_init_nobinit_nopinit  
000027c1  __muldsi3                       
000027fd  sprintf                         
00002835  user_uart_init                  
00002869  DL_I2C_flushControllerRXFIFO    
00002899  SYSCFG_DL_SYSTICK_init          
000028f9  SYSCFG_DL_init                  
00002925  __aeabi_i2d                     
00002925  __floatsidf                     
00002951  GROUP1_IRQHandler               
00002979  delay_ms                        
000029a1  _c_int00_noargs                 
000029c9  DL_I2C_setClockConfig           
000029f1  __aeabi_ui2d                    
000029f1  __floatunsidf                   
00002a15  __aeabi_lmul                    
00002a15  __muldi3                        
00002a39  ina226_get_bus_voltage_V        
00002a5d  memccpy                         
00002a81  SysTick_Handler                 
00002aa1  __aeabi_llsl                    
00002aa1  __ashldi3                       
00002ac1  DL_Timer_setCaptCompUpdateMethod
00002add  DL_Timer_setClockConfig         
00002af9  DL_Timer_setCaptureCompareOutCtl
00002b29  __TI_zero_init_nomemset         
00002b41  __aeabi_uldivmod                
00002b69  DL_UART_setClockConfig          
00002b7b  __TI_decompress_none            
00002b8d  DL_Timer_setCaptureCompareValue 
00002b9d  wcslen                          
00002bad  __aeabi_memset                  
00002bad  __aeabi_memset4                 
00002bad  __aeabi_memset8                 
00002bc9  DL_Common_delayCycles           
00002c01  __aeabi_errno_addr              
00002c09  __aeabi_memcpy                  
00002c09  __aeabi_memcpy4                 
00002c09  __aeabi_memcpy8                 
00002c11  abort                           
00002c17  Reset_Handler                   
00002c1b  _system_pre_init                
00002c20  __aeabi_ctype_table_            
00002c20  __aeabi_ctype_table_C           
00002d80  __TI_Handler_Table_Base         
00002d8c  __TI_Handler_Table_Limit        
00002d9c  __TI_CINIT_Base                 
00002dac  __TI_CINIT_Limit                
00002dac  __TI_CINIT_Warm                 
20200000  __start___llvm_prf_bits         
20200000  __start___llvm_prf_cnts         
20200000  __stop___llvm_prf_bits          
20200000  __stop___llvm_prf_cnts          
20200000  gPWM_0Backup                    
2020015c  __aeabi_errno                   
20200160  delay_times                     
2020016c  system_time_ms                  
2020017b  key_pressed_flag                
2020017c  led_fast_mode                   
20207e00  __stack                         
20208000  __STACK_END                     
ffffffff  __TI_pprof_out_hndl             
ffffffff  __TI_prof_data_size             
ffffffff  __TI_prof_data_start            
ffffffff  __binit__                       
ffffffff  binit                           
UNDEFED   __mpu_init                      
UNDEFED   _system_post_cinit              

[174 symbols]
