******************************************************************************
            TI ARM Clang Linker PC v4.0.3                      
******************************************************************************
>> Linked Mon Jul 21 17:04:22 2025

OUTPUT FILE NAME:   <Basic_Functions.out>
ENTRY POINT SYMBOL: "_c_int00_noargs"  address: 00005799


MEMORY CONFIGURATION

         name            origin    length      used     unused   attr    fill
----------------------  --------  ---------  --------  --------  ----  --------
  FLASH                 00000000   00020000  00006558  00019aa8  R  X
  SRAM                  20200000   00008000  0000056e  00007a92  RW X
  BCR_CONFIG            41c00000   000000ff  00000000  000000ff  R   
  BSL_CONFIG            41c00100   00000080  00000000  00000080  R   


SEGMENT ALLOCATION MAP

run origin  load origin   length   init length attrs members
----------  ----------- ---------- ----------- ----- -------
00000000    00000000    00006558   00006558    r-x
  00000000    00000000    000000c0   000000c0    r-- .intvecs
  000000c0    000000c0    00005a10   00005a10    r-x .text
  00005ad0    00005ad0    00000a50   00000a50    r-- .rodata
  00006520    00006520    00000038   00000038    r-- .cinit
20200000    20200000    0000036e   00000000    rw-
  20200000    20200000    0000033c   00000000    rw- .bss
  2020033c    2020033c    00000032   00000000    rw- .data
20207e00    20207e00    00000200   00000000    rw-
  20207e00    20207e00    00000200   00000000    rw- .stack


SECTION ALLOCATION MAP

 output                                  attributes/
section   page    origin      length       input sections
--------  ----  ----------  ----------   ----------------
.intvecs   0    00000000    000000c0     
                  00000000    000000c0     startup_mspm0g350x_ticlang.o (.intvecs)

.text      0    000000c0    00005a10     
                  000000c0    00000eb0     user_OLED.o (.text.OLED_Init)
                  00000f70    000009d0     libc.a : _printfi.c.obj (.text:__TI_printfi)
                  00001940    00000644            : k_rem_pio2.c.obj (.text.__kernel_rem_pio2)
                  00001f84    00000458            : s_sin.c.obj (.text.sin)
                  000023dc    00000314     user_OLED.o (.text.OLED_ShowChar)
                  000026f0    000002f6     user_OLED.o (.text.OLED_ShowNum)
                  000029e6    00000002     startup_mspm0g350x_ticlang.o (.text.Default_Handler)
                  000029e8    00000220     libc.a : _printfi.c.obj (.text._pconv_a)
                  00002c08    00000210     user_OLED.o (.text.OLED_SetCursor)
                  00002e18    000001dc     libc.a : _printfi.c.obj (.text._pconv_g)
                  00002ff4    000001d4     main.o (.text.main)
                  000031c8    00000194     user_OLED.o (.text.OLED_Clear)
                  0000335c    00000192     libclang_rt.builtins.a : adddf3.S.obj (.text.adddf3_subdf3)
                  000034ee    00000002                            : aeabi_div0.c.obj (.text.__aeabi_idiv0)
                  000034f0    00000168     libc.a : k_sin.c.obj (.text.__kernel_sin)
                  00003658    00000150            : k_cos.c.obj (.text.__kernel_cos)
                  000037a8    00000144     user_DAC.o (.text.DAC_generateSineTable)
                  000038ec    00000144     libc.a : s_floor.c.obj (.text.floor)
                  00003a30    0000013c            : _printfi.c.obj (.text.fcvt)
                  00003b6c    00000120            : _printfi.c.obj (.text._pconv_e)
                  00003c8c    0000010c     libclang_rt.builtins.a : divdf3.S.obj (.text.__divdf3)
                  00003d98    00000104     driverlib.a : dl_timer.o (.text.DL_Timer_initFourCCPWMMode)
                  00003e9c    000000ec     user_Encoder.o (.text.user_encoder_init)
                  00003f88    000000e4     libclang_rt.builtins.a : muldf3.S.obj (.text.__muldf3)
                  0000406c    000000d8     libc.a : s_scalbn.c.obj (.text.scalbn)
                  00004144    000000d8     libclang_rt.builtins.a : addsf3.S.obj (.text)
                  0000421c    000000d0     ti_msp_dl_config.o (.text.SYSCFG_DL_GPIO_init)
                  000042ec    000000c4     user_key.o (.text.GROUP1_IRQHandler)
                  000043b0    000000a2     libclang_rt.builtins.a : udivmoddi4.S.obj (.text)
                  00004452    0000009a     libc.a : memcpy16.S.obj (.text:memcpy)
                  000044ec    00000090     user_Encoder.o (.text.user_encoder_update_dac)
                  0000457c    0000008c     libclang_rt.builtins.a : mulsf3.S.obj (.text.__mulsf3)
                  00004608    00000088     driverlib.a : dl_dac12.o (.text.DL_DAC12_init)
                  00004690    00000082     libclang_rt.builtins.a : divsf3.S.obj (.text.__divsf3)
                  00004712    00000002                            : aeabi_div0.c.obj (.text.__aeabi_ldiv0)
                  00004714    00000080     user_ADC.o (.text.user_adc_read_voltage)
                  00004794    0000007c     ti_msp_dl_config.o (.text.SYSCFG_DL_UART_0_init)
                  00004810    0000007c     libc.a : copy_decompress_lzss.c.obj (.text:decompress:lzss)
                  0000488c    00000074     libclang_rt.builtins.a : comparedf2.c.obj (.text.__gedf2)
                  00004900    00000074                            : truncdfsf2.S.obj (.text.__truncdfsf2)
                  00004974    00000070     user_DAC.o (.text.DAC0_IRQHandler)
                  000049e4    00000070     ti_msp_dl_config.o (.text.SYSCFG_DL_initPower)
                  00004a54    0000006c     ti_msp_dl_config.o (.text.SYSCFG_DL_PWM_0_init)
                  00004ac0    00000068     libclang_rt.builtins.a : comparedf2.c.obj (.text.__ledf2)
                  00004b28    00000066     libc.a : _printfi.c.obj (.text._mcpy)
                  00004b8e    00000002     --HOLE-- [fill = 0]
                  00004b90    00000062     libclang_rt.builtins.a : aeabi_dcmp.S.obj (.text.__aeabi_dcmp)
                  00004bf2    00000002     --HOLE-- [fill = 0]
                  00004bf4    00000062                            : aeabi_fcmp.S.obj (.text.__aeabi_fcmp)
                  00004c56    00000062     libc.a : memset16.S.obj (.text:memset)
                  00004cb8    0000005c            : s_frexp.c.obj (.text.frexp)
                  00004d14    00000058            : _ltoa.c.obj (.text.__TI_ltoa)
                  00004d6c    00000058            : _printfi.c.obj (.text._pconv_f)
                  00004dc4    00000056     libclang_rt.builtins.a : aeabi_idivmod.S.obj (.text.__aeabi_idivmod)
                  00004e1a    00000054     user_OLED.o (.text.OLED_ShowString)
                  00004e6e    00000002     --HOLE-- [fill = 0]
                  00004e70    00000054     ti_msp_dl_config.o (.text.SYSCFG_DL_I2C_0_init)
                  00004ec4    00000054     ti_msp_dl_config.o (.text.SYSCFG_DL_I2C_1_init)
                  00004f18    00000054     user_uart.o (.text.UART0_IRQHandler)
                  00004f6c    00000052     libc.a : _printfi.c.obj (.text._ecpy)
                  00004fbe    00000002     --HOLE-- [fill = 0]
                  00004fc0    00000050     user_DAC.o (.text.DAC_init)
                  00005010    00000050     user_ADC.o (.text.user_adc_init)
                  00005060    0000004c     ti_msp_dl_config.o (.text.SYSCFG_DL_SYSCTL_init)
                  000050ac    0000004c     libc.a : snprintf.c.obj (.text.snprintf)
                  000050f8    0000004a     libclang_rt.builtins.a : fixdfsi.S.obj (.text.__fixdfsi)
                  00005142    00000002     --HOLE-- [fill = 0]
                  00005144    00000048     driverlib.a : dl_uart.o (.text.DL_UART_init)
                  0000518c    00000044     ti_msp_dl_config.o (.text.SYSCFG_DL_ADC12_0_init)
                  000051d0    00000040     driverlib.a : dl_adc12.o (.text.DL_ADC12_setClockConfig)
                  00005210    00000040     libclang_rt.builtins.a : aeabi_uidivmod.S.obj (.text.__aeabi_uidivmod)
                  00005250    00000040                            : extendsfdf2.S.obj (.text.__extendsfdf2)
                  00005290    00000040     libc.a : atoi.c.obj (.text.atoi)
                  000052d0    00000040     user_Encoder.o (.text.user_encoder_voltage_to_dac)
                  00005310    00000040     user_uart.o (.text.user_uart_send_string)
                  00005350    0000003c     libclang_rt.builtins.a : floatsisf.S.obj (.text.__floatsisf)
                  0000538c    0000003c                            : comparesf2.S.obj (.text.__gtsf2)
                  000053c8    0000003c     libc.a : autoinit.c.obj (.text:__TI_auto_init_nobinit_nopinit)
                  00005404    0000003a     libclang_rt.builtins.a : comparesf2.S.obj (.text.__eqsf2)
                  0000543e    00000002     --HOLE-- [fill = 0]
                  00005440    0000003a                            : muldsi3.S.obj (.text.__muldsi3)
                  0000547a    0000003a     delay.o (.text.delay_us)
                  000054b4    00000038     delay.o (.text.DL_Common_delayCycles)
                  000054ec    00000038     ti_msp_dl_config.o (.text.SYSCFG_DL_init)
                  00005524    00000038     libclang_rt.builtins.a : fixsfsi.S.obj (.text.__fixsfsi)
                  0000555c    00000038     libc.a : sprintf.c.obj (.text.sprintf)
                  00005594    00000038     user_Encoder.o (.text.user_encoder_count_to_voltage)
                  000055cc    00000034     user_uart.o (.text.user_uart_init)
                  00005600    00000032     libclang_rt.builtins.a : fixunssfsi.S.obj (.text.__fixunssfsi)
                  00005632    00000002     --HOLE-- [fill = 0]
                  00005634    00000030     ti_msp_dl_config.o (.text.SYSCFG_DL_DAC12_init)
                  00005664    00000030     ti_msp_dl_config.o (.text.SYSCFG_DL_SYSTICK_init)
                  00005694    00000030     libc.a : _printfi.c.obj (.text._fcpy)
                  000056c4    00000030            : snprintf.c.obj (.text._outs)
                  000056f4    0000002c     libclang_rt.builtins.a : floatsidf.S.obj (.text.__floatsidf)
                  00005720    00000028                            : floatunsisf.S.obj (.text.__floatunsisf)
                  00005748    00000028     delay.o (.text.delay_ms)
                  00005770    00000028     firewater_protocol.o (.text.firewater_send_adc_voltage_simple)
                  00005798    00000028     libc.a : boot_cortex_m.c.obj (.text:_c_int00_noargs)
                  000057c0    00000026     driverlib.a : dl_i2c.o (.text.DL_I2C_setClockConfig)
                  000057e6    00000002     --HOLE-- [fill = 0]
                  000057e8    00000024     libclang_rt.builtins.a : muldi3.S.obj (.text.__muldi3)
                  0000580c    00000022     libc.a : memccpy.c.obj (.text.memccpy)
                  0000582e    00000002     --HOLE-- [fill = 0]
                  00005830    00000020     delay.o (.text.SysTick_Handler)
                  00005850    0000001e     libclang_rt.builtins.a : ashldi3.S.obj (.text.__ashldi3)
                  0000586e    00000002     --HOLE-- [fill = 0]
                  00005870    0000001c     user_ADC.o (.text.ADC0_IRQHandler)
                  0000588c    0000001c     driverlib.a : dl_timer.o (.text.DL_Timer_setCaptCompUpdateMethod)
                  000058a8    0000001c                 : dl_timer.o (.text.DL_Timer_setClockConfig)
                  000058c4    00000018                 : dl_timer.o (.text.DL_Timer_setCaptureCompareOutCtl)
                  000058dc    00000018     libc.a : snprintf.c.obj (.text._outc)
                  000058f4    00000018            : sprintf.c.obj (.text._outs)
                  0000590c    00000018     user_Encoder.o (.text.user_encoder_is_changed)
                  00005924    00000016     libc.a : k_rem_pio2.c.obj (.text.OUTLINED_FUNCTION_0)
                  0000593a    00000002     --HOLE-- [fill = 0]
                  0000593c    00000010     libclang_rt.builtins.a : adddf3.S.obj (.tramp.__aeabi_dadd.1)
                  0000594c    00000016     libc.a : copy_zero_init.c.obj (.text:decompress:ZI:__TI_zero_init_nomemset)
                  00005962    00000002     --HOLE-- [fill = 0]
                  00005964    00000014     libclang_rt.builtins.a : aeabi_uldivmod.S.obj (.text.__aeabi_uldivmod)
                  00005978    00000014     libc.a : _printfi.c.obj (.text.strchr)
                  0000598c    00000012     driverlib.a : dl_uart.o (.text.DL_UART_setClockConfig)
                  0000599e    00000012     libc.a : copy_decompress_none.c.obj (.text:decompress:none)
                  000059b0    00000010     driverlib.a : dl_timer.o (.text.DL_Timer_setCaptureCompareValue)
                  000059c0    00000010     libc.a : k_rem_pio2.c.obj (.text.OUTLINED_FUNCTION_2)
                  000059d0    00000010            : wcslen.c.obj (.text.wcslen)
                  000059e0    0000000e            : s_sin.c.obj (.text.OUTLINED_FUNCTION_1)
                  000059ee    00000002     --HOLE-- [fill = 0]
                  000059f0    00000010     libclang_rt.builtins.a : adddf3.S.obj (.tramp.__aeabi_dsub.1)
                  00005a00    0000000e     libc.a : s_sin.c.obj (.text.OUTLINED_FUNCTION_2)
                  00005a0e    00000002     --HOLE-- [fill = 0]
                  00005a10    0000000e     libclang_rt.builtins.a : aeabi_memset.S.obj (.text.__aeabi_memset)
                  00005a1e    0000000e     libc.a : _printfi.c.obj (.text.strlen)
                  00005a2c    0000000c     delay.o (.text.get_system_time_ms)
                  00005a38    0000000c     user_Encoder.o (.text.user_encoder_get_count)
                  00005a44    0000000a     libc.a : _printfi.c.obj (.text.OUTLINED_FUNCTION_0)
                  00005a4e    0000000a            : _printfi.c.obj (.text.OUTLINED_FUNCTION_1)
                  00005a58    0000000a            : k_rem_pio2.c.obj (.text.OUTLINED_FUNCTION_1)
                  00005a62    0000000a            : sprintf.c.obj (.text._outc)
                  00005a6c    00000008            : aeabi_portable.c.obj (.text.__aeabi_errno_addr)
                  00005a74    00000008     libclang_rt.builtins.a : aeabi_memcpy.S.obj (.text.__aeabi_memcpy)
                  00005a7c    00000006     libc.a : k_cos.c.obj (.text.OUTLINED_FUNCTION_0)
                  00005a82    00000002     --HOLE-- [fill = 0]
                  00005a84    00000010     libclang_rt.builtins.a : muldf3.S.obj (.tramp.__aeabi_dmul.1)
                  00005a94    00000006     libc.a : k_sin.c.obj (.text.OUTLINED_FUNCTION_0)
                  00005a9a    00000006            : s_sin.c.obj (.text.OUTLINED_FUNCTION_0)
                  00005aa0    00000006            : s_sin.c.obj (.text.OUTLINED_FUNCTION_4)
                  00005aa6    00000006            : s_sin.c.obj (.text.OUTLINED_FUNCTION_6)
                  00005aac    00000006            : exit.c.obj (.text:abort)
                  00005ab2    00000004     libsysbm.a : hostexit.c.obj (.text.HOSTexit)
                  00005ab6    00000004     libc.a : s_sin.c.obj (.text.OUTLINED_FUNCTION_3)
                  00005aba    00000004            : s_sin.c.obj (.text.OUTLINED_FUNCTION_5)
                  00005abe    00000004     startup_mspm0g350x_ticlang.o (.text.Reset_Handler)
                  00005ac2    00000004     libc.a : pre_init.c.obj (.text._system_pre_init)
                  00005ac6    0000000a     --HOLE-- [fill = 0]

.cinit     0    00006520    00000038     
                  00006520    00000014     (.cinit..data.load) [load image, compression = lzss]
                  00006534    0000000c     (__TI_handler_table)
                  00006540    00000008     (.cinit..bss.load) [load image, compression = zero_init]
                  00006548    00000010     (__TI_cinit_table)

.rodata    0    00005ad0    00000a50     
                  00005ad0    000005f0     user_OLED.o (.rodata.OLED_F8x16)
                  000060c0    00000108     libc.a : k_rem_pio2.c.obj (.rodata.ipio2)
                  000061c8    00000008     ti_msp_dl_config.o (.rodata.gADC12_0ClockConfig)
                  000061d0    00000101     libc.a : aeabi_ctype.S.obj (.rodata:__aeabi_ctype_table_)
                  000062d1    00000006     firewater_protocol.o (.rodata.str1.10715872328318410522.1)
                  000062d7    00000001     --HOLE-- [fill = 0]
                  000062d8    00000040     libc.a : k_rem_pio2.c.obj (.rodata.PIo2)
                  00006318    0000002c     main.o (.rodata.str1.14402440632258215044.1)
                  00006344    0000002b     main.o (.rodata.str1.9059077390166914652.1)
                  0000636f    0000002a     main.o (.rodata.str1.15159059442110792349.1)
                  00006399    00000023     main.o (.rodata.str1.2123964117280943167.1)
                  000063bc    00000022     main.o (.rodata.str1.15996357275703397564.1)
                  000063de    00000002     ti_msp_dl_config.o (.rodata.gI2C_0ClockConfig)
                  000063e0    00000020     ti_msp_dl_config.o (.rodata.gDAC12Config)
                  00006400    0000001f     user_DAC.o (.rodata.str1.12834663716613434149.1)
                  0000641f    00000017     main.o (.rodata.str1.8154729771448623357.1)
                  00006436    00000016     main.o (.rodata.str1.16265332423659789559.1)
                  0000644c    00000016     user_Encoder.o (.rodata.str1.18065448981264922867.1)
                  00006462    00000013     main.o (.rodata.str1.288608917962107522.1)
                  00006475    00000012     main.o (.rodata.str1.14112174005742061988.1)
                  00006487    00000012     main.o (.rodata.str1.7702501944640899365.1)
                  00006499    00000011     libc.a : _printfi.c.obj (.rodata.str1.10348868589481759720.1)
                  000064aa    00000011            : _printfi.c.obj (.rodata.str1.15363888844622738466.1)
                  000064bb    00000001     --HOLE-- [fill = 0]
                  000064bc    00000010            : k_rem_pio2.c.obj (.rodata.cst16)
                  000064cc    0000000c     main.o (.rodata.str1.17100691992556644108.1)
                  000064d8    0000000b     main.o (.rodata.str1.18227636981041470289.1)
                  000064e3    0000000b     main.o (.rodata.str1.2846389346932560359.1)
                  000064ee    0000000a     ti_msp_dl_config.o (.rodata.gUART_0Config)
                  000064f8    0000000a     main.o (.rodata.str1.12180500075719773345.1)
                  00006502    00000002     ti_msp_dl_config.o (.rodata.gI2C_1ClockConfig)
                  00006504    00000008     ti_msp_dl_config.o (.rodata.gPWM_0Config)
                  0000650c    00000003     ti_msp_dl_config.o (.rodata.gPWM_0ClockConfig)
                  0000650f    00000002     ti_msp_dl_config.o (.rodata.gUART_0ClockConfig)
                  00006511    0000000f     --HOLE-- [fill = 0]

.init_array 
*          0    00000000    00000000     UNINITIALIZED

.binit     0    00000000    00000000     

.bss       0    20200000    0000033c     UNINITIALIZED
                  20200000    00000200     user_DAC.o (.bss.sine_table)
                  20200200    000000bc     (.common:gPWM_0Backup)
                  202002bc    00000080     user_uart.o (.bss.rx_buffer)

.data      0    2020033c    00000032     UNINITIALIZED
                  2020033c    00000010     user_Encoder.o (.data.g_encoder_state)
                  2020034c    00000004     libc.a : aeabi_portable.c.obj (.data.__aeabi_errno)
                  20200350    00000004     delay.o (.data.delay_times)
                  20200354    00000004     user_DAC.o (.data.interrupt_count)
                  20200358    00000004     user_uart.o (.data.irq_counter)
                  2020035c    00000004     user_DAC.o (.data.sine_index)
                  20200360    00000004     main.o (.data.system_time_ms)
                  20200364    00000002     user_uart.o (.data.rx_count)
                  20200366    00000002     user_uart.o (.data.rx_head)
                  20200368    00000002     user_uart.o (.data.rx_tail)
                  2020036a    00000001     user_DAC.o (.data.dac_running)
                  2020036b    00000001     user_ADC.o (.data.gCheckADC)
                  2020036c    00000001     user_key.o (.data.key_pressed_flag)
                  2020036d    00000001     main.o (.data.main.oled_update_step)

.stack     0    20207e00    00000200     UNINITIALIZED
                  20207e00    00000004     libc.a : boot_cortex_m.c.obj (.stack)
                  20207e04    000001fc     --HOLE--

__llvm_prf_cnts 
*          0    20200000    00000000     UNINITIALIZED

__llvm_prf_bits 
*          0    20200000    00000000     UNINITIALIZED

MODULE SUMMARY

       Module                         code    ro data   rw data
       ------                         ----    -------   -------
    .\
       ti_msp_dl_config.o             1016    67        188    
       main.o                         468     342       5      
       startup_mspm0g350x_ticlang.o   6       192       0      
    +--+------------------------------+-------+---------+---------+
       Total:                         1490    601       193    
                                                               
    .\user\
       user_OLED.o                    6322    1520      0      
       user_DAC.o                     516     31        521    
       user_Encoder.o                 536     22        16     
       user_uart.o                    200     0         138    
       user_ADC.o                     236     0         1      
       delay.o                        198     0         4      
       user_key.o                     196     0         1      
       firewater_protocol.o           40      6         0      
    +--+------------------------------+-------+---------+---------+
       Total:                         8244    1579      681    
                                                               
    D:/ti/mspm0_sdk_2_05_00_05/source/ti/driverlib/lib/ticlang/m0p/mspm0g1x0x_g3x0x/driverlib.a
       dl_timer.o                     356     0         0      
       dl_dac12.o                     136     0         0      
       dl_uart.o                      90      0         0      
       dl_adc12.o                     64      0         0      
       dl_i2c.o                       38      0         0      
    +--+------------------------------+-------+---------+---------+
       Total:                         684     0         0      
                                                               
    D:\ti\ccs2020\ccs\tools\compiler\ti-cgt-armllvm_4.0.3.LTS\lib\armv6m-ti-none-eabi/c/libc.a
       _printfi.c.obj                 4510    34        0      
       k_rem_pio2.c.obj               1652    344       0      
       s_sin.c.obj                    1166    0         0      
       k_sin.c.obj                    366     0         0      
       k_cos.c.obj                    342     0         0      
       s_floor.c.obj                  324     0         0      
       aeabi_ctype.S.obj              0       257       0      
       s_scalbn.c.obj                 216     0         0      
       memcpy16.S.obj                 154     0         0      
       snprintf.c.obj                 148     0         0      
       copy_decompress_lzss.c.obj     124     0         0      
       memset16.S.obj                 98      0         0      
       s_frexp.c.obj                  92      0         0      
       sprintf.c.obj                  90      0         0      
       _ltoa.c.obj                    88      0         0      
       atoi.c.obj                     64      0         0      
       autoinit.c.obj                 60      0         0      
       boot_cortex_m.c.obj            40      0         0      
       memccpy.c.obj                  34      0         0      
       copy_zero_init.c.obj           22      0         0      
       copy_decompress_none.c.obj     18      0         0      
       wcslen.c.obj                   16      0         0      
       aeabi_portable.c.obj           8       0         4      
       exit.c.obj                     6       0         0      
       pre_init.c.obj                 4       0         0      
    +--+------------------------------+-------+---------+---------+
       Total:                         9642    635       4      
                                                               
    D:\ti\ccs2020\ccs\tools\compiler\ti-cgt-armllvm_4.0.3.LTS\lib\armv6m-ti-none-eabi/c/libsysbm.a
       hostexit.c.obj                 4       0         0      
    +--+------------------------------+-------+---------+---------+
       Total:                         4       0         0      
                                                               
    D:\ti\ccs2020\ccs\tools\compiler\ti-cgt-armllvm_4.0.3.LTS\lib\armv6m-ti-none-eabi/libclang_rt.builtins.a
       adddf3.S.obj                   434     0         0      
       divdf3.S.obj                   268     0         0      
       muldf3.S.obj                   244     0         0      
       comparedf2.c.obj               220     0         0      
       addsf3.S.obj                   216     0         0      
       udivmoddi4.S.obj               162     0         0      
       mulsf3.S.obj                   140     0         0      
       divsf3.S.obj                   130     0         0      
       comparesf2.S.obj               118     0         0      
       truncdfsf2.S.obj               116     0         0      
       aeabi_dcmp.S.obj               98      0         0      
       aeabi_fcmp.S.obj               98      0         0      
       aeabi_idivmod.S.obj            86      0         0      
       fixdfsi.S.obj                  74      0         0      
       aeabi_uidivmod.S.obj           64      0         0      
       extendsfdf2.S.obj              64      0         0      
       floatsisf.S.obj                60      0         0      
       muldsi3.S.obj                  58      0         0      
       fixsfsi.S.obj                  56      0         0      
       fixunssfsi.S.obj               50      0         0      
       floatsidf.S.obj                44      0         0      
       floatunsisf.S.obj              40      0         0      
       muldi3.S.obj                   36      0         0      
       ashldi3.S.obj                  30      0         0      
       aeabi_uldivmod.S.obj           20      0         0      
       aeabi_memset.S.obj             14      0         0      
       aeabi_memcpy.S.obj             8       0         0      
       aeabi_div0.c.obj               4       0         0      
    +--+------------------------------+-------+---------+---------+
       Total:                         2952    0         0      
                                                               
       Stack:                         0       0         512    
       Linker Generated:              0       56        0      
    +--+------------------------------+-------+---------+---------+
       Grand Total:                   23016   2871      1390   


LINKER GENERATED COPY TABLES

__TI_cinit_table @ 00006548 records: 2, size/record: 8, table size: 16
	.data: load addr=00006520, load size=00000014 bytes, run addr=2020033c, run size=00000032 bytes, compression=lzss
	.bss: load addr=00006540, load size=00000008 bytes, run addr=20200000, run size=0000033c bytes, compression=zero_init


LINKER GENERATED HANDLER TABLE

__TI_handler_table @ 00006534 records: 3, size/record: 4, table size: 12
	index: 0, handler: __TI_decompress_lzss
	index: 1, handler: __TI_decompress_none
	index: 2, handler: __TI_zero_init


FAR CALL TRAMPOLINES

callee name               trampoline name
   callee addr  tramp addr   call addr  call info
--------------  -----------  ---------  ----------------
__aeabi_dadd              $Tramp$TT$L$PI$$__aeabi_dadd
   00003367     0000593c     00005938   libc.a : k_rem_pio2.c.obj (.text.OUTLINED_FUNCTION_0)
                             00005a60          : k_rem_pio2.c.obj (.text.OUTLINED_FUNCTION_1)
                             00005a9e          : s_sin.c.obj (.text.OUTLINED_FUNCTION_0)
                             00005ab8          : s_sin.c.obj (.text.OUTLINED_FUNCTION_3)
__aeabi_dsub              $Tramp$TT$L$PI$$__aeabi_dsub
   0000335d     000059f0     000059ec   libc.a : s_sin.c.obj (.text.OUTLINED_FUNCTION_1)
                             00005a0c          : s_sin.c.obj (.text.OUTLINED_FUNCTION_2)
                             00005a4c          : _printfi.c.obj (.text.OUTLINED_FUNCTION_0)
                             00005aaa          : s_sin.c.obj (.text.OUTLINED_FUNCTION_6)
                             00005abc          : s_sin.c.obj (.text.OUTLINED_FUNCTION_5)
__aeabi_dmul              $Tramp$TT$L$PI$$__aeabi_dmul
   00003f89     00005a84     00005a80   libc.a : k_cos.c.obj (.text.OUTLINED_FUNCTION_0)
                             00005a98          : k_sin.c.obj (.text.OUTLINED_FUNCTION_0)
                             00005aa4          : s_sin.c.obj (.text.OUTLINED_FUNCTION_4)

[3 trampolines]
[12 trampoline calls]


GLOBAL SYMBOLS: SORTED ALPHABETICALLY BY Name 

address   name                             
-------   ----                             
00005871  ADC0_IRQHandler                  
000029e7  ADC1_IRQHandler                  
000029e7  AES_IRQHandler                   
00005ab2  C$$EXIT                          
000029e7  CANFD0_IRQHandler                
00004975  DAC0_IRQHandler                  
000037a9  DAC_generateSineTable            
00004fc1  DAC_init                         
000051d1  DL_ADC12_setClockConfig          
000054b5  DL_Common_delayCycles            
00004609  DL_DAC12_init                    
000057c1  DL_I2C_setClockConfig            
00003d99  DL_Timer_initFourCCPWMMode       
0000588d  DL_Timer_setCaptCompUpdateMethod 
000058c5  DL_Timer_setCaptureCompareOutCtl 
000059b1  DL_Timer_setCaptureCompareValue  
000058a9  DL_Timer_setClockConfig          
00005145  DL_UART_init                     
0000598d  DL_UART_setClockConfig           
000029e7  DMA_IRQHandler                   
000029e7  Default_Handler                  
000029e7  GROUP0_IRQHandler                
000042ed  GROUP1_IRQHandler                
00005ab3  HOSTexit                         
000029e7  HardFault_Handler                
000029e7  I2C0_IRQHandler                  
000029e7  I2C1_IRQHandler                  
000029e7  NMI_Handler                      
000031c9  OLED_Clear                       
00005ad0  OLED_F8x16                       
000000c1  OLED_Init                        
00002c09  OLED_SetCursor                   
000023dd  OLED_ShowChar                    
000026f1  OLED_ShowNum                     
00004e1b  OLED_ShowString                  
000029e7  PendSV_Handler                   
000029e7  RTC_IRQHandler                   
00005abf  Reset_Handler                    
000029e7  SPI0_IRQHandler                  
000029e7  SPI1_IRQHandler                  
000029e7  SVC_Handler                      
0000518d  SYSCFG_DL_ADC12_0_init           
00005635  SYSCFG_DL_DAC12_init             
0000421d  SYSCFG_DL_GPIO_init              
00004e71  SYSCFG_DL_I2C_0_init             
00004ec5  SYSCFG_DL_I2C_1_init             
00004a55  SYSCFG_DL_PWM_0_init             
00005061  SYSCFG_DL_SYSCTL_init            
00005665  SYSCFG_DL_SYSTICK_init           
00004795  SYSCFG_DL_UART_0_init            
000054ed  SYSCFG_DL_init                   
000049e5  SYSCFG_DL_initPower              
00005831  SysTick_Handler                  
000029e7  TIMA0_IRQHandler                 
000029e7  TIMA1_IRQHandler                 
000029e7  TIMG0_IRQHandler                 
000029e7  TIMG12_IRQHandler                
000029e7  TIMG6_IRQHandler                 
000029e7  TIMG7_IRQHandler                 
000029e7  TIMG8_IRQHandler                 
00004f19  UART0_IRQHandler                 
000029e7  UART1_IRQHandler                 
000029e7  UART2_IRQHandler                 
000029e7  UART3_IRQHandler                 
20208000  __STACK_END                      
00000200  __STACK_SIZE                     
00000000  __TI_ATRegion0_region_sz         
00000000  __TI_ATRegion0_src_addr          
00000000  __TI_ATRegion0_trg_addr          
00000000  __TI_ATRegion1_region_sz         
00000000  __TI_ATRegion1_src_addr          
00000000  __TI_ATRegion1_trg_addr          
00000000  __TI_ATRegion2_region_sz         
00000000  __TI_ATRegion2_src_addr          
00000000  __TI_ATRegion2_trg_addr          
00006548  __TI_CINIT_Base                  
00006558  __TI_CINIT_Limit                 
00006558  __TI_CINIT_Warm                  
00006534  __TI_Handler_Table_Base          
00006540  __TI_Handler_Table_Limit         
000053c9  __TI_auto_init_nobinit_nopinit   
00004811  __TI_decompress_lzss             
0000599f  __TI_decompress_none             
00004d15  __TI_ltoa                        
ffffffff  __TI_pprof_out_hndl              
00000f71  __TI_printfi                     
ffffffff  __TI_prof_data_size              
ffffffff  __TI_prof_data_start             
00000000  __TI_static_base__               
0000594d  __TI_zero_init_nomemset          
00003367  __adddf3                         
0000414f  __addsf3                         
000061d0  __aeabi_ctype_table_             
000061d0  __aeabi_ctype_table_C            
00004901  __aeabi_d2f                      
000050f9  __aeabi_d2iz                     
00003367  __aeabi_dadd                     
00004b91  __aeabi_dcmpeq                   
00004bcd  __aeabi_dcmpge                   
00004be1  __aeabi_dcmpgt                   
00004bb9  __aeabi_dcmple                   
00004ba5  __aeabi_dcmplt                   
00003c8d  __aeabi_ddiv                     
00003f89  __aeabi_dmul                     
0000335d  __aeabi_dsub                     
2020034c  __aeabi_errno                    
00005a6d  __aeabi_errno_addr               
00005251  __aeabi_f2d                      
00005525  __aeabi_f2iz                     
00005601  __aeabi_f2uiz                    
0000414f  __aeabi_fadd                     
00004bf5  __aeabi_fcmpeq                   
00004c31  __aeabi_fcmpge                   
00004c45  __aeabi_fcmpgt                   
00004c1d  __aeabi_fcmple                   
00004c09  __aeabi_fcmplt                   
00004691  __aeabi_fdiv                     
0000457d  __aeabi_fmul                     
00004145  __aeabi_fsub                     
000056f5  __aeabi_i2d                      
00005351  __aeabi_i2f                      
00004dc5  __aeabi_idiv                     
000034ef  __aeabi_idiv0                    
00004dc5  __aeabi_idivmod                  
00004713  __aeabi_ldiv0                    
00005851  __aeabi_llsl                     
000057e9  __aeabi_lmul                     
00005a75  __aeabi_memcpy                   
00005a75  __aeabi_memcpy4                  
00005a75  __aeabi_memcpy8                  
00005a11  __aeabi_memset                   
00005a11  __aeabi_memset4                  
00005a11  __aeabi_memset8                  
00005721  __aeabi_ui2f                     
00005211  __aeabi_uidiv                    
00005211  __aeabi_uidivmod                 
00005965  __aeabi_uldivmod                 
00005851  __ashldi3                        
ffffffff  __binit__                        
00004ac1  __cmpdf2                         
00005405  __cmpsf2                         
00003c8d  __divdf3                         
00004691  __divsf3                         
00004ac1  __eqdf2                          
00005405  __eqsf2                          
00005251  __extendsfdf2                    
000050f9  __fixdfsi                        
00005525  __fixsfsi                        
00005601  __fixunssfsi                     
000056f5  __floatsidf                      
00005351  __floatsisf                      
00005721  __floatunsisf                    
0000488d  __gedf2                          
0000538d  __gesf2                          
0000488d  __gtdf2                          
0000538d  __gtsf2                          
00003659  __kernel_cos                     
00001941  __kernel_rem_pio2                
000034f1  __kernel_sin                     
00004ac1  __ledf2                          
00005405  __lesf2                          
00004ac1  __ltdf2                          
00005405  __ltsf2                          
UNDEFED   __mpu_init                       
00003f89  __muldf3                         
000057e9  __muldi3                         
00005441  __muldsi3                        
0000457d  __mulsf3                         
00004ac1  __nedf2                          
00005405  __nesf2                          
20207e00  __stack                          
20200000  __start___llvm_prf_bits          
20200000  __start___llvm_prf_cnts          
20200000  __stop___llvm_prf_bits           
20200000  __stop___llvm_prf_cnts           
0000335d  __subdf3                         
00004145  __subsf3                         
00004901  __truncdfsf2                     
000043b1  __udivmoddi4                     
00005799  _c_int00_noargs                  
UNDEFED   _system_post_cinit               
00005ac3  _system_pre_init                 
00005aad  abort                            
00005291  atoi                             
ffffffff  binit                            
00005749  delay_ms                         
20200350  delay_times                      
0000547b  delay_us                         
00005771  firewater_send_adc_voltage_simple
000038ed  floor                            
000038ed  floorl                           
00004cb9  frexp                            
00004cb9  frexpl                           
2020036b  gCheckADC                        
20200200  gPWM_0Backup                     
2020033c  g_encoder_state                  
00005a2d  get_system_time_ms               
00000000  interruptVectors                 
2020036c  key_pressed_flag                 
0000406d  ldexp                            
0000406d  ldexpl                           
00002ff5  main                             
0000580d  memccpy                          
00004453  memcpy                           
00004c57  memset                           
0000406d  scalbn                           
0000406d  scalbnl                          
00001f85  sin                              
00001f85  sinl                             
000050ad  snprintf                         
0000555d  sprintf                          
20200360  system_time_ms                   
00005011  user_adc_init                    
00004715  user_adc_read_voltage            
00005595  user_encoder_count_to_voltage    
00005a39  user_encoder_get_count           
00003e9d  user_encoder_init                
0000590d  user_encoder_is_changed          
000044ed  user_encoder_update_dac          
000052d1  user_encoder_voltage_to_dac      
000055cd  user_uart_init                   
00005311  user_uart_send_string            
000059d1  wcslen                           


GLOBAL SYMBOLS: SORTED BY Symbol Address 

address   name                             
-------   ----                             
00000000  __TI_ATRegion0_region_sz         
00000000  __TI_ATRegion0_src_addr          
00000000  __TI_ATRegion0_trg_addr          
00000000  __TI_ATRegion1_region_sz         
00000000  __TI_ATRegion1_src_addr          
00000000  __TI_ATRegion1_trg_addr          
00000000  __TI_ATRegion2_region_sz         
00000000  __TI_ATRegion2_src_addr          
00000000  __TI_ATRegion2_trg_addr          
00000000  __TI_static_base__               
00000000  interruptVectors                 
000000c1  OLED_Init                        
00000200  __STACK_SIZE                     
00000f71  __TI_printfi                     
00001941  __kernel_rem_pio2                
00001f85  sin                              
00001f85  sinl                             
000023dd  OLED_ShowChar                    
000026f1  OLED_ShowNum                     
000029e7  ADC1_IRQHandler                  
000029e7  AES_IRQHandler                   
000029e7  CANFD0_IRQHandler                
000029e7  DMA_IRQHandler                   
000029e7  Default_Handler                  
000029e7  GROUP0_IRQHandler                
000029e7  HardFault_Handler                
000029e7  I2C0_IRQHandler                  
000029e7  I2C1_IRQHandler                  
000029e7  NMI_Handler                      
000029e7  PendSV_Handler                   
000029e7  RTC_IRQHandler                   
000029e7  SPI0_IRQHandler                  
000029e7  SPI1_IRQHandler                  
000029e7  SVC_Handler                      
000029e7  TIMA0_IRQHandler                 
000029e7  TIMA1_IRQHandler                 
000029e7  TIMG0_IRQHandler                 
000029e7  TIMG12_IRQHandler                
000029e7  TIMG6_IRQHandler                 
000029e7  TIMG7_IRQHandler                 
000029e7  TIMG8_IRQHandler                 
000029e7  UART1_IRQHandler                 
000029e7  UART2_IRQHandler                 
000029e7  UART3_IRQHandler                 
00002c09  OLED_SetCursor                   
00002ff5  main                             
000031c9  OLED_Clear                       
0000335d  __aeabi_dsub                     
0000335d  __subdf3                         
00003367  __adddf3                         
00003367  __aeabi_dadd                     
000034ef  __aeabi_idiv0                    
000034f1  __kernel_sin                     
00003659  __kernel_cos                     
000037a9  DAC_generateSineTable            
000038ed  floor                            
000038ed  floorl                           
00003c8d  __aeabi_ddiv                     
00003c8d  __divdf3                         
00003d99  DL_Timer_initFourCCPWMMode       
00003e9d  user_encoder_init                
00003f89  __aeabi_dmul                     
00003f89  __muldf3                         
0000406d  ldexp                            
0000406d  ldexpl                           
0000406d  scalbn                           
0000406d  scalbnl                          
00004145  __aeabi_fsub                     
00004145  __subsf3                         
0000414f  __addsf3                         
0000414f  __aeabi_fadd                     
0000421d  SYSCFG_DL_GPIO_init              
000042ed  GROUP1_IRQHandler                
000043b1  __udivmoddi4                     
00004453  memcpy                           
000044ed  user_encoder_update_dac          
0000457d  __aeabi_fmul                     
0000457d  __mulsf3                         
00004609  DL_DAC12_init                    
00004691  __aeabi_fdiv                     
00004691  __divsf3                         
00004713  __aeabi_ldiv0                    
00004715  user_adc_read_voltage            
00004795  SYSCFG_DL_UART_0_init            
00004811  __TI_decompress_lzss             
0000488d  __gedf2                          
0000488d  __gtdf2                          
00004901  __aeabi_d2f                      
00004901  __truncdfsf2                     
00004975  DAC0_IRQHandler                  
000049e5  SYSCFG_DL_initPower              
00004a55  SYSCFG_DL_PWM_0_init             
00004ac1  __cmpdf2                         
00004ac1  __eqdf2                          
00004ac1  __ledf2                          
00004ac1  __ltdf2                          
00004ac1  __nedf2                          
00004b91  __aeabi_dcmpeq                   
00004ba5  __aeabi_dcmplt                   
00004bb9  __aeabi_dcmple                   
00004bcd  __aeabi_dcmpge                   
00004be1  __aeabi_dcmpgt                   
00004bf5  __aeabi_fcmpeq                   
00004c09  __aeabi_fcmplt                   
00004c1d  __aeabi_fcmple                   
00004c31  __aeabi_fcmpge                   
00004c45  __aeabi_fcmpgt                   
00004c57  memset                           
00004cb9  frexp                            
00004cb9  frexpl                           
00004d15  __TI_ltoa                        
00004dc5  __aeabi_idiv                     
00004dc5  __aeabi_idivmod                  
00004e1b  OLED_ShowString                  
00004e71  SYSCFG_DL_I2C_0_init             
00004ec5  SYSCFG_DL_I2C_1_init             
00004f19  UART0_IRQHandler                 
00004fc1  DAC_init                         
00005011  user_adc_init                    
00005061  SYSCFG_DL_SYSCTL_init            
000050ad  snprintf                         
000050f9  __aeabi_d2iz                     
000050f9  __fixdfsi                        
00005145  DL_UART_init                     
0000518d  SYSCFG_DL_ADC12_0_init           
000051d1  DL_ADC12_setClockConfig          
00005211  __aeabi_uidiv                    
00005211  __aeabi_uidivmod                 
00005251  __aeabi_f2d                      
00005251  __extendsfdf2                    
00005291  atoi                             
000052d1  user_encoder_voltage_to_dac      
00005311  user_uart_send_string            
00005351  __aeabi_i2f                      
00005351  __floatsisf                      
0000538d  __gesf2                          
0000538d  __gtsf2                          
000053c9  __TI_auto_init_nobinit_nopinit   
00005405  __cmpsf2                         
00005405  __eqsf2                          
00005405  __lesf2                          
00005405  __ltsf2                          
00005405  __nesf2                          
00005441  __muldsi3                        
0000547b  delay_us                         
000054b5  DL_Common_delayCycles            
000054ed  SYSCFG_DL_init                   
00005525  __aeabi_f2iz                     
00005525  __fixsfsi                        
0000555d  sprintf                          
00005595  user_encoder_count_to_voltage    
000055cd  user_uart_init                   
00005601  __aeabi_f2uiz                    
00005601  __fixunssfsi                     
00005635  SYSCFG_DL_DAC12_init             
00005665  SYSCFG_DL_SYSTICK_init           
000056f5  __aeabi_i2d                      
000056f5  __floatsidf                      
00005721  __aeabi_ui2f                     
00005721  __floatunsisf                    
00005749  delay_ms                         
00005771  firewater_send_adc_voltage_simple
00005799  _c_int00_noargs                  
000057c1  DL_I2C_setClockConfig            
000057e9  __aeabi_lmul                     
000057e9  __muldi3                         
0000580d  memccpy                          
00005831  SysTick_Handler                  
00005851  __aeabi_llsl                     
00005851  __ashldi3                        
00005871  ADC0_IRQHandler                  
0000588d  DL_Timer_setCaptCompUpdateMethod 
000058a9  DL_Timer_setClockConfig          
000058c5  DL_Timer_setCaptureCompareOutCtl 
0000590d  user_encoder_is_changed          
0000594d  __TI_zero_init_nomemset          
00005965  __aeabi_uldivmod                 
0000598d  DL_UART_setClockConfig           
0000599f  __TI_decompress_none             
000059b1  DL_Timer_setCaptureCompareValue  
000059d1  wcslen                           
00005a11  __aeabi_memset                   
00005a11  __aeabi_memset4                  
00005a11  __aeabi_memset8                  
00005a2d  get_system_time_ms               
00005a39  user_encoder_get_count           
00005a6d  __aeabi_errno_addr               
00005a75  __aeabi_memcpy                   
00005a75  __aeabi_memcpy4                  
00005a75  __aeabi_memcpy8                  
00005aad  abort                            
00005ab2  C$$EXIT                          
00005ab3  HOSTexit                         
00005abf  Reset_Handler                    
00005ac3  _system_pre_init                 
00005ad0  OLED_F8x16                       
000061d0  __aeabi_ctype_table_             
000061d0  __aeabi_ctype_table_C            
00006534  __TI_Handler_Table_Base          
00006540  __TI_Handler_Table_Limit         
00006548  __TI_CINIT_Base                  
00006558  __TI_CINIT_Limit                 
00006558  __TI_CINIT_Warm                  
20200000  __start___llvm_prf_bits          
20200000  __start___llvm_prf_cnts          
20200000  __stop___llvm_prf_bits           
20200000  __stop___llvm_prf_cnts           
20200200  gPWM_0Backup                     
2020033c  g_encoder_state                  
2020034c  __aeabi_errno                    
20200350  delay_times                      
20200360  system_time_ms                   
2020036b  gCheckADC                        
2020036c  key_pressed_flag                 
20207e00  __stack                          
20208000  __STACK_END                      
ffffffff  __TI_pprof_out_hndl              
ffffffff  __TI_prof_data_size              
ffffffff  __TI_prof_data_start             
ffffffff  __binit__                        
ffffffff  binit                            
UNDEFED   __mpu_init                       
UNDEFED   _system_post_cinit               

[223 symbols]
