<?xml version="1.0" encoding="ISO-8859-1" ?>
<link_info>
   <banner>TI ARM Clang Linker PC v4.0.3.LTS</banner>
   <copyright>Copyright (c) 1996-2018 Texas Instruments Incorporated</copyright>
   <command_line>D:\ti\ccs2020\ccs\tools\compiler\ti-cgt-armllvm_4.0.3.LTS\bin\tiarmlnk -ID:\ti\ccs2020\ccs\tools\compiler\ti-cgt-armllvm_4.0.3.LTS\lib -o Basic_Functions.out -mBasic_Functions.map -iD:/ti/mspm0_sdk_2_05_00_05/source -iD:/ti/workspace/Basic_Functions -iD:/ti/workspace/Basic_Functions/Debug/syscfg -iD:/ti/ccs2020/ccs/tools/compiler/ti-cgt-armllvm_4.0.3.LTS/lib --diag_wrap=off --display_error_number --warn_sections --xml_link_info=Basic_Functions_linkInfo.xml --rom_model ./ti_msp_dl_config.o ./startup_mspm0g350x_ticlang.o ./main.o ./user/delay.o ./user/firewater_protocol.o ./user/user_ADC.o ./user/user_DAC.o ./user/user_Encoder.o ./user/user_INA226.o ./user/user_OLED.o ./user/user_current_sensor.o ./user/user_key.o ./user/user_uart.o -l./device_linker.cmd -ldevice.cmd.genlibs -llibc.a --start-group -llibc++.a -llibc++abi.a -llibc.a -llibsys.a -llibsysbm.a -llibclang_rt.builtins.a -llibclang_rt.profile.a --end-group --cg_opt_level=2</command_line>
   <link_time>0x687e3923</link_time>
   <link_errors>0x0</link_errors>
   <output_file>D:\ti\workspace\Basic_Functions\Debug\Basic_Functions.out</output_file>
   <entry_point>
      <name>_c_int00_noargs</name>
      <address>0x4b59</address>
   </entry_point>
   <input_file_list>
      <input_file id="fl-1">
         <path>D:\ti\workspace\Basic_Functions\Debug\.\</path>
         <kind>object</kind>
         <file>ti_msp_dl_config.o</file>
         <name>ti_msp_dl_config.o</name>
      </input_file>
      <input_file id="fl-2">
         <path>D:\ti\workspace\Basic_Functions\Debug\.\</path>
         <kind>object</kind>
         <file>startup_mspm0g350x_ticlang.o</file>
         <name>startup_mspm0g350x_ticlang.o</name>
      </input_file>
      <input_file id="fl-3">
         <path>D:\ti\workspace\Basic_Functions\Debug\.\</path>
         <kind>object</kind>
         <file>main.o</file>
         <name>main.o</name>
      </input_file>
      <input_file id="fl-4">
         <path>D:\ti\workspace\Basic_Functions\Debug\.\user\</path>
         <kind>object</kind>
         <file>delay.o</file>
         <name>delay.o</name>
      </input_file>
      <input_file id="fl-5">
         <path>D:\ti\workspace\Basic_Functions\Debug\.\user\</path>
         <kind>object</kind>
         <file>firewater_protocol.o</file>
         <name>firewater_protocol.o</name>
      </input_file>
      <input_file id="fl-6">
         <path>D:\ti\workspace\Basic_Functions\Debug\.\user\</path>
         <kind>object</kind>
         <file>user_ADC.o</file>
         <name>user_ADC.o</name>
      </input_file>
      <input_file id="fl-7">
         <path>D:\ti\workspace\Basic_Functions\Debug\.\user\</path>
         <kind>object</kind>
         <file>user_DAC.o</file>
         <name>user_DAC.o</name>
      </input_file>
      <input_file id="fl-8">
         <path>D:\ti\workspace\Basic_Functions\Debug\.\user\</path>
         <kind>object</kind>
         <file>user_Encoder.o</file>
         <name>user_Encoder.o</name>
      </input_file>
      <input_file id="fl-9">
         <path>D:\ti\workspace\Basic_Functions\Debug\.\user\</path>
         <kind>object</kind>
         <file>user_INA226.o</file>
         <name>user_INA226.o</name>
      </input_file>
      <input_file id="fl-a">
         <path>D:\ti\workspace\Basic_Functions\Debug\.\user\</path>
         <kind>object</kind>
         <file>user_OLED.o</file>
         <name>user_OLED.o</name>
      </input_file>
      <input_file id="fl-b">
         <path>D:\ti\workspace\Basic_Functions\Debug\.\user\</path>
         <kind>object</kind>
         <file>user_current_sensor.o</file>
         <name>user_current_sensor.o</name>
      </input_file>
      <input_file id="fl-c">
         <path>D:\ti\workspace\Basic_Functions\Debug\.\user\</path>
         <kind>object</kind>
         <file>user_key.o</file>
         <name>user_key.o</name>
      </input_file>
      <input_file id="fl-d">
         <path>D:\ti\workspace\Basic_Functions\Debug\.\user\</path>
         <kind>object</kind>
         <file>user_uart.o</file>
         <name>user_uart.o</name>
      </input_file>
      <input_file id="fl-1a">
         <path>D:\ti\workspace\Basic_Functions\Debug\</path>
         <kind>object</kind>
         <file>&lt;internal&gt;</file>
         <name>&lt;internal&gt;</name>
      </input_file>
      <input_file id="fl-1b">
         <path>D:\ti\mspm0_sdk_2_05_00_05\source\ti\driverlib\lib\ticlang\m0p\mspm0g1x0x_g3x0x\</path>
         <kind>archive</kind>
         <file>driverlib.a</file>
         <name>dl_adc12.o</name>
      </input_file>
      <input_file id="fl-1c">
         <path>D:\ti\mspm0_sdk_2_05_00_05\source\ti\driverlib\lib\ticlang\m0p\mspm0g1x0x_g3x0x\</path>
         <kind>archive</kind>
         <file>driverlib.a</file>
         <name>dl_dac12.o</name>
      </input_file>
      <input_file id="fl-1d">
         <path>D:\ti\mspm0_sdk_2_05_00_05\source\ti\driverlib\lib\ticlang\m0p\mspm0g1x0x_g3x0x\</path>
         <kind>archive</kind>
         <file>driverlib.a</file>
         <name>dl_i2c.o</name>
      </input_file>
      <input_file id="fl-1e">
         <path>D:\ti\mspm0_sdk_2_05_00_05\source\ti\driverlib\lib\ticlang\m0p\mspm0g1x0x_g3x0x\</path>
         <kind>archive</kind>
         <file>driverlib.a</file>
         <name>dl_timer.o</name>
      </input_file>
      <input_file id="fl-1f">
         <path>D:\ti\mspm0_sdk_2_05_00_05\source\ti\driverlib\lib\ticlang\m0p\mspm0g1x0x_g3x0x\</path>
         <kind>archive</kind>
         <file>driverlib.a</file>
         <name>dl_uart.o</name>
      </input_file>
      <input_file id="fl-36">
         <path>D:\ti\ccs2020\ccs\tools\compiler\ti-cgt-armllvm_4.0.3.LTS\lib\armv6m-ti-none-eabi\c\</path>
         <kind>archive</kind>
         <file>libc.a</file>
         <name>snprintf.c.obj</name>
      </input_file>
      <input_file id="fl-37">
         <path>D:\ti\ccs2020\ccs\tools\compiler\ti-cgt-armllvm_4.0.3.LTS\lib\armv6m-ti-none-eabi\c\</path>
         <kind>archive</kind>
         <file>libc.a</file>
         <name>sprintf.c.obj</name>
      </input_file>
      <input_file id="fl-38">
         <path>D:\ti\ccs2020\ccs\tools\compiler\ti-cgt-armllvm_4.0.3.LTS\lib\armv6m-ti-none-eabi\c\</path>
         <kind>archive</kind>
         <file>libc.a</file>
         <name>s_sin.c.obj</name>
      </input_file>
      <input_file id="fl-39">
         <path>D:\ti\ccs2020\ccs\tools\compiler\ti-cgt-armllvm_4.0.3.LTS\lib\armv6m-ti-none-eabi\c\</path>
         <kind>archive</kind>
         <file>libc.a</file>
         <name>k_rem_pio2.c.obj</name>
      </input_file>
      <input_file id="fl-3a">
         <path>D:\ti\ccs2020\ccs\tools\compiler\ti-cgt-armllvm_4.0.3.LTS\lib\armv6m-ti-none-eabi\c\</path>
         <kind>archive</kind>
         <file>libc.a</file>
         <name>boot_cortex_m.c.obj</name>
      </input_file>
      <input_file id="fl-3b">
         <path>D:\ti\ccs2020\ccs\tools\compiler\ti-cgt-armllvm_4.0.3.LTS\lib\armv6m-ti-none-eabi\c\</path>
         <kind>archive</kind>
         <file>libc.a</file>
         <name>mathacl_init.c.obj</name>
      </input_file>
      <input_file id="fl-3c">
         <path>D:\ti\ccs2020\ccs\tools\compiler\ti-cgt-armllvm_4.0.3.LTS\lib\armv6m-ti-none-eabi\c\</path>
         <kind>archive</kind>
         <file>libc.a</file>
         <name>autoinit.c.obj</name>
      </input_file>
      <input_file id="fl-3d">
         <path>D:\ti\ccs2020\ccs\tools\compiler\ti-cgt-armllvm_4.0.3.LTS\lib\armv6m-ti-none-eabi\c\</path>
         <kind>archive</kind>
         <file>libc.a</file>
         <name>pre_init.c.obj</name>
      </input_file>
      <input_file id="fl-3e">
         <path>D:\ti\ccs2020\ccs\tools\compiler\ti-cgt-armllvm_4.0.3.LTS\lib\armv6m-ti-none-eabi\c\</path>
         <kind>archive</kind>
         <file>libc.a</file>
         <name>cpy_tbl.c.obj</name>
      </input_file>
      <input_file id="fl-3f">
         <path>D:\ti\ccs2020\ccs\tools\compiler\ti-cgt-armllvm_4.0.3.LTS\lib\armv6m-ti-none-eabi\c\</path>
         <kind>archive</kind>
         <file>libc.a</file>
         <name>copy_zero_init.c.obj</name>
      </input_file>
      <input_file id="fl-40">
         <path>D:\ti\ccs2020\ccs\tools\compiler\ti-cgt-armllvm_4.0.3.LTS\lib\armv6m-ti-none-eabi\c\</path>
         <kind>archive</kind>
         <file>libc.a</file>
         <name>copy_decompress_none.c.obj</name>
      </input_file>
      <input_file id="fl-41">
         <path>D:\ti\ccs2020\ccs\tools\compiler\ti-cgt-armllvm_4.0.3.LTS\lib\armv6m-ti-none-eabi\c\</path>
         <kind>archive</kind>
         <file>libc.a</file>
         <name>copy_decompress_lzss.c.obj</name>
      </input_file>
      <input_file id="fl-42">
         <path>D:\ti\ccs2020\ccs\tools\compiler\ti-cgt-armllvm_4.0.3.LTS\lib\armv6m-ti-none-eabi\c\</path>
         <kind>archive</kind>
         <file>libc.a</file>
         <name>_printfi.c.obj</name>
      </input_file>
      <input_file id="fl-43">
         <path>D:\ti\ccs2020\ccs\tools\compiler\ti-cgt-armllvm_4.0.3.LTS\lib\armv6m-ti-none-eabi\c\</path>
         <kind>archive</kind>
         <file>libc.a</file>
         <name>k_cos.c.obj</name>
      </input_file>
      <input_file id="fl-44">
         <path>D:\ti\ccs2020\ccs\tools\compiler\ti-cgt-armllvm_4.0.3.LTS\lib\armv6m-ti-none-eabi\c\</path>
         <kind>archive</kind>
         <file>libc.a</file>
         <name>k_sin.c.obj</name>
      </input_file>
      <input_file id="fl-45">
         <path>D:\ti\ccs2020\ccs\tools\compiler\ti-cgt-armllvm_4.0.3.LTS\lib\armv6m-ti-none-eabi\c\</path>
         <kind>archive</kind>
         <file>libc.a</file>
         <name>s_floor.c.obj</name>
      </input_file>
      <input_file id="fl-46">
         <path>D:\ti\ccs2020\ccs\tools\compiler\ti-cgt-armllvm_4.0.3.LTS\lib\armv6m-ti-none-eabi\c\</path>
         <kind>archive</kind>
         <file>libc.a</file>
         <name>s_frexp.c.obj</name>
      </input_file>
      <input_file id="fl-47">
         <path>D:\ti\ccs2020\ccs\tools\compiler\ti-cgt-armllvm_4.0.3.LTS\lib\armv6m-ti-none-eabi\c\</path>
         <kind>archive</kind>
         <file>libc.a</file>
         <name>s_scalbn.c.obj</name>
      </input_file>
      <input_file id="fl-48">
         <path>D:\ti\ccs2020\ccs\tools\compiler\ti-cgt-armllvm_4.0.3.LTS\lib\armv6m-ti-none-eabi\c\</path>
         <kind>archive</kind>
         <file>libc.a</file>
         <name>wcslen.c.obj</name>
      </input_file>
      <input_file id="fl-49">
         <path>D:\ti\ccs2020\ccs\tools\compiler\ti-cgt-armllvm_4.0.3.LTS\lib\armv6m-ti-none-eabi\c\</path>
         <kind>archive</kind>
         <file>libc.a</file>
         <name>aeabi_portable.c.obj</name>
      </input_file>
      <input_file id="fl-4a">
         <path>D:\ti\ccs2020\ccs\tools\compiler\ti-cgt-armllvm_4.0.3.LTS\lib\armv6m-ti-none-eabi\c\</path>
         <kind>archive</kind>
         <file>libc.a</file>
         <name>exit.c.obj</name>
      </input_file>
      <input_file id="fl-4b">
         <path>D:\ti\ccs2020\ccs\tools\compiler\ti-cgt-armllvm_4.0.3.LTS\lib\armv6m-ti-none-eabi\c\</path>
         <kind>archive</kind>
         <file>libc.a</file>
         <name>_lock.c.obj</name>
      </input_file>
      <input_file id="fl-4c">
         <path>D:\ti\ccs2020\ccs\tools\compiler\ti-cgt-armllvm_4.0.3.LTS\lib\armv6m-ti-none-eabi\c\</path>
         <kind>archive</kind>
         <file>libc.a</file>
         <name>_ltoa.c.obj</name>
      </input_file>
      <input_file id="fl-4d">
         <path>D:\ti\ccs2020\ccs\tools\compiler\ti-cgt-armllvm_4.0.3.LTS\lib\armv6m-ti-none-eabi\c\</path>
         <kind>archive</kind>
         <file>libc.a</file>
         <name>args_main.c.obj</name>
      </input_file>
      <input_file id="fl-4e">
         <path>D:\ti\ccs2020\ccs\tools\compiler\ti-cgt-armllvm_4.0.3.LTS\lib\armv6m-ti-none-eabi\c\</path>
         <kind>archive</kind>
         <file>libc.a</file>
         <name>assert.c.obj</name>
      </input_file>
      <input_file id="fl-4f">
         <path>D:\ti\ccs2020\ccs\tools\compiler\ti-cgt-armllvm_4.0.3.LTS\lib\armv6m-ti-none-eabi\c\</path>
         <kind>archive</kind>
         <file>libc.a</file>
         <name>atoi.c.obj</name>
      </input_file>
      <input_file id="fl-50">
         <path>D:\ti\ccs2020\ccs\tools\compiler\ti-cgt-armllvm_4.0.3.LTS\lib\armv6m-ti-none-eabi\c\</path>
         <kind>archive</kind>
         <file>libc.a</file>
         <name>defs.c.obj</name>
      </input_file>
      <input_file id="fl-51">
         <path>D:\ti\ccs2020\ccs\tools\compiler\ti-cgt-armllvm_4.0.3.LTS\lib\armv6m-ti-none-eabi\c\</path>
         <kind>archive</kind>
         <file>libc.a</file>
         <name>memccpy.c.obj</name>
      </input_file>
      <input_file id="fl-52">
         <path>D:\ti\ccs2020\ccs\tools\compiler\ti-cgt-armllvm_4.0.3.LTS\lib\armv6m-ti-none-eabi\c\</path>
         <kind>archive</kind>
         <file>libc.a</file>
         <name>memory.c.obj</name>
      </input_file>
      <input_file id="fl-53">
         <path>D:\ti\ccs2020\ccs\tools\compiler\ti-cgt-armllvm_4.0.3.LTS\lib\armv6m-ti-none-eabi\c\</path>
         <kind>archive</kind>
         <file>libc.a</file>
         <name>fflush.c.obj</name>
      </input_file>
      <input_file id="fl-54">
         <path>D:\ti\ccs2020\ccs\tools\compiler\ti-cgt-armllvm_4.0.3.LTS\lib\armv6m-ti-none-eabi\c\</path>
         <kind>archive</kind>
         <file>libc.a</file>
         <name>fputs.c.obj</name>
      </input_file>
      <input_file id="fl-55">
         <path>D:\ti\ccs2020\ccs\tools\compiler\ti-cgt-armllvm_4.0.3.LTS\lib\armv6m-ti-none-eabi\c\</path>
         <kind>archive</kind>
         <file>libc.a</file>
         <name>_io_perm.c.obj</name>
      </input_file>
      <input_file id="fl-56">
         <path>D:\ti\ccs2020\ccs\tools\compiler\ti-cgt-armllvm_4.0.3.LTS\lib\armv6m-ti-none-eabi\c\</path>
         <kind>archive</kind>
         <file>libc.a</file>
         <name>setvbuf.c.obj</name>
      </input_file>
      <input_file id="fl-57">
         <path>D:\ti\ccs2020\ccs\tools\compiler\ti-cgt-armllvm_4.0.3.LTS\lib\armv6m-ti-none-eabi\c\</path>
         <kind>archive</kind>
         <file>libc.a</file>
         <name>aeabi_ctype.S.obj</name>
      </input_file>
      <input_file id="fl-58">
         <path>D:\ti\ccs2020\ccs\tools\compiler\ti-cgt-armllvm_4.0.3.LTS\lib\armv6m-ti-none-eabi\c\</path>
         <kind>archive</kind>
         <file>libc.a</file>
         <name>fopen.c.obj</name>
      </input_file>
      <input_file id="fl-59">
         <path>D:\ti\ccs2020\ccs\tools\compiler\ti-cgt-armllvm_4.0.3.LTS\lib\armv6m-ti-none-eabi\c\</path>
         <kind>archive</kind>
         <file>libc.a</file>
         <name>fseek.c.obj</name>
      </input_file>
      <input_file id="fl-5a">
         <path>D:\ti\ccs2020\ccs\tools\compiler\ti-cgt-armllvm_4.0.3.LTS\lib\armv6m-ti-none-eabi\c\</path>
         <kind>archive</kind>
         <file>libc.a</file>
         <name>fclose.c.obj</name>
      </input_file>
      <input_file id="fl-fa">
         <path>D:\ti\ccs2020\ccs\tools\compiler\ti-cgt-armllvm_4.0.3.LTS\lib\armv6m-ti-none-eabi\c\</path>
         <kind>archive</kind>
         <file>libsysbm.a</file>
         <name>hostexit.c.obj</name>
      </input_file>
      <input_file id="fl-fb">
         <path>D:\ti\ccs2020\ccs\tools\compiler\ti-cgt-armllvm_4.0.3.LTS\lib\armv6m-ti-none-eabi\c\</path>
         <kind>archive</kind>
         <file>libsysbm.a</file>
         <name>write.c.obj</name>
      </input_file>
      <input_file id="fl-fc">
         <path>D:\ti\ccs2020\ccs\tools\compiler\ti-cgt-armllvm_4.0.3.LTS\lib\armv6m-ti-none-eabi\c\</path>
         <kind>archive</kind>
         <file>libsysbm.a</file>
         <name>host_device.c.obj</name>
      </input_file>
      <input_file id="fl-fd">
         <path>D:\ti\ccs2020\ccs\tools\compiler\ti-cgt-armllvm_4.0.3.LTS\lib\armv6m-ti-none-eabi\c\</path>
         <kind>archive</kind>
         <file>libsysbm.a</file>
         <name>remove.c.obj</name>
      </input_file>
      <input_file id="fl-fe">
         <path>D:\ti\ccs2020\ccs\tools\compiler\ti-cgt-armllvm_4.0.3.LTS\lib\armv6m-ti-none-eabi\c\</path>
         <kind>archive</kind>
         <file>libsysbm.a</file>
         <name>open.c.obj</name>
      </input_file>
      <input_file id="fl-ff">
         <path>D:\ti\ccs2020\ccs\tools\compiler\ti-cgt-armllvm_4.0.3.LTS\lib\armv6m-ti-none-eabi\c\</path>
         <kind>archive</kind>
         <file>libsysbm.a</file>
         <name>lseek.c.obj</name>
      </input_file>
      <input_file id="fl-100">
         <path>D:\ti\ccs2020\ccs\tools\compiler\ti-cgt-armllvm_4.0.3.LTS\lib\armv6m-ti-none-eabi\c\</path>
         <kind>archive</kind>
         <file>libsysbm.a</file>
         <name>close.c.obj</name>
      </input_file>
      <input_file id="fl-101">
         <path>D:\ti\ccs2020\ccs\tools\compiler\ti-cgt-armllvm_4.0.3.LTS\lib\armv6m-ti-none-eabi\c\</path>
         <kind>archive</kind>
         <file>libsysbm.a</file>
         <name>unlink.c.obj</name>
      </input_file>
      <input_file id="fl-102">
         <path>D:\ti\ccs2020\ccs\tools\compiler\ti-cgt-armllvm_4.0.3.LTS\lib\armv6m-ti-none-eabi\c\</path>
         <kind>archive</kind>
         <file>libsysbm.a</file>
         <name>hostclose.c.obj</name>
      </input_file>
      <input_file id="fl-103">
         <path>D:\ti\ccs2020\ccs\tools\compiler\ti-cgt-armllvm_4.0.3.LTS\lib\armv6m-ti-none-eabi\c\</path>
         <kind>archive</kind>
         <file>libsysbm.a</file>
         <name>hostlseek.c.obj</name>
      </input_file>
      <input_file id="fl-104">
         <path>D:\ti\ccs2020\ccs\tools\compiler\ti-cgt-armllvm_4.0.3.LTS\lib\armv6m-ti-none-eabi\c\</path>
         <kind>archive</kind>
         <file>libsysbm.a</file>
         <name>hostopen.c.obj</name>
      </input_file>
      <input_file id="fl-105">
         <path>D:\ti\ccs2020\ccs\tools\compiler\ti-cgt-armllvm_4.0.3.LTS\lib\armv6m-ti-none-eabi\c\</path>
         <kind>archive</kind>
         <file>libsysbm.a</file>
         <name>hostread.c.obj</name>
      </input_file>
      <input_file id="fl-106">
         <path>D:\ti\ccs2020\ccs\tools\compiler\ti-cgt-armllvm_4.0.3.LTS\lib\armv6m-ti-none-eabi\c\</path>
         <kind>archive</kind>
         <file>libsysbm.a</file>
         <name>hostrename.c.obj</name>
      </input_file>
      <input_file id="fl-107">
         <path>D:\ti\ccs2020\ccs\tools\compiler\ti-cgt-armllvm_4.0.3.LTS\lib\armv6m-ti-none-eabi\c\</path>
         <kind>archive</kind>
         <file>libsysbm.a</file>
         <name>hostunlink.c.obj</name>
      </input_file>
      <input_file id="fl-108">
         <path>D:\ti\ccs2020\ccs\tools\compiler\ti-cgt-armllvm_4.0.3.LTS\lib\armv6m-ti-none-eabi\c\</path>
         <kind>archive</kind>
         <file>libsysbm.a</file>
         <name>hostwrite.c.obj</name>
      </input_file>
      <input_file id="fl-109">
         <path>D:\ti\ccs2020\ccs\tools\compiler\ti-cgt-armllvm_4.0.3.LTS\lib\armv6m-ti-none-eabi\c\</path>
         <kind>archive</kind>
         <file>libsysbm.a</file>
         <name>trgmsg.c.obj</name>
      </input_file>
      <input_file id="fl-10a">
         <path>D:\ti\ccs2020\ccs\tools\compiler\ti-cgt-armllvm_4.0.3.LTS\lib\armv6m-ti-none-eabi\</path>
         <kind>archive</kind>
         <file>libclang_rt.builtins.a</file>
         <name>addsf3.S.obj</name>
      </input_file>
      <input_file id="fl-10b">
         <path>D:\ti\ccs2020\ccs\tools\compiler\ti-cgt-armllvm_4.0.3.LTS\lib\armv6m-ti-none-eabi\</path>
         <kind>archive</kind>
         <file>libclang_rt.builtins.a</file>
         <name>adddf3.S.obj</name>
      </input_file>
      <input_file id="fl-10c">
         <path>D:\ti\ccs2020\ccs\tools\compiler\ti-cgt-armllvm_4.0.3.LTS\lib\armv6m-ti-none-eabi\</path>
         <kind>archive</kind>
         <file>libclang_rt.builtins.a</file>
         <name>muldf3.S.obj</name>
      </input_file>
      <input_file id="fl-10d">
         <path>D:\ti\ccs2020\ccs\tools\compiler\ti-cgt-armllvm_4.0.3.LTS\lib\armv6m-ti-none-eabi\</path>
         <kind>archive</kind>
         <file>libclang_rt.builtins.a</file>
         <name>muldsi3.S.obj</name>
      </input_file>
      <input_file id="fl-10e">
         <path>D:\ti\ccs2020\ccs\tools\compiler\ti-cgt-armllvm_4.0.3.LTS\lib\armv6m-ti-none-eabi\</path>
         <kind>archive</kind>
         <file>libclang_rt.builtins.a</file>
         <name>mulsf3.S.obj</name>
      </input_file>
      <input_file id="fl-10f">
         <path>D:\ti\ccs2020\ccs\tools\compiler\ti-cgt-armllvm_4.0.3.LTS\lib\armv6m-ti-none-eabi\</path>
         <kind>archive</kind>
         <file>libclang_rt.builtins.a</file>
         <name>divsf3.S.obj</name>
      </input_file>
      <input_file id="fl-110">
         <path>D:\ti\ccs2020\ccs\tools\compiler\ti-cgt-armllvm_4.0.3.LTS\lib\armv6m-ti-none-eabi\</path>
         <kind>archive</kind>
         <file>libclang_rt.builtins.a</file>
         <name>divdf3.S.obj</name>
      </input_file>
      <input_file id="fl-111">
         <path>D:\ti\ccs2020\ccs\tools\compiler\ti-cgt-armllvm_4.0.3.LTS\lib\armv6m-ti-none-eabi\</path>
         <kind>archive</kind>
         <file>libclang_rt.builtins.a</file>
         <name>extendsfdf2.S.obj</name>
      </input_file>
      <input_file id="fl-112">
         <path>D:\ti\ccs2020\ccs\tools\compiler\ti-cgt-armllvm_4.0.3.LTS\lib\armv6m-ti-none-eabi\</path>
         <kind>archive</kind>
         <file>libclang_rt.builtins.a</file>
         <name>fixdfsi.S.obj</name>
      </input_file>
      <input_file id="fl-113">
         <path>D:\ti\ccs2020\ccs\tools\compiler\ti-cgt-armllvm_4.0.3.LTS\lib\armv6m-ti-none-eabi\</path>
         <kind>archive</kind>
         <file>libclang_rt.builtins.a</file>
         <name>fixsfsi.S.obj</name>
      </input_file>
      <input_file id="fl-114">
         <path>D:\ti\ccs2020\ccs\tools\compiler\ti-cgt-armllvm_4.0.3.LTS\lib\armv6m-ti-none-eabi\</path>
         <kind>archive</kind>
         <file>libclang_rt.builtins.a</file>
         <name>fixunssfsi.S.obj</name>
      </input_file>
      <input_file id="fl-115">
         <path>D:\ti\ccs2020\ccs\tools\compiler\ti-cgt-armllvm_4.0.3.LTS\lib\armv6m-ti-none-eabi\</path>
         <kind>archive</kind>
         <file>libclang_rt.builtins.a</file>
         <name>floatsidf.S.obj</name>
      </input_file>
      <input_file id="fl-116">
         <path>D:\ti\ccs2020\ccs\tools\compiler\ti-cgt-armllvm_4.0.3.LTS\lib\armv6m-ti-none-eabi\</path>
         <kind>archive</kind>
         <file>libclang_rt.builtins.a</file>
         <name>floatsisf.S.obj</name>
      </input_file>
      <input_file id="fl-117">
         <path>D:\ti\ccs2020\ccs\tools\compiler\ti-cgt-armllvm_4.0.3.LTS\lib\armv6m-ti-none-eabi\</path>
         <kind>archive</kind>
         <file>libclang_rt.builtins.a</file>
         <name>floatunsidf.S.obj</name>
      </input_file>
      <input_file id="fl-118">
         <path>D:\ti\ccs2020\ccs\tools\compiler\ti-cgt-armllvm_4.0.3.LTS\lib\armv6m-ti-none-eabi\</path>
         <kind>archive</kind>
         <file>libclang_rt.builtins.a</file>
         <name>floatunsisf.S.obj</name>
      </input_file>
      <input_file id="fl-119">
         <path>D:\ti\ccs2020\ccs\tools\compiler\ti-cgt-armllvm_4.0.3.LTS\lib\armv6m-ti-none-eabi\</path>
         <kind>archive</kind>
         <file>libclang_rt.builtins.a</file>
         <name>muldi3.S.obj</name>
      </input_file>
      <input_file id="fl-11a">
         <path>D:\ti\ccs2020\ccs\tools\compiler\ti-cgt-armllvm_4.0.3.LTS\lib\armv6m-ti-none-eabi\</path>
         <kind>archive</kind>
         <file>libclang_rt.builtins.a</file>
         <name>truncdfsf2.S.obj</name>
      </input_file>
      <input_file id="fl-11b">
         <path>D:\ti\ccs2020\ccs\tools\compiler\ti-cgt-armllvm_4.0.3.LTS\lib\armv6m-ti-none-eabi\</path>
         <kind>archive</kind>
         <file>libclang_rt.builtins.a</file>
         <name>aeabi_dcmp.S.obj</name>
      </input_file>
      <input_file id="fl-11c">
         <path>D:\ti\ccs2020\ccs\tools\compiler\ti-cgt-armllvm_4.0.3.LTS\lib\armv6m-ti-none-eabi\</path>
         <kind>archive</kind>
         <file>libclang_rt.builtins.a</file>
         <name>aeabi_fcmp.S.obj</name>
      </input_file>
      <input_file id="fl-11d">
         <path>D:\ti\ccs2020\ccs\tools\compiler\ti-cgt-armllvm_4.0.3.LTS\lib\armv6m-ti-none-eabi\</path>
         <kind>archive</kind>
         <file>libclang_rt.builtins.a</file>
         <name>aeabi_idivmod.S.obj</name>
      </input_file>
      <input_file id="fl-11e">
         <path>D:\ti\ccs2020\ccs\tools\compiler\ti-cgt-armllvm_4.0.3.LTS\lib\armv6m-ti-none-eabi\</path>
         <kind>archive</kind>
         <file>libclang_rt.builtins.a</file>
         <name>aeabi_memcpy.S.obj</name>
      </input_file>
      <input_file id="fl-11f">
         <path>D:\ti\ccs2020\ccs\tools\compiler\ti-cgt-armllvm_4.0.3.LTS\lib\armv6m-ti-none-eabi\</path>
         <kind>archive</kind>
         <file>libclang_rt.builtins.a</file>
         <name>aeabi_memset.S.obj</name>
      </input_file>
      <input_file id="fl-120">
         <path>D:\ti\ccs2020\ccs\tools\compiler\ti-cgt-armllvm_4.0.3.LTS\lib\armv6m-ti-none-eabi\</path>
         <kind>archive</kind>
         <file>libclang_rt.builtins.a</file>
         <name>aeabi_uidivmod.S.obj</name>
      </input_file>
      <input_file id="fl-121">
         <path>D:\ti\ccs2020\ccs\tools\compiler\ti-cgt-armllvm_4.0.3.LTS\lib\armv6m-ti-none-eabi\</path>
         <kind>archive</kind>
         <file>libclang_rt.builtins.a</file>
         <name>aeabi_uldivmod.S.obj</name>
      </input_file>
      <input_file id="fl-122">
         <path>D:\ti\ccs2020\ccs\tools\compiler\ti-cgt-armllvm_4.0.3.LTS\lib\armv6m-ti-none-eabi\</path>
         <kind>archive</kind>
         <file>libclang_rt.builtins.a</file>
         <name>comparesf2.S.obj</name>
      </input_file>
      <input_file id="fl-123">
         <path>D:\ti\ccs2020\ccs\tools\compiler\ti-cgt-armllvm_4.0.3.LTS\lib\armv6m-ti-none-eabi\</path>
         <kind>archive</kind>
         <file>libclang_rt.builtins.a</file>
         <name>udivmoddi4.S.obj</name>
      </input_file>
      <input_file id="fl-124">
         <path>D:\ti\ccs2020\ccs\tools\compiler\ti-cgt-armllvm_4.0.3.LTS\lib\armv6m-ti-none-eabi\</path>
         <kind>archive</kind>
         <file>libclang_rt.builtins.a</file>
         <name>ashldi3.S.obj</name>
      </input_file>
      <input_file id="fl-125">
         <path>D:\ti\ccs2020\ccs\tools\compiler\ti-cgt-armllvm_4.0.3.LTS\lib\armv6m-ti-none-eabi\</path>
         <kind>archive</kind>
         <file>libclang_rt.builtins.a</file>
         <name>comparedf2.c.obj</name>
      </input_file>
      <input_file id="fl-126">
         <path>D:\ti\ccs2020\ccs\tools\compiler\ti-cgt-armllvm_4.0.3.LTS\lib\armv6m-ti-none-eabi\</path>
         <kind>archive</kind>
         <file>libclang_rt.builtins.a</file>
         <name>aeabi_div0.c.obj</name>
      </input_file>
      <input_file id="fl-127">
         <path>D:\ti\ccs2020\ccs\tools\compiler\ti-cgt-armllvm_4.0.3.LTS\lib\armv6m-ti-none-eabi\c\</path>
         <kind>archive</kind>
         <file>libc.a</file>
         <name>getdevice.c.obj</name>
      </input_file>
      <input_file id="fl-128">
         <path>D:\ti\ccs2020\ccs\tools\compiler\ti-cgt-armllvm_4.0.3.LTS\lib\armv6m-ti-none-eabi\c\</path>
         <kind>archive</kind>
         <file>libc.a</file>
         <name>memcpy16.S.obj</name>
      </input_file>
      <input_file id="fl-129">
         <path>D:\ti\ccs2020\ccs\tools\compiler\ti-cgt-armllvm_4.0.3.LTS\lib\armv6m-ti-none-eabi\c\</path>
         <kind>archive</kind>
         <file>libc.a</file>
         <name>memset16.S.obj</name>
      </input_file>
      <input_file id="fl-12a">
         <path>D:\ti\ccs2020\ccs\tools\compiler\ti-cgt-armllvm_4.0.3.LTS\lib\armv6m-ti-none-eabi\c\</path>
         <kind>archive</kind>
         <file>libc.a</file>
         <name>strcmp-armv6m.S.obj</name>
      </input_file>
   </input_file_list>
   <object_component_list>
      <object_component id="oc-18">
         <name>.intvecs</name>
         <load_address>0x0</load_address>
         <readonly>true</readonly>
         <run_address>0x0</run_address>
         <size>0xc0</size>
         <alignment>0x4</alignment>
         <input_file_ref idref="fl-2"/>
      </object_component>
      <object_component id="oc-d8">
         <name>.text.OLED_Init</name>
         <load_address>0xc0</load_address>
         <readonly>true</readonly>
         <executable>true</executable>
         <run_address>0xc0</run_address>
         <size>0xeb0</size>
         <alignment>0x4</alignment>
         <input_file_ref idref="fl-a"/>
      </object_component>
      <object_component id="oc-1c3">
         <name>.text:__TI_printfi</name>
         <load_address>0xf70</load_address>
         <readonly>true</readonly>
         <executable>true</executable>
         <run_address>0xf70</run_address>
         <size>0x9d0</size>
         <alignment>0x4</alignment>
         <input_file_ref idref="fl-42"/>
      </object_component>
      <object_component id="oc-e8">
         <name>.text.OLED_ShowFloat</name>
         <load_address>0x1940</load_address>
         <readonly>true</readonly>
         <executable>true</executable>
         <run_address>0x1940</run_address>
         <size>0x6ac</size>
         <alignment>0x2</alignment>
         <input_file_ref idref="fl-a"/>
      </object_component>
      <object_component id="oc-a1">
         <name>.text.main</name>
         <load_address>0x1fec</load_address>
         <readonly>true</readonly>
         <executable>true</executable>
         <run_address>0x1fec</run_address>
         <size>0x31c</size>
         <alignment>0x4</alignment>
         <input_file_ref idref="fl-3"/>
      </object_component>
      <object_component id="oc-162">
         <name>.text.OLED_ShowChar</name>
         <load_address>0x2308</load_address>
         <readonly>true</readonly>
         <executable>true</executable>
         <run_address>0x2308</run_address>
         <size>0x314</size>
         <alignment>0x4</alignment>
         <input_file_ref idref="fl-a"/>
      </object_component>
      <object_component id="oc-1fb">
         <name>.text._pconv_a</name>
         <load_address>0x261c</load_address>
         <readonly>true</readonly>
         <executable>true</executable>
         <run_address>0x261c</run_address>
         <size>0x220</size>
         <alignment>0x4</alignment>
         <input_file_ref idref="fl-42"/>
      </object_component>
      <object_component id="oc-15d">
         <name>.text.OLED_SetCursor</name>
         <load_address>0x283c</load_address>
         <readonly>true</readonly>
         <executable>true</executable>
         <run_address>0x283c</run_address>
         <size>0x210</size>
         <alignment>0x4</alignment>
         <input_file_ref idref="fl-a"/>
      </object_component>
      <object_component id="oc-200">
         <name>.text._pconv_g</name>
         <load_address>0x2a4c</load_address>
         <readonly>true</readonly>
         <executable>true</executable>
         <run_address>0x2a4c</run_address>
         <size>0x1dc</size>
         <alignment>0x4</alignment>
         <input_file_ref idref="fl-42"/>
      </object_component>
      <object_component id="oc-de">
         <name>.text.OLED_Clear</name>
         <load_address>0x2c28</load_address>
         <readonly>true</readonly>
         <executable>true</executable>
         <run_address>0x2c28</run_address>
         <size>0x194</size>
         <alignment>0x4</alignment>
         <input_file_ref idref="fl-a"/>
      </object_component>
      <object_component id="oc-240">
         <name>.text.adddf3_subdf3</name>
         <load_address>0x2dbc</load_address>
         <readonly>true</readonly>
         <executable>true</executable>
         <run_address>0x2dbc</run_address>
         <size>0x192</size>
         <alignment>0x4</alignment>
         <input_file_ref idref="fl-10b"/>
      </object_component>
      <object_component id="oc-33">
         <name>.text.Default_Handler</name>
         <load_address>0x2f4e</load_address>
         <readonly>true</readonly>
         <executable>true</executable>
         <run_address>0x2f4e</run_address>
         <size>0x2</size>
         <alignment>0x2</alignment>
         <input_file_ref idref="fl-2"/>
      </object_component>
      <object_component id="oc-244">
         <name>.text.fcvt</name>
         <load_address>0x2f50</load_address>
         <readonly>true</readonly>
         <executable>true</executable>
         <run_address>0x2f50</run_address>
         <size>0x13c</size>
         <alignment>0x4</alignment>
         <input_file_ref idref="fl-42"/>
      </object_component>
      <object_component id="oc-202">
         <name>.text._pconv_e</name>
         <load_address>0x308c</load_address>
         <readonly>true</readonly>
         <executable>true</executable>
         <run_address>0x308c</run_address>
         <size>0x120</size>
         <alignment>0x4</alignment>
         <input_file_ref idref="fl-42"/>
      </object_component>
      <object_component id="oc-23c">
         <name>.text.__divdf3</name>
         <load_address>0x31ac</load_address>
         <readonly>true</readonly>
         <executable>true</executable>
         <run_address>0x31ac</run_address>
         <size>0x10c</size>
         <alignment>0x4</alignment>
         <input_file_ref idref="fl-110"/>
      </object_component>
      <object_component id="oc-194">
         <name>.text.DL_Timer_initFourCCPWMMode</name>
         <load_address>0x32b8</load_address>
         <readonly>true</readonly>
         <executable>true</executable>
         <run_address>0x32b8</run_address>
         <size>0x104</size>
         <alignment>0x4</alignment>
         <input_file_ref idref="fl-1e"/>
      </object_component>
      <object_component id="oc-22c">
         <name>.text.__muldf3</name>
         <load_address>0x33bc</load_address>
         <readonly>true</readonly>
         <executable>true</executable>
         <run_address>0x33bc</run_address>
         <size>0xe4</size>
         <alignment>0x4</alignment>
         <input_file_ref idref="fl-10c"/>
      </object_component>
      <object_component id="oc-e6">
         <name>.text.user_current_read_average</name>
         <load_address>0x34a0</load_address>
         <readonly>true</readonly>
         <executable>true</executable>
         <run_address>0x34a0</run_address>
         <size>0xdc</size>
         <alignment>0x4</alignment>
         <input_file_ref idref="fl-b"/>
      </object_component>
      <object_component id="oc-21b">
         <name>.text.scalbn</name>
         <load_address>0x357c</load_address>
         <readonly>true</readonly>
         <executable>true</executable>
         <run_address>0x357c</run_address>
         <size>0xd8</size>
         <alignment>0x4</alignment>
         <input_file_ref idref="fl-47"/>
      </object_component>
      <object_component id="oc-f9">
         <name>.text</name>
         <load_address>0x3654</load_address>
         <readonly>true</readonly>
         <executable>true</executable>
         <run_address>0x3654</run_address>
         <size>0xd8</size>
         <alignment>0x4</alignment>
         <input_file_ref idref="fl-10a"/>
      </object_component>
      <object_component id="oc-14e">
         <name>.text.SYSCFG_DL_GPIO_init</name>
         <load_address>0x372c</load_address>
         <readonly>true</readonly>
         <executable>true</executable>
         <run_address>0x372c</run_address>
         <size>0xd0</size>
         <alignment>0x4</alignment>
         <input_file_ref idref="fl-1"/>
      </object_component>
      <object_component id="oc-39">
         <name>.text.GROUP1_IRQHandler</name>
         <load_address>0x37fc</load_address>
         <readonly>true</readonly>
         <executable>true</executable>
         <run_address>0x37fc</run_address>
         <size>0xc4</size>
         <alignment>0x4</alignment>
         <input_file_ref idref="fl-c"/>
      </object_component>
      <object_component id="oc-212">
         <name>.text</name>
         <load_address>0x38c0</load_address>
         <readonly>true</readonly>
         <executable>true</executable>
         <run_address>0x38c0</run_address>
         <size>0xa2</size>
         <alignment>0x4</alignment>
         <input_file_ref idref="fl-123"/>
      </object_component>
      <object_component id="oc-cc">
         <name>.text:memcpy</name>
         <load_address>0x3962</load_address>
         <readonly>true</readonly>
         <executable>true</executable>
         <run_address>0x3962</run_address>
         <size>0x9a</size>
         <alignment>0x1</alignment>
         <input_file_ref idref="fl-128"/>
      </object_component>
      <object_component id="oc-b5">
         <name>.text.__mulsf3</name>
         <load_address>0x39fc</load_address>
         <readonly>true</readonly>
         <executable>true</executable>
         <run_address>0x39fc</run_address>
         <size>0x8c</size>
         <alignment>0x4</alignment>
         <input_file_ref idref="fl-10e"/>
      </object_component>
      <object_component id="oc-1b2">
         <name>.text.DL_DAC12_init</name>
         <load_address>0x3a88</load_address>
         <readonly>true</readonly>
         <executable>true</executable>
         <run_address>0x3a88</run_address>
         <size>0x88</size>
         <alignment>0x4</alignment>
         <input_file_ref idref="fl-1c"/>
      </object_component>
      <object_component id="oc-bf">
         <name>.text.__divsf3</name>
         <load_address>0x3b10</load_address>
         <readonly>true</readonly>
         <executable>true</executable>
         <run_address>0x3b10</run_address>
         <size>0x82</size>
         <alignment>0x4</alignment>
         <input_file_ref idref="fl-10f"/>
      </object_component>
      <object_component id="oc-173">
         <name>.text.__aeabi_idiv0</name>
         <load_address>0x3b92</load_address>
         <readonly>true</readonly>
         <executable>true</executable>
         <run_address>0x3b92</run_address>
         <size>0x2</size>
         <alignment>0x2</alignment>
         <input_file_ref idref="fl-126"/>
      </object_component>
      <object_component id="oc-163">
         <name>.text.user_adc_read_voltage</name>
         <load_address>0x3b94</load_address>
         <readonly>true</readonly>
         <executable>true</executable>
         <run_address>0x3b94</run_address>
         <size>0x80</size>
         <alignment>0x4</alignment>
         <input_file_ref idref="fl-6"/>
      </object_component>
      <object_component id="oc-f8">
         <name>.text.user_current_calibrate_zero</name>
         <load_address>0x3c14</load_address>
         <readonly>true</readonly>
         <executable>true</executable>
         <run_address>0x3c14</run_address>
         <size>0x80</size>
         <alignment>0x4</alignment>
         <input_file_ref idref="fl-b"/>
      </object_component>
      <object_component id="oc-153">
         <name>.text.SYSCFG_DL_UART_0_init</name>
         <load_address>0x3c94</load_address>
         <readonly>true</readonly>
         <executable>true</executable>
         <run_address>0x3c94</run_address>
         <size>0x7c</size>
         <alignment>0x4</alignment>
         <input_file_ref idref="fl-1"/>
      </object_component>
      <object_component id="oc-1c">
         <name>.text:decompress:lzss</name>
         <load_address>0x3d10</load_address>
         <readonly>true</readonly>
         <executable>true</executable>
         <run_address>0x3d10</run_address>
         <size>0x7c</size>
         <alignment>0x4</alignment>
         <input_file_ref idref="fl-41"/>
      </object_component>
      <object_component id="oc-23a">
         <name>.text.__gedf2</name>
         <load_address>0x3d8c</load_address>
         <readonly>true</readonly>
         <executable>true</executable>
         <run_address>0x3d8c</run_address>
         <size>0x74</size>
         <alignment>0x4</alignment>
         <input_file_ref idref="fl-125"/>
      </object_component>
      <object_component id="oc-44">
         <name>.text.DAC0_IRQHandler</name>
         <load_address>0x3e00</load_address>
         <readonly>true</readonly>
         <executable>true</executable>
         <run_address>0x3e00</run_address>
         <size>0x70</size>
         <alignment>0x4</alignment>
         <input_file_ref idref="fl-7"/>
      </object_component>
      <object_component id="oc-14c">
         <name>.text.SYSCFG_DL_initPower</name>
         <load_address>0x3e70</load_address>
         <readonly>true</readonly>
         <executable>true</executable>
         <run_address>0x3e70</run_address>
         <size>0x70</size>
         <alignment>0x4</alignment>
         <input_file_ref idref="fl-1"/>
      </object_component>
      <object_component id="oc-150">
         <name>.text.SYSCFG_DL_PWM_0_init</name>
         <load_address>0x3ee0</load_address>
         <readonly>true</readonly>
         <executable>true</executable>
         <run_address>0x3ee0</run_address>
         <size>0x68</size>
         <alignment>0x4</alignment>
         <input_file_ref idref="fl-1"/>
      </object_component>
      <object_component id="oc-234">
         <name>.text.__ledf2</name>
         <load_address>0x3f48</load_address>
         <readonly>true</readonly>
         <executable>true</executable>
         <run_address>0x3f48</run_address>
         <size>0x68</size>
         <alignment>0x4</alignment>
         <input_file_ref idref="fl-125"/>
      </object_component>
      <object_component id="oc-233">
         <name>.text._mcpy</name>
         <load_address>0x3fb0</load_address>
         <readonly>true</readonly>
         <executable>true</executable>
         <run_address>0x3fb0</run_address>
         <size>0x66</size>
         <alignment>0x2</alignment>
         <input_file_ref idref="fl-42"/>
      </object_component>
      <object_component id="oc-246">
         <name>.text.__aeabi_ldiv0</name>
         <load_address>0x4016</load_address>
         <readonly>true</readonly>
         <executable>true</executable>
         <run_address>0x4016</run_address>
         <size>0x2</size>
         <alignment>0x2</alignment>
         <input_file_ref idref="fl-126"/>
      </object_component>
      <object_component id="oc-1fc">
         <name>.text.__aeabi_dcmp</name>
         <load_address>0x4018</load_address>
         <readonly>true</readonly>
         <executable>true</executable>
         <run_address>0x4018</run_address>
         <size>0x62</size>
         <alignment>0x4</alignment>
         <input_file_ref idref="fl-11b"/>
      </object_component>
      <object_component id="oc-b9">
         <name>.text.__aeabi_fcmp</name>
         <load_address>0x407c</load_address>
         <readonly>true</readonly>
         <executable>true</executable>
         <run_address>0x407c</run_address>
         <size>0x62</size>
         <alignment>0x4</alignment>
         <input_file_ref idref="fl-11c"/>
      </object_component>
      <object_component id="oc-14b">
         <name>.text:memset</name>
         <load_address>0x40de</load_address>
         <readonly>true</readonly>
         <executable>true</executable>
         <run_address>0x40de</run_address>
         <size>0x62</size>
         <alignment>0x1</alignment>
         <input_file_ref idref="fl-129"/>
      </object_component>
      <object_component id="oc-217">
         <name>.text.frexp</name>
         <load_address>0x4140</load_address>
         <readonly>true</readonly>
         <executable>true</executable>
         <run_address>0x4140</run_address>
         <size>0x5c</size>
         <alignment>0x4</alignment>
         <input_file_ref idref="fl-46"/>
      </object_component>
      <object_component id="oc-223">
         <name>.text.__TI_ltoa</name>
         <load_address>0x419c</load_address>
         <readonly>true</readonly>
         <executable>true</executable>
         <run_address>0x419c</run_address>
         <size>0x58</size>
         <alignment>0x2</alignment>
         <input_file_ref idref="fl-4c"/>
      </object_component>
      <object_component id="oc-201">
         <name>.text._pconv_f</name>
         <load_address>0x41f4</load_address>
         <readonly>true</readonly>
         <executable>true</executable>
         <run_address>0x41f4</run_address>
         <size>0x58</size>
         <alignment>0x2</alignment>
         <input_file_ref idref="fl-42"/>
      </object_component>
      <object_component id="oc-253">
         <name>.text.__aeabi_idivmod</name>
         <load_address>0x424c</load_address>
         <readonly>true</readonly>
         <executable>true</executable>
         <run_address>0x424c</run_address>
         <size>0x56</size>
         <alignment>0x4</alignment>
         <input_file_ref idref="fl-11d"/>
      </object_component>
      <object_component id="oc-e4">
         <name>.text.OLED_ShowString</name>
         <load_address>0x42a2</load_address>
         <readonly>true</readonly>
         <executable>true</executable>
         <run_address>0x42a2</run_address>
         <size>0x54</size>
         <alignment>0x2</alignment>
         <input_file_ref idref="fl-a"/>
      </object_component>
      <object_component id="oc-152">
         <name>.text.SYSCFG_DL_I2C_0_init</name>
         <load_address>0x42f8</load_address>
         <readonly>true</readonly>
         <executable>true</executable>
         <run_address>0x42f8</run_address>
         <size>0x54</size>
         <alignment>0x4</alignment>
         <input_file_ref idref="fl-1"/>
      </object_component>
      <object_component id="oc-151">
         <name>.text.SYSCFG_DL_I2C_1_init</name>
         <load_address>0x434c</load_address>
         <readonly>true</readonly>
         <executable>true</executable>
         <run_address>0x434c</run_address>
         <size>0x54</size>
         <alignment>0x4</alignment>
         <input_file_ref idref="fl-1"/>
      </object_component>
      <object_component id="oc-4a">
         <name>.text.UART0_IRQHandler</name>
         <load_address>0x43a0</load_address>
         <readonly>true</readonly>
         <executable>true</executable>
         <run_address>0x43a0</run_address>
         <size>0x54</size>
         <alignment>0x4</alignment>
         <input_file_ref idref="fl-d"/>
      </object_component>
      <object_component id="oc-231">
         <name>.text._ecpy</name>
         <load_address>0x43f4</load_address>
         <readonly>true</readonly>
         <executable>true</executable>
         <run_address>0x43f4</run_address>
         <size>0x52</size>
         <alignment>0x2</alignment>
         <input_file_ref idref="fl-42"/>
      </object_component>
      <object_component id="oc-15e">
         <name>.text.user_adc_init</name>
         <load_address>0x4448</load_address>
         <readonly>true</readonly>
         <executable>true</executable>
         <run_address>0x4448</run_address>
         <size>0x50</size>
         <alignment>0x4</alignment>
         <input_file_ref idref="fl-6"/>
      </object_component>
      <object_component id="oc-14f">
         <name>.text.SYSCFG_DL_SYSCTL_init</name>
         <load_address>0x4498</load_address>
         <readonly>true</readonly>
         <executable>true</executable>
         <run_address>0x4498</run_address>
         <size>0x4c</size>
         <alignment>0x4</alignment>
         <input_file_ref idref="fl-1"/>
      </object_component>
      <object_component id="oc-21f">
         <name>.text.__fixdfsi</name>
         <load_address>0x44e4</load_address>
         <readonly>true</readonly>
         <executable>true</executable>
         <run_address>0x44e4</run_address>
         <size>0x4a</size>
         <alignment>0x4</alignment>
         <input_file_ref idref="fl-112"/>
      </object_component>
      <object_component id="oc-1a8">
         <name>.text.DL_UART_init</name>
         <load_address>0x4530</load_address>
         <readonly>true</readonly>
         <executable>true</executable>
         <run_address>0x4530</run_address>
         <size>0x48</size>
         <alignment>0x4</alignment>
         <input_file_ref idref="fl-1f"/>
      </object_component>
      <object_component id="oc-154">
         <name>.text.SYSCFG_DL_ADC12_0_init</name>
         <load_address>0x4578</load_address>
         <readonly>true</readonly>
         <executable>true</executable>
         <run_address>0x4578</run_address>
         <size>0x44</size>
         <alignment>0x4</alignment>
         <input_file_ref idref="fl-1"/>
      </object_component>
      <object_component id="oc-1ab">
         <name>.text.DL_ADC12_setClockConfig</name>
         <load_address>0x45bc</load_address>
         <readonly>true</readonly>
         <executable>true</executable>
         <run_address>0x45bc</run_address>
         <size>0x40</size>
         <alignment>0x4</alignment>
         <input_file_ref idref="fl-1b"/>
      </object_component>
      <object_component id="oc-f4">
         <name>.text.__aeabi_uidivmod</name>
         <load_address>0x45fc</load_address>
         <readonly>true</readonly>
         <executable>true</executable>
         <run_address>0x45fc</run_address>
         <size>0x40</size>
         <alignment>0x4</alignment>
         <input_file_ref idref="fl-120"/>
      </object_component>
      <object_component id="oc-e9">
         <name>.text.__extendsfdf2</name>
         <load_address>0x463c</load_address>
         <readonly>true</readonly>
         <executable>true</executable>
         <run_address>0x463c</run_address>
         <size>0x40</size>
         <alignment>0x4</alignment>
         <input_file_ref idref="fl-111"/>
      </object_component>
      <object_component id="oc-1e5">
         <name>.text.atoi</name>
         <load_address>0x467c</load_address>
         <readonly>true</readonly>
         <executable>true</executable>
         <run_address>0x467c</run_address>
         <size>0x40</size>
         <alignment>0x4</alignment>
         <input_file_ref idref="fl-4f"/>
      </object_component>
      <object_component id="oc-7e">
         <name>.text.user_encoder_voltage_to_dac</name>
         <load_address>0x46bc</load_address>
         <readonly>true</readonly>
         <executable>true</executable>
         <run_address>0x46bc</run_address>
         <size>0x40</size>
         <alignment>0x4</alignment>
         <input_file_ref idref="fl-8"/>
      </object_component>
      <object_component id="oc-e5">
         <name>.text.user_uart_send_string</name>
         <load_address>0x46fc</load_address>
         <readonly>true</readonly>
         <executable>true</executable>
         <run_address>0x46fc</run_address>
         <size>0x40</size>
         <alignment>0x4</alignment>
         <input_file_ref idref="fl-d"/>
      </object_component>
      <object_component id="oc-b1">
         <name>.text.__floatsisf</name>
         <load_address>0x473c</load_address>
         <readonly>true</readonly>
         <executable>true</executable>
         <run_address>0x473c</run_address>
         <size>0x3c</size>
         <alignment>0x4</alignment>
         <input_file_ref idref="fl-116"/>
      </object_component>
      <object_component id="oc-141">
         <name>.text.__gtsf2</name>
         <load_address>0x4778</load_address>
         <readonly>true</readonly>
         <executable>true</executable>
         <run_address>0x4778</run_address>
         <size>0x3c</size>
         <alignment>0x4</alignment>
         <input_file_ref idref="fl-122"/>
      </object_component>
      <object_component id="oc-124">
         <name>.text:__TI_auto_init_nobinit_nopinit</name>
         <load_address>0x47b4</load_address>
         <readonly>true</readonly>
         <executable>true</executable>
         <run_address>0x47b4</run_address>
         <size>0x3c</size>
         <alignment>0x4</alignment>
         <input_file_ref idref="fl-3c"/>
      </object_component>
      <object_component id="oc-13c">
         <name>.text.__eqsf2</name>
         <load_address>0x47f0</load_address>
         <readonly>true</readonly>
         <executable>true</executable>
         <run_address>0x47f0</run_address>
         <size>0x3a</size>
         <alignment>0x4</alignment>
         <input_file_ref idref="fl-122"/>
      </object_component>
      <object_component id="oc-137">
         <name>.text.__muldsi3</name>
         <load_address>0x482c</load_address>
         <readonly>true</readonly>
         <executable>true</executable>
         <run_address>0x482c</run_address>
         <size>0x3a</size>
         <alignment>0x4</alignment>
         <input_file_ref idref="fl-10d"/>
      </object_component>
      <object_component id="oc-77">
         <name>.text.delay_us</name>
         <load_address>0x4866</load_address>
         <readonly>true</readonly>
         <executable>true</executable>
         <run_address>0x4866</run_address>
         <size>0x3a</size>
         <alignment>0x2</alignment>
         <input_file_ref idref="fl-4"/>
      </object_component>
      <object_component id="oc-18d">
         <name>.text.DL_Common_delayCycles</name>
         <load_address>0x48a0</load_address>
         <readonly>true</readonly>
         <executable>true</executable>
         <run_address>0x48a0</run_address>
         <size>0x38</size>
         <alignment>0x2</alignment>
         <input_file_ref idref="fl-4"/>
      </object_component>
      <object_component id="oc-d1">
         <name>.text.SYSCFG_DL_init</name>
         <load_address>0x48d8</load_address>
         <readonly>true</readonly>
         <executable>true</executable>
         <run_address>0x48d8</run_address>
         <size>0x38</size>
         <alignment>0x4</alignment>
         <input_file_ref idref="fl-1"/>
      </object_component>
      <object_component id="oc-c3">
         <name>.text.__fixsfsi</name>
         <load_address>0x4910</load_address>
         <readonly>true</readonly>
         <executable>true</executable>
         <run_address>0x4910</run_address>
         <size>0x38</size>
         <alignment>0x4</alignment>
         <input_file_ref idref="fl-113"/>
      </object_component>
      <object_component id="oc-ee">
         <name>.text.sprintf</name>
         <load_address>0x4948</load_address>
         <readonly>true</readonly>
         <executable>true</executable>
         <run_address>0x4948</run_address>
         <size>0x38</size>
         <alignment>0x4</alignment>
         <input_file_ref idref="fl-37"/>
      </object_component>
      <object_component id="oc-78">
         <name>.text.user_encoder_count_to_voltage</name>
         <load_address>0x4980</load_address>
         <readonly>true</readonly>
         <executable>true</executable>
         <run_address>0x4980</run_address>
         <size>0x38</size>
         <alignment>0x4</alignment>
         <input_file_ref idref="fl-8"/>
      </object_component>
      <object_component id="oc-d6">
         <name>.text.user_uart_init</name>
         <load_address>0x49b8</load_address>
         <readonly>true</readonly>
         <executable>true</executable>
         <run_address>0x49b8</run_address>
         <size>0x34</size>
         <alignment>0x4</alignment>
         <input_file_ref idref="fl-d"/>
      </object_component>
      <object_component id="oc-169">
         <name>.text.__fixunssfsi</name>
         <load_address>0x49ec</load_address>
         <readonly>true</readonly>
         <executable>true</executable>
         <run_address>0x49ec</run_address>
         <size>0x32</size>
         <alignment>0x4</alignment>
         <input_file_ref idref="fl-114"/>
      </object_component>
      <object_component id="oc-156">
         <name>.text.SYSCFG_DL_DAC12_init</name>
         <load_address>0x4a20</load_address>
         <readonly>true</readonly>
         <executable>true</executable>
         <run_address>0x4a20</run_address>
         <size>0x30</size>
         <alignment>0x4</alignment>
         <input_file_ref idref="fl-1"/>
      </object_component>
      <object_component id="oc-155">
         <name>.text.SYSCFG_DL_SYSTICK_init</name>
         <load_address>0x4a50</load_address>
         <readonly>true</readonly>
         <executable>true</executable>
         <run_address>0x4a50</run_address>
         <size>0x30</size>
         <alignment>0x4</alignment>
         <input_file_ref idref="fl-1"/>
      </object_component>
      <object_component id="oc-232">
         <name>.text._fcpy</name>
         <load_address>0x4a80</load_address>
         <readonly>true</readonly>
         <executable>true</executable>
         <run_address>0x4a80</run_address>
         <size>0x30</size>
         <alignment>0x2</alignment>
         <input_file_ref idref="fl-42"/>
      </object_component>
      <object_component id="oc-227">
         <name>.text.__floatsidf</name>
         <load_address>0x4ab0</load_address>
         <readonly>true</readonly>
         <executable>true</executable>
         <run_address>0x4ab0</run_address>
         <size>0x2c</size>
         <alignment>0x4</alignment>
         <input_file_ref idref="fl-115"/>
      </object_component>
      <object_component id="oc-df">
         <name>.text.user_current_sensor_init</name>
         <load_address>0x4adc</load_address>
         <readonly>true</readonly>
         <executable>true</executable>
         <run_address>0x4adc</run_address>
         <size>0x2c</size>
         <alignment>0x4</alignment>
         <input_file_ref idref="fl-b"/>
      </object_component>
      <object_component id="oc-164">
         <name>.text.__floatunsisf</name>
         <load_address>0x4b08</load_address>
         <readonly>true</readonly>
         <executable>true</executable>
         <run_address>0x4b08</run_address>
         <size>0x28</size>
         <alignment>0x4</alignment>
         <input_file_ref idref="fl-118"/>
      </object_component>
      <object_component id="oc-d7">
         <name>.text.delay_ms</name>
         <load_address>0x4b30</load_address>
         <readonly>true</readonly>
         <executable>true</executable>
         <run_address>0x4b30</run_address>
         <size>0x28</size>
         <alignment>0x4</alignment>
         <input_file_ref idref="fl-4"/>
      </object_component>
      <object_component id="oc-6a">
         <name>.text:_c_int00_noargs</name>
         <load_address>0x4b58</load_address>
         <readonly>true</readonly>
         <executable>true</executable>
         <run_address>0x4b58</run_address>
         <size>0x28</size>
         <alignment>0x4</alignment>
         <input_file_ref idref="fl-3a"/>
      </object_component>
      <object_component id="oc-19a">
         <name>.text.DL_I2C_setClockConfig</name>
         <load_address>0x4b80</load_address>
         <readonly>true</readonly>
         <executable>true</executable>
         <run_address>0x4b80</run_address>
         <size>0x26</size>
         <alignment>0x2</alignment>
         <input_file_ref idref="fl-1d"/>
      </object_component>
      <object_component id="oc-1f2">
         <name>.text.__muldi3</name>
         <load_address>0x4ba8</load_address>
         <readonly>true</readonly>
         <executable>true</executable>
         <run_address>0x4ba8</run_address>
         <size>0x24</size>
         <alignment>0x4</alignment>
         <input_file_ref idref="fl-119"/>
      </object_component>
      <object_component id="oc-1de">
         <name>.text.memccpy</name>
         <load_address>0x4bcc</load_address>
         <readonly>true</readonly>
         <executable>true</executable>
         <run_address>0x4bcc</run_address>
         <size>0x22</size>
         <alignment>0x2</alignment>
         <input_file_ref idref="fl-51"/>
      </object_component>
      <object_component id="oc-34">
         <name>.text.SysTick_Handler</name>
         <load_address>0x4bf0</load_address>
         <readonly>true</readonly>
         <executable>true</executable>
         <run_address>0x4bf0</run_address>
         <size>0x20</size>
         <alignment>0x4</alignment>
         <input_file_ref idref="fl-4"/>
      </object_component>
      <object_component id="oc-247">
         <name>.text.__ashldi3</name>
         <load_address>0x4c10</load_address>
         <readonly>true</readonly>
         <executable>true</executable>
         <run_address>0x4c10</run_address>
         <size>0x1e</size>
         <alignment>0x4</alignment>
         <input_file_ref idref="fl-124"/>
      </object_component>
      <object_component id="oc-3f">
         <name>.text.ADC0_IRQHandler</name>
         <load_address>0x4c30</load_address>
         <readonly>true</readonly>
         <executable>true</executable>
         <run_address>0x4c30</run_address>
         <size>0x1c</size>
         <alignment>0x4</alignment>
         <input_file_ref idref="fl-6"/>
      </object_component>
      <object_component id="oc-196">
         <name>.text.DL_Timer_setCaptCompUpdateMethod</name>
         <load_address>0x4c4c</load_address>
         <readonly>true</readonly>
         <executable>true</executable>
         <run_address>0x4c4c</run_address>
         <size>0x1c</size>
         <alignment>0x4</alignment>
         <input_file_ref idref="fl-1e"/>
      </object_component>
      <object_component id="oc-18e">
         <name>.text.DL_Timer_setClockConfig</name>
         <load_address>0x4c68</load_address>
         <readonly>true</readonly>
         <executable>true</executable>
         <run_address>0x4c68</run_address>
         <size>0x1c</size>
         <alignment>0x4</alignment>
         <input_file_ref idref="fl-1e"/>
      </object_component>
      <object_component id="oc-195">
         <name>.text.DL_Timer_setCaptureCompareOutCtl</name>
         <load_address>0x4c84</load_address>
         <readonly>true</readonly>
         <executable>true</executable>
         <run_address>0x4c84</run_address>
         <size>0x18</size>
         <alignment>0x4</alignment>
         <input_file_ref idref="fl-1e"/>
      </object_component>
      <object_component id="oc-16f">
         <name>.text._outs</name>
         <load_address>0x4c9c</load_address>
         <readonly>true</readonly>
         <executable>true</executable>
         <run_address>0x4c9c</run_address>
         <size>0x18</size>
         <alignment>0x2</alignment>
         <input_file_ref idref="fl-37"/>
      </object_component>
      <object_component id="oc-61">
         <name>.text:decompress:ZI:__TI_zero_init_nomemset</name>
         <load_address>0x4cb4</load_address>
         <readonly>true</readonly>
         <executable>true</executable>
         <run_address>0x4cb4</run_address>
         <size>0x16</size>
         <alignment>0x2</alignment>
         <input_file_ref idref="fl-3f"/>
      </object_component>
      <object_component id="oc-1f7">
         <name>.text.__aeabi_uldivmod</name>
         <load_address>0x4ccc</load_address>
         <readonly>true</readonly>
         <executable>true</executable>
         <run_address>0x4ccc</run_address>
         <size>0x14</size>
         <alignment>0x4</alignment>
         <input_file_ref idref="fl-121"/>
      </object_component>
      <object_component id="oc-230">
         <name>.text.strchr</name>
         <load_address>0x4ce0</load_address>
         <readonly>true</readonly>
         <executable>true</executable>
         <run_address>0x4ce0</run_address>
         <size>0x14</size>
         <alignment>0x2</alignment>
         <input_file_ref idref="fl-42"/>
      </object_component>
      <object_component id="oc-1a2">
         <name>.text.DL_UART_setClockConfig</name>
         <load_address>0x4cf4</load_address>
         <readonly>true</readonly>
         <executable>true</executable>
         <run_address>0x4cf4</run_address>
         <size>0x12</size>
         <alignment>0x2</alignment>
         <input_file_ref idref="fl-1f"/>
      </object_component>
      <object_component id="oc-20">
         <name>.text:decompress:none</name>
         <load_address>0x4d06</load_address>
         <readonly>true</readonly>
         <executable>true</executable>
         <run_address>0x4d06</run_address>
         <size>0x12</size>
         <alignment>0x2</alignment>
         <input_file_ref idref="fl-40"/>
      </object_component>
      <object_component id="oc-197">
         <name>.text.DL_Timer_setCaptureCompareValue</name>
         <load_address>0x4d18</load_address>
         <readonly>true</readonly>
         <executable>true</executable>
         <run_address>0x4d18</run_address>
         <size>0x10</size>
         <alignment>0x4</alignment>
         <input_file_ref idref="fl-1e"/>
      </object_component>
      <object_component id="oc-1e9">
         <name>.text.wcslen</name>
         <load_address>0x4d28</load_address>
         <readonly>true</readonly>
         <executable>true</executable>
         <run_address>0x4d28</run_address>
         <size>0x10</size>
         <alignment>0x2</alignment>
         <input_file_ref idref="fl-48"/>
      </object_component>
      <object_component id="oc-1dd">
         <name>.text.__aeabi_memset</name>
         <load_address>0x4d38</load_address>
         <readonly>true</readonly>
         <executable>true</executable>
         <run_address>0x4d38</run_address>
         <size>0xe</size>
         <alignment>0x4</alignment>
         <input_file_ref idref="fl-11f"/>
      </object_component>
      <object_component id="oc-1dc">
         <name>.text.strlen</name>
         <load_address>0x4d46</load_address>
         <readonly>true</readonly>
         <executable>true</executable>
         <run_address>0x4d46</run_address>
         <size>0xe</size>
         <alignment>0x2</alignment>
         <input_file_ref idref="fl-42"/>
      </object_component>
      <object_component id="oc-ed">
         <name>.text.user_current_get_zero_offset</name>
         <load_address>0x4d54</load_address>
         <readonly>true</readonly>
         <executable>true</executable>
         <run_address>0x4d54</run_address>
         <size>0xc</size>
         <alignment>0x4</alignment>
         <input_file_ref idref="fl-b"/>
      </object_component>
      <object_component id="oc-22b">
         <name>.text.OUTLINED_FUNCTION_0</name>
         <load_address>0x4d60</load_address>
         <readonly>true</readonly>
         <executable>true</executable>
         <run_address>0x4d60</run_address>
         <size>0xa</size>
         <alignment>0x2</alignment>
         <input_file_ref idref="fl-42"/>
      </object_component>
      <object_component id="oc-2a9">
         <name>.tramp.__aeabi_dsub.1</name>
         <load_address>0x4d6c</load_address>
         <readonly>true</readonly>
         <executable>true</executable>
         <run_address>0x4d6c</run_address>
         <size>0x10</size>
         <alignment>0x4</alignment>
         <input_file_ref idref="fl-10b"/>
      </object_component>
      <object_component id="oc-245">
         <name>.text.OUTLINED_FUNCTION_1</name>
         <load_address>0x4d7c</load_address>
         <readonly>true</readonly>
         <executable>true</executable>
         <run_address>0x4d7c</run_address>
         <size>0xa</size>
         <alignment>0x2</alignment>
         <input_file_ref idref="fl-42"/>
      </object_component>
      <object_component id="oc-170">
         <name>.text._outc</name>
         <load_address>0x4d86</load_address>
         <readonly>true</readonly>
         <executable>true</executable>
         <run_address>0x4d86</run_address>
         <size>0xa</size>
         <alignment>0x2</alignment>
         <input_file_ref idref="fl-37"/>
      </object_component>
      <object_component id="oc-1ed">
         <name>.text.__aeabi_errno_addr</name>
         <load_address>0x4d90</load_address>
         <readonly>true</readonly>
         <executable>true</executable>
         <run_address>0x4d90</run_address>
         <size>0x8</size>
         <alignment>0x4</alignment>
         <input_file_ref idref="fl-49"/>
      </object_component>
      <object_component id="oc-5a">
         <name>.text.__aeabi_memcpy</name>
         <load_address>0x4d98</load_address>
         <readonly>true</readonly>
         <executable>true</executable>
         <run_address>0x4d98</run_address>
         <size>0x8</size>
         <alignment>0x4</alignment>
         <input_file_ref idref="fl-11e"/>
      </object_component>
      <object_component id="oc-11d">
         <name>.text:abort</name>
         <load_address>0x4da0</load_address>
         <readonly>true</readonly>
         <executable>true</executable>
         <run_address>0x4da0</run_address>
         <size>0x6</size>
         <alignment>0x2</alignment>
         <input_file_ref idref="fl-4a"/>
      </object_component>
      <object_component id="oc-17a">
         <name>.text.HOSTexit</name>
         <load_address>0x4da6</load_address>
         <readonly>true</readonly>
         <executable>true</executable>
         <run_address>0x4da6</run_address>
         <size>0x4</size>
         <alignment>0x2</alignment>
         <input_file_ref idref="fl-fa"/>
      </object_component>
      <object_component id="oc-2f">
         <name>.text.Reset_Handler</name>
         <load_address>0x4daa</load_address>
         <readonly>true</readonly>
         <executable>true</executable>
         <run_address>0x4daa</run_address>
         <size>0x4</size>
         <alignment>0x2</alignment>
         <input_file_ref idref="fl-2"/>
      </object_component>
      <object_component id="oc-9d">
         <name>.text._system_pre_init</name>
         <load_address>0x4dae</load_address>
         <readonly>true</readonly>
         <executable>true</executable>
         <run_address>0x4dae</run_address>
         <size>0x4</size>
         <alignment>0x2</alignment>
         <input_file_ref idref="fl-3d"/>
      </object_component>
      <object_component id="oc-2a5">
         <name>.cinit..data.load</name>
         <load_address>0x5750</load_address>
         <readonly>true</readonly>
         <run_address>0x5750</run_address>
         <size>0x1d</size>
         <alignment>0x1</alignment>
      </object_component>
      <object_component id="oc-2a3">
         <name>__TI_handler_table</name>
         <load_address>0x5770</load_address>
         <readonly>true</readonly>
         <run_address>0x5770</run_address>
         <size>0xc</size>
         <alignment>0x4</alignment>
      </object_component>
      <object_component id="oc-2a6">
         <name>.cinit..bss.load</name>
         <load_address>0x577c</load_address>
         <readonly>true</readonly>
         <run_address>0x577c</run_address>
         <size>0x8</size>
         <alignment>0x4</alignment>
      </object_component>
      <object_component id="oc-2a4">
         <name>__TI_cinit_table</name>
         <load_address>0x5784</load_address>
         <readonly>true</readonly>
         <run_address>0x5784</run_address>
         <size>0x10</size>
         <alignment>0x4</alignment>
      </object_component>
      <object_component id="oc-1b9">
         <name>.rodata.OLED_F8x16</name>
         <load_address>0x4dc0</load_address>
         <readonly>true</readonly>
         <run_address>0x4dc0</run_address>
         <size>0x5f0</size>
         <alignment>0x1</alignment>
         <input_file_ref idref="fl-a"/>
      </object_component>
      <object_component id="oc-206">
         <name>.rodata:__aeabi_ctype_table_</name>
         <load_address>0x53b0</load_address>
         <readonly>true</readonly>
         <run_address>0x53b0</run_address>
         <size>0x101</size>
         <alignment>0x10</alignment>
         <input_file_ref idref="fl-57"/>
      </object_component>
      <object_component id="oc-104">
         <name>.rodata.str1.14112174005742061988.1</name>
         <load_address>0x54b1</load_address>
         <readonly>true</readonly>
         <run_address>0x54b1</run_address>
         <size>0x4b</size>
         <alignment>0x1</alignment>
         <input_file_ref idref="fl-3"/>
      </object_component>
      <object_component id="oc-10f">
         <name>.rodata.str1.8108965883388295311.1</name>
         <load_address>0x54fc</load_address>
         <readonly>true</readonly>
         <run_address>0x54fc</run_address>
         <size>0x30</size>
         <alignment>0x1</alignment>
         <input_file_ref idref="fl-3"/>
      </object_component>
      <object_component id="oc-10e">
         <name>.rodata.str1.9059077390166914652.1</name>
         <load_address>0x552c</load_address>
         <readonly>true</readonly>
         <run_address>0x552c</run_address>
         <size>0x30</size>
         <alignment>0x1</alignment>
         <input_file_ref idref="fl-3"/>
      </object_component>
      <object_component id="oc-118">
         <name>.rodata.str1.17376258722486336754.1</name>
         <load_address>0x555c</load_address>
         <readonly>true</readonly>
         <run_address>0x555c</run_address>
         <size>0x2e</size>
         <alignment>0x1</alignment>
         <input_file_ref idref="fl-3"/>
      </object_component>
      <object_component id="oc-ff">
         <name>.rodata.str1.17100691992556644108.1</name>
         <load_address>0x558a</load_address>
         <readonly>true</readonly>
         <run_address>0x558a</run_address>
         <size>0x2c</size>
         <alignment>0x1</alignment>
         <input_file_ref idref="fl-3"/>
      </object_component>
      <object_component id="oc-109">
         <name>.rodata.str1.15996357275703397564.1</name>
         <load_address>0x55b6</load_address>
         <readonly>true</readonly>
         <run_address>0x55b6</run_address>
         <size>0x21</size>
         <alignment>0x1</alignment>
         <input_file_ref idref="fl-3"/>
      </object_component>
      <object_component id="oc-1b8">
         <name>.rodata.gDAC12Config</name>
         <load_address>0x55d8</load_address>
         <readonly>true</readonly>
         <run_address>0x55d8</run_address>
         <size>0x20</size>
         <alignment>0x4</alignment>
         <input_file_ref idref="fl-1"/>
      </object_component>
      <object_component id="oc-fe">
         <name>.rodata.str1.8154729771448623357.1</name>
         <load_address>0x55f8</load_address>
         <readonly>true</readonly>
         <run_address>0x55f8</run_address>
         <size>0x1e</size>
         <alignment>0x1</alignment>
         <input_file_ref idref="fl-3"/>
      </object_component>
      <object_component id="oc-11b">
         <name>.rodata.str1.11702106008850790973.1</name>
         <load_address>0x5616</load_address>
         <readonly>true</readonly>
         <run_address>0x5616</run_address>
         <size>0x18</size>
         <alignment>0x1</alignment>
         <input_file_ref idref="fl-3"/>
      </object_component>
      <object_component id="oc-10b">
         <name>.rodata.str1.8076846746581808073.1</name>
         <load_address>0x562e</load_address>
         <readonly>true</readonly>
         <run_address>0x562e</run_address>
         <size>0x16</size>
         <alignment>0x1</alignment>
         <input_file_ref idref="fl-3"/>
      </object_component>
      <object_component id="oc-1f6">
         <name>.rodata.str1.10348868589481759720.1</name>
         <load_address>0x5644</load_address>
         <readonly>true</readonly>
         <run_address>0x5644</run_address>
         <size>0x11</size>
         <alignment>0x1</alignment>
         <input_file_ref idref="fl-42"/>
      </object_component>
      <object_component id="oc-1e2">
         <name>.rodata.str1.15363888844622738466.1</name>
         <load_address>0x5655</load_address>
         <readonly>true</readonly>
         <run_address>0x5655</run_address>
         <size>0x11</size>
         <alignment>0x1</alignment>
         <input_file_ref idref="fl-42"/>
      </object_component>
      <object_component id="oc-100">
         <name>.rodata.str1.18227636981041470289.1</name>
         <load_address>0x5666</load_address>
         <readonly>true</readonly>
         <run_address>0x5666</run_address>
         <size>0x11</size>
         <alignment>0x1</alignment>
         <input_file_ref idref="fl-3"/>
      </object_component>
      <object_component id="oc-103">
         <name>.rodata.str1.288608917962107522.1</name>
         <load_address>0x5677</load_address>
         <readonly>true</readonly>
         <run_address>0x5677</run_address>
         <size>0x11</size>
         <alignment>0x1</alignment>
         <input_file_ref idref="fl-3"/>
      </object_component>
      <object_component id="oc-102">
         <name>.rodata.str1.12180500075719773345.1</name>
         <load_address>0x5688</load_address>
         <readonly>true</readonly>
         <run_address>0x5688</run_address>
         <size>0x10</size>
         <alignment>0x1</alignment>
         <input_file_ref idref="fl-3"/>
      </object_component>
      <object_component id="oc-107">
         <name>.rodata.str1.7702501944640899365.1</name>
         <load_address>0x5698</load_address>
         <readonly>true</readonly>
         <run_address>0x5698</run_address>
         <size>0x10</size>
         <alignment>0x1</alignment>
         <input_file_ref idref="fl-3"/>
      </object_component>
      <object_component id="oc-108">
         <name>.rodata.str1.16265332423659789559.1</name>
         <load_address>0x56a8</load_address>
         <readonly>true</readonly>
         <run_address>0x56a8</run_address>
         <size>0xf</size>
         <alignment>0x1</alignment>
         <input_file_ref idref="fl-3"/>
      </object_component>
      <object_component id="oc-fd">
         <name>.rodata.str1.15159059442110792349.1</name>
         <load_address>0x56b7</load_address>
         <readonly>true</readonly>
         <run_address>0x56b7</run_address>
         <size>0xe</size>
         <alignment>0x1</alignment>
[...]
      </symbol>
      <symbol id="sm-180">
         <name>user_uart_init</name>
         <value>0x49b9</value>
         <object_component_ref idref="oc-d6"/>
      </symbol>
      <symbol id="sm-181">
         <name>user_uart_send_string</name>
         <value>0x46fd</value>
         <object_component_ref idref="oc-e5"/>
      </symbol>
      <symbol id="sm-182">
         <name>UART0_IRQHandler</name>
         <value>0x43a1</value>
         <object_component_ref idref="oc-4a"/>
      </symbol>
      <symbol id="sm-183">
         <name>__TI_ATRegion0_src_addr</name>
         <value>0x0</value>
      </symbol>
      <symbol id="sm-184">
         <name>__TI_ATRegion0_trg_addr</name>
         <value>0x0</value>
      </symbol>
      <symbol id="sm-185">
         <name>__TI_ATRegion0_region_sz</name>
         <value>0x0</value>
      </symbol>
      <symbol id="sm-186">
         <name>__TI_ATRegion1_src_addr</name>
         <value>0x0</value>
      </symbol>
      <symbol id="sm-187">
         <name>__TI_ATRegion1_trg_addr</name>
         <value>0x0</value>
      </symbol>
      <symbol id="sm-188">
         <name>__TI_ATRegion1_region_sz</name>
         <value>0x0</value>
      </symbol>
      <symbol id="sm-189">
         <name>__TI_ATRegion2_src_addr</name>
         <value>0x0</value>
      </symbol>
      <symbol id="sm-18a">
         <name>__TI_ATRegion2_trg_addr</name>
         <value>0x0</value>
      </symbol>
      <symbol id="sm-18b">
         <name>__TI_ATRegion2_region_sz</name>
         <value>0x0</value>
      </symbol>
      <symbol id="sm-196">
         <name>DL_ADC12_setClockConfig</name>
         <value>0x45bd</value>
         <object_component_ref idref="oc-1ab"/>
      </symbol>
      <symbol id="sm-1a1">
         <name>DL_DAC12_init</name>
         <value>0x3a89</value>
         <object_component_ref idref="oc-1b2"/>
      </symbol>
      <symbol id="sm-1ab">
         <name>DL_I2C_setClockConfig</name>
         <value>0x4b81</value>
         <object_component_ref idref="oc-19a"/>
      </symbol>
      <symbol id="sm-1c2">
         <name>DL_Timer_setClockConfig</name>
         <value>0x4c69</value>
         <object_component_ref idref="oc-18e"/>
      </symbol>
      <symbol id="sm-1c3">
         <name>DL_Timer_setCaptureCompareValue</name>
         <value>0x4d19</value>
         <object_component_ref idref="oc-197"/>
      </symbol>
      <symbol id="sm-1c4">
         <name>DL_Timer_setCaptCompUpdateMethod</name>
         <value>0x4c4d</value>
         <object_component_ref idref="oc-196"/>
      </symbol>
      <symbol id="sm-1c5">
         <name>DL_Timer_setCaptureCompareOutCtl</name>
         <value>0x4c85</value>
         <object_component_ref idref="oc-195"/>
      </symbol>
      <symbol id="sm-1c6">
         <name>DL_Timer_initFourCCPWMMode</name>
         <value>0x32b9</value>
         <object_component_ref idref="oc-194"/>
      </symbol>
      <symbol id="sm-1d3">
         <name>DL_UART_init</name>
         <value>0x4531</value>
         <object_component_ref idref="oc-1a8"/>
      </symbol>
      <symbol id="sm-1d4">
         <name>DL_UART_setClockConfig</name>
         <value>0x4cf5</value>
         <object_component_ref idref="oc-1a2"/>
      </symbol>
      <symbol id="sm-1e6">
         <name>sprintf</name>
         <value>0x4949</value>
         <object_component_ref idref="oc-ee"/>
      </symbol>
      <symbol id="sm-1f3">
         <name>_c_int00_noargs</name>
         <value>0x4b59</value>
         <object_component_ref idref="oc-6a"/>
      </symbol>
      <symbol id="sm-1f4">
         <name>__stack</name>
         <value>0x20207e00</value>
         <object_component_ref idref="oc-1a"/>
      </symbol>
      <symbol id="sm-200">
         <name>__TI_auto_init_nobinit_nopinit</name>
         <value>0x47b5</value>
         <object_component_ref idref="oc-124"/>
      </symbol>
      <symbol id="sm-208">
         <name>_system_pre_init</name>
         <value>0x4daf</value>
         <object_component_ref idref="oc-9d"/>
      </symbol>
      <symbol id="sm-213">
         <name>__TI_zero_init_nomemset</name>
         <value>0x4cb5</value>
         <object_component_ref idref="oc-61"/>
      </symbol>
      <symbol id="sm-21c">
         <name>__TI_decompress_none</name>
         <value>0x4d07</value>
         <object_component_ref idref="oc-20"/>
      </symbol>
      <symbol id="sm-227">
         <name>__TI_decompress_lzss</name>
         <value>0x3d11</value>
         <object_component_ref idref="oc-1c"/>
      </symbol>
      <symbol id="sm-270">
         <name>__TI_printfi</name>
         <value>0xf71</value>
         <object_component_ref idref="oc-1c3"/>
      </symbol>
      <symbol id="sm-27d">
         <name>frexp</name>
         <value>0x4141</value>
         <object_component_ref idref="oc-217"/>
      </symbol>
      <symbol id="sm-27e">
         <name>frexpl</name>
         <value>0x4141</value>
         <object_component_ref idref="oc-217"/>
      </symbol>
      <symbol id="sm-288">
         <name>scalbn</name>
         <value>0x357d</value>
         <object_component_ref idref="oc-21b"/>
      </symbol>
      <symbol id="sm-289">
         <name>ldexp</name>
         <value>0x357d</value>
         <object_component_ref idref="oc-21b"/>
      </symbol>
      <symbol id="sm-28a">
         <name>scalbnl</name>
         <value>0x357d</value>
         <object_component_ref idref="oc-21b"/>
      </symbol>
      <symbol id="sm-28b">
         <name>ldexpl</name>
         <value>0x357d</value>
         <object_component_ref idref="oc-21b"/>
      </symbol>
      <symbol id="sm-294">
         <name>wcslen</name>
         <value>0x4d29</value>
         <object_component_ref idref="oc-1e9"/>
      </symbol>
      <symbol id="sm-29f">
         <name>__aeabi_errno_addr</name>
         <value>0x4d91</value>
         <object_component_ref idref="oc-1ed"/>
      </symbol>
      <symbol id="sm-2a0">
         <name>__aeabi_errno</name>
         <value>0x20200360</value>
         <object_component_ref idref="oc-20d"/>
      </symbol>
      <symbol id="sm-2aa">
         <name>abort</name>
         <value>0x4da1</value>
         <object_component_ref idref="oc-11d"/>
      </symbol>
      <symbol id="sm-2b4">
         <name>__TI_ltoa</name>
         <value>0x419d</value>
         <object_component_ref idref="oc-223"/>
      </symbol>
      <symbol id="sm-2c0">
         <name>atoi</name>
         <value>0x467d</value>
         <object_component_ref idref="oc-1e5"/>
      </symbol>
      <symbol id="sm-2ca">
         <name>memccpy</name>
         <value>0x4bcd</value>
         <object_component_ref idref="oc-1de"/>
      </symbol>
      <symbol id="sm-2d0">
         <name>__aeabi_ctype_table_</name>
         <value>0x53b0</value>
         <object_component_ref idref="oc-206"/>
      </symbol>
      <symbol id="sm-2d1">
         <name>__aeabi_ctype_table_C</name>
         <value>0x53b0</value>
         <object_component_ref idref="oc-206"/>
      </symbol>
      <symbol id="sm-2dc">
         <name>HOSTexit</name>
         <value>0x4da7</value>
         <object_component_ref idref="oc-17a"/>
      </symbol>
      <symbol id="sm-2dd">
         <name>C$$EXIT</name>
         <value>0x4da6</value>
         <object_component_ref idref="oc-17a"/>
      </symbol>
      <symbol id="sm-2f2">
         <name>__aeabi_fadd</name>
         <value>0x365f</value>
         <object_component_ref idref="oc-f9"/>
      </symbol>
      <symbol id="sm-2f3">
         <name>__addsf3</name>
         <value>0x365f</value>
         <object_component_ref idref="oc-f9"/>
      </symbol>
      <symbol id="sm-2f4">
         <name>__aeabi_fsub</name>
         <value>0x3655</value>
         <object_component_ref idref="oc-f9"/>
      </symbol>
      <symbol id="sm-2f5">
         <name>__subsf3</name>
         <value>0x3655</value>
         <object_component_ref idref="oc-f9"/>
      </symbol>
      <symbol id="sm-2fb">
         <name>__aeabi_dadd</name>
         <value>0x2dc7</value>
         <object_component_ref idref="oc-240"/>
      </symbol>
      <symbol id="sm-2fc">
         <name>__adddf3</name>
         <value>0x2dc7</value>
         <object_component_ref idref="oc-240"/>
      </symbol>
      <symbol id="sm-2fd">
         <name>__aeabi_dsub</name>
         <value>0x2dbd</value>
         <object_component_ref idref="oc-240"/>
      </symbol>
      <symbol id="sm-2fe">
         <name>__subdf3</name>
         <value>0x2dbd</value>
         <object_component_ref idref="oc-240"/>
      </symbol>
      <symbol id="sm-307">
         <name>__aeabi_dmul</name>
         <value>0x33bd</value>
         <object_component_ref idref="oc-22c"/>
      </symbol>
      <symbol id="sm-308">
         <name>__muldf3</name>
         <value>0x33bd</value>
         <object_component_ref idref="oc-22c"/>
      </symbol>
      <symbol id="sm-30e">
         <name>__muldsi3</name>
         <value>0x482d</value>
         <object_component_ref idref="oc-137"/>
      </symbol>
      <symbol id="sm-314">
         <name>__aeabi_fmul</name>
         <value>0x39fd</value>
         <object_component_ref idref="oc-b5"/>
      </symbol>
      <symbol id="sm-315">
         <name>__mulsf3</name>
         <value>0x39fd</value>
         <object_component_ref idref="oc-b5"/>
      </symbol>
      <symbol id="sm-31b">
         <name>__aeabi_fdiv</name>
         <value>0x3b11</value>
         <object_component_ref idref="oc-bf"/>
      </symbol>
      <symbol id="sm-31c">
         <name>__divsf3</name>
         <value>0x3b11</value>
         <object_component_ref idref="oc-bf"/>
      </symbol>
      <symbol id="sm-322">
         <name>__aeabi_ddiv</name>
         <value>0x31ad</value>
         <object_component_ref idref="oc-23c"/>
      </symbol>
      <symbol id="sm-323">
         <name>__divdf3</name>
         <value>0x31ad</value>
         <object_component_ref idref="oc-23c"/>
      </symbol>
      <symbol id="sm-329">
         <name>__aeabi_f2d</name>
         <value>0x463d</value>
         <object_component_ref idref="oc-e9"/>
      </symbol>
      <symbol id="sm-32a">
         <name>__extendsfdf2</name>
         <value>0x463d</value>
         <object_component_ref idref="oc-e9"/>
      </symbol>
      <symbol id="sm-330">
         <name>__aeabi_d2iz</name>
         <value>0x44e5</value>
         <object_component_ref idref="oc-21f"/>
      </symbol>
      <symbol id="sm-331">
         <name>__fixdfsi</name>
         <value>0x44e5</value>
         <object_component_ref idref="oc-21f"/>
      </symbol>
      <symbol id="sm-337">
         <name>__aeabi_f2iz</name>
         <value>0x4911</value>
         <object_component_ref idref="oc-c3"/>
      </symbol>
      <symbol id="sm-338">
         <name>__fixsfsi</name>
         <value>0x4911</value>
         <object_component_ref idref="oc-c3"/>
      </symbol>
      <symbol id="sm-33e">
         <name>__aeabi_f2uiz</name>
         <value>0x49ed</value>
         <object_component_ref idref="oc-169"/>
      </symbol>
      <symbol id="sm-33f">
         <name>__fixunssfsi</name>
         <value>0x49ed</value>
         <object_component_ref idref="oc-169"/>
      </symbol>
      <symbol id="sm-345">
         <name>__aeabi_i2d</name>
         <value>0x4ab1</value>
         <object_component_ref idref="oc-227"/>
      </symbol>
      <symbol id="sm-346">
         <name>__floatsidf</name>
         <value>0x4ab1</value>
         <object_component_ref idref="oc-227"/>
      </symbol>
      <symbol id="sm-34c">
         <name>__aeabi_i2f</name>
         <value>0x473d</value>
         <object_component_ref idref="oc-b1"/>
      </symbol>
      <symbol id="sm-34d">
         <name>__floatsisf</name>
         <value>0x473d</value>
         <object_component_ref idref="oc-b1"/>
      </symbol>
      <symbol id="sm-353">
         <name>__aeabi_ui2f</name>
         <value>0x4b09</value>
         <object_component_ref idref="oc-164"/>
      </symbol>
      <symbol id="sm-354">
         <name>__floatunsisf</name>
         <value>0x4b09</value>
         <object_component_ref idref="oc-164"/>
      </symbol>
      <symbol id="sm-35a">
         <name>__aeabi_lmul</name>
         <value>0x4ba9</value>
         <object_component_ref idref="oc-1f2"/>
      </symbol>
      <symbol id="sm-35b">
         <name>__muldi3</name>
         <value>0x4ba9</value>
         <object_component_ref idref="oc-1f2"/>
      </symbol>
      <symbol id="sm-361">
         <name>__aeabi_dcmpeq</name>
         <value>0x4019</value>
         <object_component_ref idref="oc-1fc"/>
      </symbol>
      <symbol id="sm-362">
         <name>__aeabi_dcmplt</name>
         <value>0x402d</value>
         <object_component_ref idref="oc-1fc"/>
      </symbol>
      <symbol id="sm-363">
         <name>__aeabi_dcmple</name>
         <value>0x4041</value>
         <object_component_ref idref="oc-1fc"/>
      </symbol>
      <symbol id="sm-364">
         <name>__aeabi_dcmpge</name>
         <value>0x4055</value>
         <object_component_ref idref="oc-1fc"/>
      </symbol>
      <symbol id="sm-365">
         <name>__aeabi_dcmpgt</name>
         <value>0x4069</value>
         <object_component_ref idref="oc-1fc"/>
      </symbol>
      <symbol id="sm-36b">
         <name>__aeabi_fcmpeq</name>
         <value>0x407d</value>
         <object_component_ref idref="oc-b9"/>
      </symbol>
      <symbol id="sm-36c">
         <name>__aeabi_fcmplt</name>
         <value>0x4091</value>
         <object_component_ref idref="oc-b9"/>
      </symbol>
      <symbol id="sm-36d">
         <name>__aeabi_fcmple</name>
         <value>0x40a5</value>
         <object_component_ref idref="oc-b9"/>
      </symbol>
      <symbol id="sm-36e">
         <name>__aeabi_fcmpge</name>
         <value>0x40b9</value>
         <object_component_ref idref="oc-b9"/>
      </symbol>
      <symbol id="sm-36f">
         <name>__aeabi_fcmpgt</name>
         <value>0x40cd</value>
         <object_component_ref idref="oc-b9"/>
      </symbol>
      <symbol id="sm-375">
         <name>__aeabi_idiv</name>
         <value>0x424d</value>
         <object_component_ref idref="oc-253"/>
      </symbol>
      <symbol id="sm-376">
         <name>__aeabi_idivmod</name>
         <value>0x424d</value>
         <object_component_ref idref="oc-253"/>
      </symbol>
      <symbol id="sm-37c">
         <name>__aeabi_memcpy</name>
         <value>0x4d99</value>
         <object_component_ref idref="oc-5a"/>
      </symbol>
      <symbol id="sm-37d">
         <name>__aeabi_memcpy4</name>
         <value>0x4d99</value>
         <object_component_ref idref="oc-5a"/>
      </symbol>
      <symbol id="sm-37e">
         <name>__aeabi_memcpy8</name>
         <value>0x4d99</value>
         <object_component_ref idref="oc-5a"/>
      </symbol>
      <symbol id="sm-385">
         <name>__aeabi_memset</name>
         <value>0x4d39</value>
         <object_component_ref idref="oc-1dd"/>
      </symbol>
      <symbol id="sm-386">
         <name>__aeabi_memset4</name>
         <value>0x4d39</value>
         <object_component_ref idref="oc-1dd"/>
      </symbol>
      <symbol id="sm-387">
         <name>__aeabi_memset8</name>
         <value>0x4d39</value>
         <object_component_ref idref="oc-1dd"/>
      </symbol>
      <symbol id="sm-38d">
         <name>__aeabi_uidiv</name>
         <value>0x45fd</value>
         <object_component_ref idref="oc-f4"/>
      </symbol>
      <symbol id="sm-38e">
         <name>__aeabi_uidivmod</name>
         <value>0x45fd</value>
         <object_component_ref idref="oc-f4"/>
      </symbol>
      <symbol id="sm-394">
         <name>__aeabi_uldivmod</name>
         <value>0x4ccd</value>
         <object_component_ref idref="oc-1f7"/>
      </symbol>
      <symbol id="sm-39d">
         <name>__eqsf2</name>
         <value>0x47f1</value>
         <object_component_ref idref="oc-13c"/>
      </symbol>
      <symbol id="sm-39e">
         <name>__lesf2</name>
         <value>0x47f1</value>
         <object_component_ref idref="oc-13c"/>
      </symbol>
      <symbol id="sm-39f">
         <name>__ltsf2</name>
         <value>0x47f1</value>
         <object_component_ref idref="oc-13c"/>
      </symbol>
      <symbol id="sm-3a0">
         <name>__nesf2</name>
         <value>0x47f1</value>
         <object_component_ref idref="oc-13c"/>
      </symbol>
      <symbol id="sm-3a1">
         <name>__cmpsf2</name>
         <value>0x47f1</value>
         <object_component_ref idref="oc-13c"/>
      </symbol>
      <symbol id="sm-3a2">
         <name>__gtsf2</name>
         <value>0x4779</value>
         <object_component_ref idref="oc-141"/>
      </symbol>
      <symbol id="sm-3a3">
         <name>__gesf2</name>
         <value>0x4779</value>
         <object_component_ref idref="oc-141"/>
      </symbol>
      <symbol id="sm-3a9">
         <name>__udivmoddi4</name>
         <value>0x38c1</value>
         <object_component_ref idref="oc-212"/>
      </symbol>
      <symbol id="sm-3af">
         <name>__aeabi_llsl</name>
         <value>0x4c11</value>
         <object_component_ref idref="oc-247"/>
      </symbol>
      <symbol id="sm-3b0">
         <name>__ashldi3</name>
         <value>0x4c11</value>
         <object_component_ref idref="oc-247"/>
      </symbol>
      <symbol id="sm-3be">
         <name>__ledf2</name>
         <value>0x3f49</value>
         <object_component_ref idref="oc-234"/>
      </symbol>
      <symbol id="sm-3bf">
         <name>__gedf2</name>
         <value>0x3d8d</value>
         <object_component_ref idref="oc-23a"/>
      </symbol>
      <symbol id="sm-3c0">
         <name>__cmpdf2</name>
         <value>0x3f49</value>
         <object_component_ref idref="oc-234"/>
      </symbol>
      <symbol id="sm-3c1">
         <name>__eqdf2</name>
         <value>0x3f49</value>
         <object_component_ref idref="oc-234"/>
      </symbol>
      <symbol id="sm-3c2">
         <name>__ltdf2</name>
         <value>0x3f49</value>
         <object_component_ref idref="oc-234"/>
      </symbol>
      <symbol id="sm-3c3">
         <name>__nedf2</name>
         <value>0x3f49</value>
         <object_component_ref idref="oc-234"/>
      </symbol>
      <symbol id="sm-3c4">
         <name>__gtdf2</name>
         <value>0x3d8d</value>
         <object_component_ref idref="oc-23a"/>
      </symbol>
      <symbol id="sm-3d0">
         <name>__aeabi_idiv0</name>
         <value>0x3b93</value>
         <object_component_ref idref="oc-173"/>
      </symbol>
      <symbol id="sm-3d1">
         <name>__aeabi_ldiv0</name>
         <value>0x4017</value>
         <object_component_ref idref="oc-246"/>
      </symbol>
      <symbol id="sm-3eb">
         <name>memcpy</name>
         <value>0x3963</value>
         <object_component_ref idref="oc-cc"/>
      </symbol>
      <symbol id="sm-3fa">
         <name>memset</name>
         <value>0x40df</value>
         <object_component_ref idref="oc-14b"/>
      </symbol>
      <symbol id="sm-3fb">
         <name>__TI_static_base__</name>
         <value>0x0</value>
      </symbol>
      <symbol id="sm-3ff">
         <name>__mpu_init</name>
         <value>0x0</value>
      </symbol>
      <symbol id="sm-400">
         <name>_system_post_cinit</name>
         <value>0x0</value>
      </symbol>
   </symbol_table>
   <title>Link successful</title>
</link_info>
