******************************************************************************
            TI ARM Clang Linker PC v4.0.3                      
******************************************************************************
>> Linked Mon Jul 21 20:57:07 2025

OUTPUT FILE NAME:   <Basic_Functions.out>
ENTRY POINT SYMBOL: "_c_int00_noargs"  address: 00004b59


MEMORY CONFIGURATION

         name            origin    length      used     unused   attr    fill
----------------------  --------  ---------  --------  --------  ----  --------
  FLASH                 00000000   00020000  00005790  0001a870  R  X
  SRAM                  20200000   00008000  00000594  00007a6c  RW X
  BCR_CONFIG            41c00000   000000ff  00000000  000000ff  R   
  BSL_CONFIG            41c00100   00000080  00000000  00000080  R   


SEGMENT ALLOCATION MAP

run origin  load origin   length   init length attrs members
----------  ----------- ---------- ----------- ----- -------
00000000    00000000    00004db8   00004db8    r-x
  00000000    00000000    000000c0   000000c0    r-- .intvecs
  000000c0    000000c0    00004cf8   00004cf8    r-x .text
00004dc0    00004dc0    000009d8   000009d8    r--
  00004dc0    00004dc0    00000990   00000990    r-- .rodata
  00005750    00005750    00000048   00000048    r-- .cinit
20200000    20200000    00000394   00000000    rw-
  20200000    20200000    0000033c   00000000    rw- .bss
  2020033c    2020033c    00000058   00000000    rw- .data
20207e00    20207e00    00000200   00000000    rw-
  20207e00    20207e00    00000200   00000000    rw- .stack


SECTION ALLOCATION MAP

 output                                  attributes/
section   page    origin      length       input sections
--------  ----  ----------  ----------   ----------------
.intvecs   0    00000000    000000c0     
                  00000000    000000c0     startup_mspm0g350x_ticlang.o (.intvecs)

.text      0    000000c0    00004cf8     
                  000000c0    00000eb0     user_OLED.o (.text.OLED_Init)
                  00000f70    000009d0     libc.a : _printfi.c.obj (.text:__TI_printfi)
                  00001940    000006ac     user_OLED.o (.text.OLED_ShowFloat)
                  00001fec    0000031c     main.o (.text.main)
                  00002308    00000314     user_OLED.o (.text.OLED_ShowChar)
                  0000261c    00000220     libc.a : _printfi.c.obj (.text._pconv_a)
                  0000283c    00000210     user_OLED.o (.text.OLED_SetCursor)
                  00002a4c    000001dc     libc.a : _printfi.c.obj (.text._pconv_g)
                  00002c28    00000194     user_OLED.o (.text.OLED_Clear)
                  00002dbc    00000192     libclang_rt.builtins.a : adddf3.S.obj (.text.adddf3_subdf3)
                  00002f4e    00000002     startup_mspm0g350x_ticlang.o (.text.Default_Handler)
                  00002f50    0000013c     libc.a : _printfi.c.obj (.text.fcvt)
                  0000308c    00000120            : _printfi.c.obj (.text._pconv_e)
                  000031ac    0000010c     libclang_rt.builtins.a : divdf3.S.obj (.text.__divdf3)
                  000032b8    00000104     driverlib.a : dl_timer.o (.text.DL_Timer_initFourCCPWMMode)
                  000033bc    000000e4     libclang_rt.builtins.a : muldf3.S.obj (.text.__muldf3)
                  000034a0    000000dc     user_current_sensor.o (.text.user_current_read_average)
                  0000357c    000000d8     libc.a : s_scalbn.c.obj (.text.scalbn)
                  00003654    000000d8     libclang_rt.builtins.a : addsf3.S.obj (.text)
                  0000372c    000000d0     ti_msp_dl_config.o (.text.SYSCFG_DL_GPIO_init)
                  000037fc    000000c4     user_key.o (.text.GROUP1_IRQHandler)
                  000038c0    000000a2     libclang_rt.builtins.a : udivmoddi4.S.obj (.text)
                  00003962    0000009a     libc.a : memcpy16.S.obj (.text:memcpy)
                  000039fc    0000008c     libclang_rt.builtins.a : mulsf3.S.obj (.text.__mulsf3)
                  00003a88    00000088     driverlib.a : dl_dac12.o (.text.DL_DAC12_init)
                  00003b10    00000082     libclang_rt.builtins.a : divsf3.S.obj (.text.__divsf3)
                  00003b92    00000002                            : aeabi_div0.c.obj (.text.__aeabi_idiv0)
                  00003b94    00000080     user_ADC.o (.text.user_adc_read_voltage)
                  00003c14    00000080     user_current_sensor.o (.text.user_current_calibrate_zero)
                  00003c94    0000007c     ti_msp_dl_config.o (.text.SYSCFG_DL_UART_0_init)
                  00003d10    0000007c     libc.a : copy_decompress_lzss.c.obj (.text:decompress:lzss)
                  00003d8c    00000074     libclang_rt.builtins.a : comparedf2.c.obj (.text.__gedf2)
                  00003e00    00000070     user_DAC.o (.text.DAC0_IRQHandler)
                  00003e70    00000070     ti_msp_dl_config.o (.text.SYSCFG_DL_initPower)
                  00003ee0    00000068     ti_msp_dl_config.o (.text.SYSCFG_DL_PWM_0_init)
                  00003f48    00000068     libclang_rt.builtins.a : comparedf2.c.obj (.text.__ledf2)
                  00003fb0    00000066     libc.a : _printfi.c.obj (.text._mcpy)
                  00004016    00000002     libclang_rt.builtins.a : aeabi_div0.c.obj (.text.__aeabi_ldiv0)
                  00004018    00000062                            : aeabi_dcmp.S.obj (.text.__aeabi_dcmp)
                  0000407a    00000002     --HOLE-- [fill = 0]
                  0000407c    00000062                            : aeabi_fcmp.S.obj (.text.__aeabi_fcmp)
                  000040de    00000062     libc.a : memset16.S.obj (.text:memset)
                  00004140    0000005c            : s_frexp.c.obj (.text.frexp)
                  0000419c    00000058            : _ltoa.c.obj (.text.__TI_ltoa)
                  000041f4    00000058            : _printfi.c.obj (.text._pconv_f)
                  0000424c    00000056     libclang_rt.builtins.a : aeabi_idivmod.S.obj (.text.__aeabi_idivmod)
                  000042a2    00000054     user_OLED.o (.text.OLED_ShowString)
                  000042f6    00000002     --HOLE-- [fill = 0]
                  000042f8    00000054     ti_msp_dl_config.o (.text.SYSCFG_DL_I2C_0_init)
                  0000434c    00000054     ti_msp_dl_config.o (.text.SYSCFG_DL_I2C_1_init)
                  000043a0    00000054     user_uart.o (.text.UART0_IRQHandler)
                  000043f4    00000052     libc.a : _printfi.c.obj (.text._ecpy)
                  00004446    00000002     --HOLE-- [fill = 0]
                  00004448    00000050     user_ADC.o (.text.user_adc_init)
                  00004498    0000004c     ti_msp_dl_config.o (.text.SYSCFG_DL_SYSCTL_init)
                  000044e4    0000004a     libclang_rt.builtins.a : fixdfsi.S.obj (.text.__fixdfsi)
                  0000452e    00000002     --HOLE-- [fill = 0]
                  00004530    00000048     driverlib.a : dl_uart.o (.text.DL_UART_init)
                  00004578    00000044     ti_msp_dl_config.o (.text.SYSCFG_DL_ADC12_0_init)
                  000045bc    00000040     driverlib.a : dl_adc12.o (.text.DL_ADC12_setClockConfig)
                  000045fc    00000040     libclang_rt.builtins.a : aeabi_uidivmod.S.obj (.text.__aeabi_uidivmod)
                  0000463c    00000040                            : extendsfdf2.S.obj (.text.__extendsfdf2)
                  0000467c    00000040     libc.a : atoi.c.obj (.text.atoi)
                  000046bc    00000040     user_Encoder.o (.text.user_encoder_voltage_to_dac)
                  000046fc    00000040     user_uart.o (.text.user_uart_send_string)
                  0000473c    0000003c     libclang_rt.builtins.a : floatsisf.S.obj (.text.__floatsisf)
                  00004778    0000003c                            : comparesf2.S.obj (.text.__gtsf2)
                  000047b4    0000003c     libc.a : autoinit.c.obj (.text:__TI_auto_init_nobinit_nopinit)
                  000047f0    0000003a     libclang_rt.builtins.a : comparesf2.S.obj (.text.__eqsf2)
                  0000482a    00000002     --HOLE-- [fill = 0]
                  0000482c    0000003a                            : muldsi3.S.obj (.text.__muldsi3)
                  00004866    0000003a     delay.o (.text.delay_us)
                  000048a0    00000038     delay.o (.text.DL_Common_delayCycles)
                  000048d8    00000038     ti_msp_dl_config.o (.text.SYSCFG_DL_init)
                  00004910    00000038     libclang_rt.builtins.a : fixsfsi.S.obj (.text.__fixsfsi)
                  00004948    00000038     libc.a : sprintf.c.obj (.text.sprintf)
                  00004980    00000038     user_Encoder.o (.text.user_encoder_count_to_voltage)
                  000049b8    00000034     user_uart.o (.text.user_uart_init)
                  000049ec    00000032     libclang_rt.builtins.a : fixunssfsi.S.obj (.text.__fixunssfsi)
                  00004a1e    00000002     --HOLE-- [fill = 0]
                  00004a20    00000030     ti_msp_dl_config.o (.text.SYSCFG_DL_DAC12_init)
                  00004a50    00000030     ti_msp_dl_config.o (.text.SYSCFG_DL_SYSTICK_init)
                  00004a80    00000030     libc.a : _printfi.c.obj (.text._fcpy)
                  00004ab0    0000002c     libclang_rt.builtins.a : floatsidf.S.obj (.text.__floatsidf)
                  00004adc    0000002c     user_current_sensor.o (.text.user_current_sensor_init)
                  00004b08    00000028     libclang_rt.builtins.a : floatunsisf.S.obj (.text.__floatunsisf)
                  00004b30    00000028     delay.o (.text.delay_ms)
                  00004b58    00000028     libc.a : boot_cortex_m.c.obj (.text:_c_int00_noargs)
                  00004b80    00000026     driverlib.a : dl_i2c.o (.text.DL_I2C_setClockConfig)
                  00004ba6    00000002     --HOLE-- [fill = 0]
                  00004ba8    00000024     libclang_rt.builtins.a : muldi3.S.obj (.text.__muldi3)
                  00004bcc    00000022     libc.a : memccpy.c.obj (.text.memccpy)
                  00004bee    00000002     --HOLE-- [fill = 0]
                  00004bf0    00000020     delay.o (.text.SysTick_Handler)
                  00004c10    0000001e     libclang_rt.builtins.a : ashldi3.S.obj (.text.__ashldi3)
                  00004c2e    00000002     --HOLE-- [fill = 0]
                  00004c30    0000001c     user_ADC.o (.text.ADC0_IRQHandler)
                  00004c4c    0000001c     driverlib.a : dl_timer.o (.text.DL_Timer_setCaptCompUpdateMethod)
                  00004c68    0000001c                 : dl_timer.o (.text.DL_Timer_setClockConfig)
                  00004c84    00000018                 : dl_timer.o (.text.DL_Timer_setCaptureCompareOutCtl)
                  00004c9c    00000018     libc.a : sprintf.c.obj (.text._outs)
                  00004cb4    00000016            : copy_zero_init.c.obj (.text:decompress:ZI:__TI_zero_init_nomemset)
                  00004cca    00000002     --HOLE-- [fill = 0]
                  00004ccc    00000014     libclang_rt.builtins.a : aeabi_uldivmod.S.obj (.text.__aeabi_uldivmod)
                  00004ce0    00000014     libc.a : _printfi.c.obj (.text.strchr)
                  00004cf4    00000012     driverlib.a : dl_uart.o (.text.DL_UART_setClockConfig)
                  00004d06    00000012     libc.a : copy_decompress_none.c.obj (.text:decompress:none)
                  00004d18    00000010     driverlib.a : dl_timer.o (.text.DL_Timer_setCaptureCompareValue)
                  00004d28    00000010     libc.a : wcslen.c.obj (.text.wcslen)
                  00004d38    0000000e     libclang_rt.builtins.a : aeabi_memset.S.obj (.text.__aeabi_memset)
                  00004d46    0000000e     libc.a : _printfi.c.obj (.text.strlen)
                  00004d54    0000000c     user_current_sensor.o (.text.user_current_get_zero_offset)
                  00004d60    0000000a     libc.a : _printfi.c.obj (.text.OUTLINED_FUNCTION_0)
                  00004d6a    00000002     --HOLE-- [fill = 0]
                  00004d6c    00000010     libclang_rt.builtins.a : adddf3.S.obj (.tramp.__aeabi_dsub.1)
                  00004d7c    0000000a     libc.a : _printfi.c.obj (.text.OUTLINED_FUNCTION_1)
                  00004d86    0000000a            : sprintf.c.obj (.text._outc)
                  00004d90    00000008            : aeabi_portable.c.obj (.text.__aeabi_errno_addr)
                  00004d98    00000008     libclang_rt.builtins.a : aeabi_memcpy.S.obj (.text.__aeabi_memcpy)
                  00004da0    00000006     libc.a : exit.c.obj (.text:abort)
                  00004da6    00000004     libsysbm.a : hostexit.c.obj (.text.HOSTexit)
                  00004daa    00000004     startup_mspm0g350x_ticlang.o (.text.Reset_Handler)
                  00004dae    00000004     libc.a : pre_init.c.obj (.text._system_pre_init)
                  00004db2    00000006     --HOLE-- [fill = 0]

.cinit     0    00005750    00000048     
                  00005750    0000001d     (.cinit..data.load) [load image, compression = lzss]
                  0000576d    00000003     --HOLE-- [fill = 0]
                  00005770    0000000c     (__TI_handler_table)
                  0000577c    00000008     (.cinit..bss.load) [load image, compression = zero_init]
                  00005784    00000010     (__TI_cinit_table)
                  00005794    00000004     --HOLE-- [fill = 0]

.rodata    0    00004dc0    00000990     
                  00004dc0    000005f0     user_OLED.o (.rodata.OLED_F8x16)
                  000053b0    00000101     libc.a : aeabi_ctype.S.obj (.rodata:__aeabi_ctype_table_)
                  000054b1    0000004b     main.o (.rodata.str1.14112174005742061988.1)
                  000054fc    00000030     main.o (.rodata.str1.8108965883388295311.1)
                  0000552c    00000030     main.o (.rodata.str1.9059077390166914652.1)
                  0000555c    0000002e     main.o (.rodata.str1.17376258722486336754.1)
                  0000558a    0000002c     main.o (.rodata.str1.17100691992556644108.1)
                  000055b6    00000021     main.o (.rodata.str1.15996357275703397564.1)
                  000055d7    00000001     --HOLE-- [fill = 0]
                  000055d8    00000020     ti_msp_dl_config.o (.rodata.gDAC12Config)
                  000055f8    0000001e     main.o (.rodata.str1.8154729771448623357.1)
                  00005616    00000018     main.o (.rodata.str1.11702106008850790973.1)
                  0000562e    00000016     main.o (.rodata.str1.8076846746581808073.1)
                  00005644    00000011     libc.a : _printfi.c.obj (.rodata.str1.10348868589481759720.1)
                  00005655    00000011            : _printfi.c.obj (.rodata.str1.15363888844622738466.1)
                  00005666    00000011     main.o (.rodata.str1.18227636981041470289.1)
                  00005677    00000011     main.o (.rodata.str1.288608917962107522.1)
                  00005688    00000010     main.o (.rodata.str1.12180500075719773345.1)
                  00005698    00000010     main.o (.rodata.str1.7702501944640899365.1)
                  000056a8    0000000f     main.o (.rodata.str1.16265332423659789559.1)
                  000056b7    0000000e     main.o (.rodata.str1.15159059442110792349.1)
                  000056c5    0000000e     main.o (.rodata.str1.2846389346932560359.1)
                  000056d3    0000000c     main.o (.rodata.str1.11870794119293528247.1)
                  000056df    0000000c     main.o (.rodata.str1.14402440632258215044.1)
                  000056eb    0000000c     main.o (.rodata.str1.2123964117280943167.1)
                  000056f7    00000001     --HOLE-- [fill = 0]
                  000056f8    0000000a     ti_msp_dl_config.o (.rodata.gUART_0Config)
                  00005702    00000009     main.o (.rodata.str1.13288086030101331538.1)
                  0000570b    00000009     main.o (.rodata.str1.16631870348416990953.1)
                  00005714    00000008     ti_msp_dl_config.o (.rodata.gADC12_0ClockConfig)
                  0000571c    00000008     ti_msp_dl_config.o (.rodata.gPWM_0Config)
                  00005724    00000006     main.o (.rodata.str1.14079361385603432444.1)
                  0000572a    00000006     main.o (.rodata.str1.2763581881760962609.1)
                  00005730    00000005     main.o (.rodata.str1.10313062130652730376.1)
                  00005735    00000005     main.o (.rodata.str1.13782249893155712474.1)
                  0000573a    00000005     main.o (.rodata.str1.6891813955777630061.1)
                  0000573f    00000003     ti_msp_dl_config.o (.rodata.gPWM_0ClockConfig)
                  00005742    00000002     ti_msp_dl_config.o (.rodata.gI2C_0ClockConfig)
                  00005744    00000002     ti_msp_dl_config.o (.rodata.gI2C_1ClockConfig)
                  00005746    00000002     ti_msp_dl_config.o (.rodata.gUART_0ClockConfig)
                  00005748    00000008     --HOLE-- [fill = 0]

.init_array 
*          0    00000000    00000000     UNINITIALIZED

.binit     0    00000000    00000000     

.bss       0    20200000    0000033c     UNINITIALIZED
                  20200000    00000200     user_DAC.o (.bss.sine_table)
                  20200200    000000bc     (.common:gPWM_0Backup)
                  202002bc    00000080     user_uart.o (.bss.rx_buffer)

.data      0    2020033c    00000058     UNINITIALIZED
                  2020033c    00000014     user_current_sensor.o (.data.g_current_data)
                  20200350    00000010     user_Encoder.o (.data.g_encoder_state)
                  20200360    00000004     libc.a : aeabi_portable.c.obj (.data.__aeabi_errno)
                  20200364    00000004     delay.o (.data.delay_times)
                  20200368    00000004     user_DAC.o (.data.interrupt_count)
                  2020036c    00000004     user_uart.o (.data.irq_counter)
                  20200370    00000004     main.o (.data.main.calibration_start_time)
                  20200374    00000004     main.o (.data.main.last_display_time)
                  20200378    00000004     main.o (.data.main.led_toggle_time)
                  2020037c    00000004     user_DAC.o (.data.sine_index)
                  20200380    00000004     main.o (.data.system_time_ms)
                  20200384    00000004     user_current_sensor.o (.data.zero_offset_voltage)
                  20200388    00000002     user_uart.o (.data.rx_count)
                  2020038a    00000002     user_uart.o (.data.rx_head)
                  2020038c    00000002     user_uart.o (.data.rx_tail)
                  2020038e    00000001     user_DAC.o (.data.dac_running)
                  2020038f    00000001     main.o (.data.display_state)
                  20200390    00000001     user_current_sensor.o (.data.filter_initialized)
                  20200391    00000001     user_ADC.o (.data.gCheckADC)
                  20200392    00000001     user_key.o (.data.key_pressed_flag)
                  20200393    00000001     main.o (.data.main.uart_counter)

.stack     0    20207e00    00000200     UNINITIALIZED
                  20207e00    00000004     libc.a : boot_cortex_m.c.obj (.stack)
                  20207e04    000001fc     --HOLE--

__llvm_prf_cnts 
*          0    20200000    00000000     UNINITIALIZED

__llvm_prf_bits 
*          0    20200000    00000000     UNINITIALIZED

MODULE SUMMARY

       Module                         code    ro data   rw data
       ------                         ----    -------   -------
    .\
       main.o                         796     560       18     
       ti_msp_dl_config.o             1012    67        188    
       startup_mspm0g350x_ticlang.o   6       192       0      
    +--+------------------------------+-------+---------+---------+
       Total:                         1814    819       206    
                                                               
    .\user\
       user_OLED.o                    7272    1520      0      
       user_DAC.o                     112     0         521    
       user_current_sensor.o          404     0         25     
       user_uart.o                    200     0         138    
       user_ADC.o                     236     0         1      
       user_key.o                     196     0         1      
       delay.o                        186     0         4      
       user_Encoder.o                 120     0         16     
    +--+------------------------------+-------+---------+---------+
       Total:                         8726    1520      706    
                                                               
    D:/ti/mspm0_sdk_2_05_00_05/source/ti/driverlib/lib/ticlang/m0p/mspm0g1x0x_g3x0x/driverlib.a
       dl_timer.o                     356     0         0      
       dl_dac12.o                     136     0         0      
       dl_uart.o                      90      0         0      
       dl_adc12.o                     64      0         0      
       dl_i2c.o                       38      0         0      
    +--+------------------------------+-------+---------+---------+
       Total:                         684     0         0      
                                                               
    D:\ti\ccs2020\ccs\tools\compiler\ti-cgt-armllvm_4.0.3.LTS\lib\armv6m-ti-none-eabi/c/libc.a
       _printfi.c.obj                 4510    34        0      
       aeabi_ctype.S.obj              0       257       0      
       s_scalbn.c.obj                 216     0         0      
       memcpy16.S.obj                 154     0         0      
       copy_decompress_lzss.c.obj     124     0         0      
       memset16.S.obj                 98      0         0      
       s_frexp.c.obj                  92      0         0      
       sprintf.c.obj                  90      0         0      
       _ltoa.c.obj                    88      0         0      
       atoi.c.obj                     64      0         0      
       autoinit.c.obj                 60      0         0      
       boot_cortex_m.c.obj            40      0         0      
       memccpy.c.obj                  34      0         0      
       copy_zero_init.c.obj           22      0         0      
       copy_decompress_none.c.obj     18      0         0      
       wcslen.c.obj                   16      0         0      
       aeabi_portable.c.obj           8       0         4      
       exit.c.obj                     6       0         0      
       pre_init.c.obj                 4       0         0      
    +--+------------------------------+-------+---------+---------+
       Total:                         5644    291       4      
                                                               
    D:\ti\ccs2020\ccs\tools\compiler\ti-cgt-armllvm_4.0.3.LTS\lib\armv6m-ti-none-eabi/c/libsysbm.a
       hostexit.c.obj                 4       0         0      
    +--+------------------------------+-------+---------+---------+
       Total:                         4       0         0      
                                                               
    D:\ti\ccs2020\ccs\tools\compiler\ti-cgt-armllvm_4.0.3.LTS\lib\armv6m-ti-none-eabi/libclang_rt.builtins.a
       adddf3.S.obj                   418     0         0      
       divdf3.S.obj                   268     0         0      
       muldf3.S.obj                   228     0         0      
       comparedf2.c.obj               220     0         0      
       addsf3.S.obj                   216     0         0      
       udivmoddi4.S.obj               162     0         0      
       mulsf3.S.obj                   140     0         0      
       divsf3.S.obj                   130     0         0      
       comparesf2.S.obj               118     0         0      
       aeabi_dcmp.S.obj               98      0         0      
       aeabi_fcmp.S.obj               98      0         0      
       aeabi_idivmod.S.obj            86      0         0      
       fixdfsi.S.obj                  74      0         0      
       aeabi_uidivmod.S.obj           64      0         0      
       extendsfdf2.S.obj              64      0         0      
       floatsisf.S.obj                60      0         0      
       muldsi3.S.obj                  58      0         0      
       fixsfsi.S.obj                  56      0         0      
       fixunssfsi.S.obj               50      0         0      
       floatsidf.S.obj                44      0         0      
       floatunsisf.S.obj              40      0         0      
       muldi3.S.obj                   36      0         0      
       ashldi3.S.obj                  30      0         0      
       aeabi_uldivmod.S.obj           20      0         0      
       aeabi_memset.S.obj             14      0         0      
       aeabi_memcpy.S.obj             8       0         0      
       aeabi_div0.c.obj               4       0         0      
    +--+------------------------------+-------+---------+---------+
       Total:                         2804    0         0      
                                                               
       Stack:                         0       0         512    
       Linker Generated:              0       65        0      
    +--+------------------------------+-------+---------+---------+
       Grand Total:                   19676   2695      1428   


LINKER GENERATED COPY TABLES

__TI_cinit_table @ 00005784 records: 2, size/record: 8, table size: 16
	.data: load addr=00005750, load size=0000001d bytes, run addr=2020033c, run size=00000058 bytes, compression=lzss
	.bss: load addr=0000577c, load size=00000008 bytes, run addr=20200000, run size=0000033c bytes, compression=zero_init


LINKER GENERATED HANDLER TABLE

__TI_handler_table @ 00005770 records: 3, size/record: 4, table size: 12
	index: 0, handler: __TI_decompress_lzss
	index: 1, handler: __TI_decompress_none
	index: 2, handler: __TI_zero_init


FAR CALL TRAMPOLINES

callee name               trampoline name
   callee addr  tramp addr   call addr  call info
--------------  -----------  ---------  ----------------
__aeabi_dsub              $Tramp$TT$L$PI$$__aeabi_dsub
   00002dbd     00004d6c     00004d68   libc.a : _printfi.c.obj (.text.OUTLINED_FUNCTION_0)

[1 trampolines]
[1 trampoline calls]


GLOBAL SYMBOLS: SORTED ALPHABETICALLY BY Name 

address   name                            
-------   ----                            
00004c31  ADC0_IRQHandler                 
00002f4f  ADC1_IRQHandler                 
00002f4f  AES_IRQHandler                  
00004da6  C$$EXIT                         
00002f4f  CANFD0_IRQHandler               
00003e01  DAC0_IRQHandler                 
000045bd  DL_ADC12_setClockConfig         
000048a1  DL_Common_delayCycles           
00003a89  DL_DAC12_init                   
00004b81  DL_I2C_setClockConfig           
000032b9  DL_Timer_initFourCCPWMMode      
00004c4d  DL_Timer_setCaptCompUpdateMethod
00004c85  DL_Timer_setCaptureCompareOutCtl
00004d19  DL_Timer_setCaptureCompareValue 
00004c69  DL_Timer_setClockConfig         
00004531  DL_UART_init                    
00004cf5  DL_UART_setClockConfig          
00002f4f  DMA_IRQHandler                  
00002f4f  Default_Handler                 
00002f4f  GROUP0_IRQHandler               
000037fd  GROUP1_IRQHandler               
00004da7  HOSTexit                        
00002f4f  HardFault_Handler               
00002f4f  I2C0_IRQHandler                 
00002f4f  I2C1_IRQHandler                 
00002f4f  NMI_Handler                     
00002c29  OLED_Clear                      
00004dc0  OLED_F8x16                      
000000c1  OLED_Init                       
0000283d  OLED_SetCursor                  
00002309  OLED_ShowChar                   
00001941  OLED_ShowFloat                  
000042a3  OLED_ShowString                 
00002f4f  PendSV_Handler                  
00002f4f  RTC_IRQHandler                  
00004dab  Reset_Handler                   
00002f4f  SPI0_IRQHandler                 
00002f4f  SPI1_IRQHandler                 
00002f4f  SVC_Handler                     
00004579  SYSCFG_DL_ADC12_0_init          
00004a21  SYSCFG_DL_DAC12_init            
0000372d  SYSCFG_DL_GPIO_init             
000042f9  SYSCFG_DL_I2C_0_init            
0000434d  SYSCFG_DL_I2C_1_init            
00003ee1  SYSCFG_DL_PWM_0_init            
00004499  SYSCFG_DL_SYSCTL_init           
00004a51  SYSCFG_DL_SYSTICK_init          
00003c95  SYSCFG_DL_UART_0_init           
000048d9  SYSCFG_DL_init                  
00003e71  SYSCFG_DL_initPower             
00004bf1  SysTick_Handler                 
00002f4f  TIMA0_IRQHandler                
00002f4f  TIMA1_IRQHandler                
00002f4f  TIMG0_IRQHandler                
00002f4f  TIMG12_IRQHandler               
00002f4f  TIMG6_IRQHandler                
00002f4f  TIMG7_IRQHandler                
00002f4f  TIMG8_IRQHandler                
000043a1  UART0_IRQHandler                
00002f4f  UART1_IRQHandler                
00002f4f  UART2_IRQHandler                
00002f4f  UART3_IRQHandler                
20208000  __STACK_END                     
00000200  __STACK_SIZE                    
00000000  __TI_ATRegion0_region_sz        
00000000  __TI_ATRegion0_src_addr         
00000000  __TI_ATRegion0_trg_addr         
00000000  __TI_ATRegion1_region_sz        
00000000  __TI_ATRegion1_src_addr         
00000000  __TI_ATRegion1_trg_addr         
00000000  __TI_ATRegion2_region_sz        
00000000  __TI_ATRegion2_src_addr         
00000000  __TI_ATRegion2_trg_addr         
00005784  __TI_CINIT_Base                 
00005794  __TI_CINIT_Limit                
00005794  __TI_CINIT_Warm                 
00005770  __TI_Handler_Table_Base         
0000577c  __TI_Handler_Table_Limit        
000047b5  __TI_auto_init_nobinit_nopinit  
00003d11  __TI_decompress_lzss            
00004d07  __TI_decompress_none            
0000419d  __TI_ltoa                       
ffffffff  __TI_pprof_out_hndl             
00000f71  __TI_printfi                    
ffffffff  __TI_prof_data_size             
ffffffff  __TI_prof_data_start            
00000000  __TI_static_base__              
00004cb5  __TI_zero_init_nomemset         
00002dc7  __adddf3                        
0000365f  __addsf3                        
000053b0  __aeabi_ctype_table_            
000053b0  __aeabi_ctype_table_C           
000044e5  __aeabi_d2iz                    
00002dc7  __aeabi_dadd                    
00004019  __aeabi_dcmpeq                  
00004055  __aeabi_dcmpge                  
00004069  __aeabi_dcmpgt                  
00004041  __aeabi_dcmple                  
0000402d  __aeabi_dcmplt                  
000031ad  __aeabi_ddiv                    
000033bd  __aeabi_dmul                    
00002dbd  __aeabi_dsub                    
20200360  __aeabi_errno                   
00004d91  __aeabi_errno_addr              
0000463d  __aeabi_f2d                     
00004911  __aeabi_f2iz                    
000049ed  __aeabi_f2uiz                   
0000365f  __aeabi_fadd                    
0000407d  __aeabi_fcmpeq                  
000040b9  __aeabi_fcmpge                  
000040cd  __aeabi_fcmpgt                  
000040a5  __aeabi_fcmple                  
00004091  __aeabi_fcmplt                  
00003b11  __aeabi_fdiv                    
000039fd  __aeabi_fmul                    
00003655  __aeabi_fsub                    
00004ab1  __aeabi_i2d                     
0000473d  __aeabi_i2f                     
0000424d  __aeabi_idiv                    
00003b93  __aeabi_idiv0                   
0000424d  __aeabi_idivmod                 
00004017  __aeabi_ldiv0                   
00004c11  __aeabi_llsl                    
00004ba9  __aeabi_lmul                    
00004d99  __aeabi_memcpy                  
00004d99  __aeabi_memcpy4                 
00004d99  __aeabi_memcpy8                 
00004d39  __aeabi_memset                  
00004d39  __aeabi_memset4                 
00004d39  __aeabi_memset8                 
00004b09  __aeabi_ui2f                    
000045fd  __aeabi_uidiv                   
000045fd  __aeabi_uidivmod                
00004ccd  __aeabi_uldivmod                
00004c11  __ashldi3                       
ffffffff  __binit__                       
00003f49  __cmpdf2                        
000047f1  __cmpsf2                        
000031ad  __divdf3                        
00003b11  __divsf3                        
00003f49  __eqdf2                         
000047f1  __eqsf2                         
0000463d  __extendsfdf2                   
000044e5  __fixdfsi                       
00004911  __fixsfsi                       
000049ed  __fixunssfsi                    
00004ab1  __floatsidf                     
0000473d  __floatsisf                     
00004b09  __floatunsisf                   
00003d8d  __gedf2                         
00004779  __gesf2                         
00003d8d  __gtdf2                         
00004779  __gtsf2                         
00003f49  __ledf2                         
000047f1  __lesf2                         
00003f49  __ltdf2                         
000047f1  __ltsf2                         
UNDEFED   __mpu_init                      
000033bd  __muldf3                        
00004ba9  __muldi3                        
0000482d  __muldsi3                       
000039fd  __mulsf3                        
00003f49  __nedf2                         
000047f1  __nesf2                         
20207e00  __stack                         
20200000  __start___llvm_prf_bits         
20200000  __start___llvm_prf_cnts         
20200000  __stop___llvm_prf_bits          
20200000  __stop___llvm_prf_cnts          
00002dbd  __subdf3                        
00003655  __subsf3                        
000038c1  __udivmoddi4                    
00004b59  _c_int00_noargs                 
UNDEFED   _system_post_cinit              
00004daf  _system_pre_init                
00004da1  abort                           
0000467d  atoi                            
ffffffff  binit                           
00004b31  delay_ms                        
20200364  delay_times                     
00004867  delay_us                        
00004141  frexp                           
00004141  frexpl                          
20200391  gCheckADC                       
20200200  gPWM_0Backup                    
2020033c  g_current_data                  
20200350  g_encoder_state                 
00000000  interruptVectors                
20200392  key_pressed_flag                
0000357d  ldexp                           
0000357d  ldexpl                          
00001fed  main                            
00004bcd  memccpy                         
00003963  memcpy                          
000040df  memset                          
0000357d  scalbn                          
0000357d  scalbnl                         
00004949  sprintf                         
20200380  system_time_ms                  
00004449  user_adc_init                   
00003b95  user_adc_read_voltage           
00003c15  user_current_calibrate_zero     
00004d55  user_current_get_zero_offset    
000034a1  user_current_read_average       
00004add  user_current_sensor_init        
00004981  user_encoder_count_to_voltage   
000046bd  user_encoder_voltage_to_dac     
000049b9  user_uart_init                  
000046fd  user_uart_send_string           
00004d29  wcslen                          


GLOBAL SYMBOLS: SORTED BY Symbol Address 

address   name                            
-------   ----                            
00000000  __TI_ATRegion0_region_sz        
00000000  __TI_ATRegion0_src_addr         
00000000  __TI_ATRegion0_trg_addr         
00000000  __TI_ATRegion1_region_sz        
00000000  __TI_ATRegion1_src_addr         
00000000  __TI_ATRegion1_trg_addr         
00000000  __TI_ATRegion2_region_sz        
00000000  __TI_ATRegion2_src_addr         
00000000  __TI_ATRegion2_trg_addr         
00000000  __TI_static_base__              
00000000  interruptVectors                
000000c1  OLED_Init                       
00000200  __STACK_SIZE                    
00000f71  __TI_printfi                    
00001941  OLED_ShowFloat                  
00001fed  main                            
00002309  OLED_ShowChar                   
0000283d  OLED_SetCursor                  
00002c29  OLED_Clear                      
00002dbd  __aeabi_dsub                    
00002dbd  __subdf3                        
00002dc7  __adddf3                        
00002dc7  __aeabi_dadd                    
00002f4f  ADC1_IRQHandler                 
00002f4f  AES_IRQHandler                  
00002f4f  CANFD0_IRQHandler               
00002f4f  DMA_IRQHandler                  
00002f4f  Default_Handler                 
00002f4f  GROUP0_IRQHandler               
00002f4f  HardFault_Handler               
00002f4f  I2C0_IRQHandler                 
00002f4f  I2C1_IRQHandler                 
00002f4f  NMI_Handler                     
00002f4f  PendSV_Handler                  
00002f4f  RTC_IRQHandler                  
00002f4f  SPI0_IRQHandler                 
00002f4f  SPI1_IRQHandler                 
00002f4f  SVC_Handler                     
00002f4f  TIMA0_IRQHandler                
00002f4f  TIMA1_IRQHandler                
00002f4f  TIMG0_IRQHandler                
00002f4f  TIMG12_IRQHandler               
00002f4f  TIMG6_IRQHandler                
00002f4f  TIMG7_IRQHandler                
00002f4f  TIMG8_IRQHandler                
00002f4f  UART1_IRQHandler                
00002f4f  UART2_IRQHandler                
00002f4f  UART3_IRQHandler                
000031ad  __aeabi_ddiv                    
000031ad  __divdf3                        
000032b9  DL_Timer_initFourCCPWMMode      
000033bd  __aeabi_dmul                    
000033bd  __muldf3                        
000034a1  user_current_read_average       
0000357d  ldexp                           
0000357d  ldexpl                          
0000357d  scalbn                          
0000357d  scalbnl                         
00003655  __aeabi_fsub                    
00003655  __subsf3                        
0000365f  __addsf3                        
0000365f  __aeabi_fadd                    
0000372d  SYSCFG_DL_GPIO_init             
000037fd  GROUP1_IRQHandler               
000038c1  __udivmoddi4                    
00003963  memcpy                          
000039fd  __aeabi_fmul                    
000039fd  __mulsf3                        
00003a89  DL_DAC12_init                   
00003b11  __aeabi_fdiv                    
00003b11  __divsf3                        
00003b93  __aeabi_idiv0                   
00003b95  user_adc_read_voltage           
00003c15  user_current_calibrate_zero     
00003c95  SYSCFG_DL_UART_0_init           
00003d11  __TI_decompress_lzss            
00003d8d  __gedf2                         
00003d8d  __gtdf2                         
00003e01  DAC0_IRQHandler                 
00003e71  SYSCFG_DL_initPower             
00003ee1  SYSCFG_DL_PWM_0_init            
00003f49  __cmpdf2                        
00003f49  __eqdf2                         
00003f49  __ledf2                         
00003f49  __ltdf2                         
00003f49  __nedf2                         
00004017  __aeabi_ldiv0                   
00004019  __aeabi_dcmpeq                  
0000402d  __aeabi_dcmplt                  
00004041  __aeabi_dcmple                  
00004055  __aeabi_dcmpge                  
00004069  __aeabi_dcmpgt                  
0000407d  __aeabi_fcmpeq                  
00004091  __aeabi_fcmplt                  
000040a5  __aeabi_fcmple                  
000040b9  __aeabi_fcmpge                  
000040cd  __aeabi_fcmpgt                  
000040df  memset                          
00004141  frexp                           
00004141  frexpl                          
0000419d  __TI_ltoa                       
0000424d  __aeabi_idiv                    
0000424d  __aeabi_idivmod                 
000042a3  OLED_ShowString                 
000042f9  SYSCFG_DL_I2C_0_init            
0000434d  SYSCFG_DL_I2C_1_init            
000043a1  UART0_IRQHandler                
00004449  user_adc_init                   
00004499  SYSCFG_DL_SYSCTL_init           
000044e5  __aeabi_d2iz                    
000044e5  __fixdfsi                       
00004531  DL_UART_init                    
00004579  SYSCFG_DL_ADC12_0_init          
000045bd  DL_ADC12_setClockConfig         
000045fd  __aeabi_uidiv                   
000045fd  __aeabi_uidivmod                
0000463d  __aeabi_f2d                     
0000463d  __extendsfdf2                   
0000467d  atoi                            
000046bd  user_encoder_voltage_to_dac     
000046fd  user_uart_send_string           
0000473d  __aeabi_i2f                     
0000473d  __floatsisf                     
00004779  __gesf2                         
00004779  __gtsf2                         
000047b5  __TI_auto_init_nobinit_nopinit  
000047f1  __cmpsf2                        
000047f1  __eqsf2                         
000047f1  __lesf2                         
000047f1  __ltsf2                         
000047f1  __nesf2                         
0000482d  __muldsi3                       
00004867  delay_us                        
000048a1  DL_Common_delayCycles           
000048d9  SYSCFG_DL_init                  
00004911  __aeabi_f2iz                    
00004911  __fixsfsi                       
00004949  sprintf                         
00004981  user_encoder_count_to_voltage   
000049b9  user_uart_init                  
000049ed  __aeabi_f2uiz                   
000049ed  __fixunssfsi                    
00004a21  SYSCFG_DL_DAC12_init            
00004a51  SYSCFG_DL_SYSTICK_init          
00004ab1  __aeabi_i2d                     
00004ab1  __floatsidf                     
00004add  user_current_sensor_init        
00004b09  __aeabi_ui2f                    
00004b09  __floatunsisf                   
00004b31  delay_ms                        
00004b59  _c_int00_noargs                 
00004b81  DL_I2C_setClockConfig           
00004ba9  __aeabi_lmul                    
00004ba9  __muldi3                        
00004bcd  memccpy                         
00004bf1  SysTick_Handler                 
00004c11  __aeabi_llsl                    
00004c11  __ashldi3                       
00004c31  ADC0_IRQHandler                 
00004c4d  DL_Timer_setCaptCompUpdateMethod
00004c69  DL_Timer_setClockConfig         
00004c85  DL_Timer_setCaptureCompareOutCtl
00004cb5  __TI_zero_init_nomemset         
00004ccd  __aeabi_uldivmod                
00004cf5  DL_UART_setClockConfig          
00004d07  __TI_decompress_none            
00004d19  DL_Timer_setCaptureCompareValue 
00004d29  wcslen                          
00004d39  __aeabi_memset                  
00004d39  __aeabi_memset4                 
00004d39  __aeabi_memset8                 
00004d55  user_current_get_zero_offset    
00004d91  __aeabi_errno_addr              
00004d99  __aeabi_memcpy                  
00004d99  __aeabi_memcpy4                 
00004d99  __aeabi_memcpy8                 
00004da1  abort                           
00004da6  C$$EXIT                         
00004da7  HOSTexit                        
00004dab  Reset_Handler                   
00004daf  _system_pre_init                
00004dc0  OLED_F8x16                      
000053b0  __aeabi_ctype_table_            
000053b0  __aeabi_ctype_table_C           
00005770  __TI_Handler_Table_Base         
0000577c  __TI_Handler_Table_Limit        
00005784  __TI_CINIT_Base                 
00005794  __TI_CINIT_Limit                
00005794  __TI_CINIT_Warm                 
20200000  __start___llvm_prf_bits         
20200000  __start___llvm_prf_cnts         
20200000  __stop___llvm_prf_bits          
20200000  __stop___llvm_prf_cnts          
20200200  gPWM_0Backup                    
2020033c  g_current_data                  
20200350  g_encoder_state                 
20200360  __aeabi_errno                   
20200364  delay_times                     
20200380  system_time_ms                  
20200391  gCheckADC                       
20200392  key_pressed_flag                
20207e00  __stack                         
20208000  __STACK_END                     
ffffffff  __TI_pprof_out_hndl             
ffffffff  __TI_prof_data_size             
ffffffff  __TI_prof_data_start            
ffffffff  __binit__                       
ffffffff  binit                           
UNDEFED   __mpu_init                      
UNDEFED   _system_post_cinit              

[210 symbols]
