******************************************************************************
            TI ARM Clang Linker PC v4.0.3                      
******************************************************************************
>> Linked Tue Jul 22 21:16:24 2025

OUTPUT FILE NAME:   <current_sample.out>
ENTRY POINT SYMBOL: "_c_int00_noargs"  address: 00004a15


MEMORY CONFIGURATION

         name            origin    length      used     unused   attr    fill
----------------------  --------  ---------  --------  --------  ----  --------
  FLASH                 00000000   00020000  00005620  0001a9e0  R  X
  SRAM                  20200000   00008000  0000038b  00007c75  RW X
  BCR_CONFIG            41c00000   000000ff  00000000  000000ff  R   
  BSL_CONFIG            41c00100   00000080  00000000  00000080  R   


SEGMENT ALLOCATION MAP

run origin  load origin   length   init length attrs members
----------  ----------- ---------- ----------- ----- -------
00000000    00000000    00005620   00005620    r-x
  00000000    00000000    000000c0   000000c0    r-- .intvecs
  000000c0    000000c0    00004bb0   00004bb0    r-x .text
  00004c70    00004c70    00000970   00000970    r-- .rodata
  000055e0    000055e0    00000040   00000040    r-- .cinit
20200000    20200000    0000018b   00000000    rw-
  20200000    20200000    0000013c   00000000    rw- .bss
  2020013c    2020013c    0000004f   00000000    rw- .data
20207e00    20207e00    00000200   00000000    rw-
  20207e00    20207e00    00000200   00000000    rw- .stack


SECTION ALLOCATION MAP

 output                                  attributes/
section   page    origin      length       input sections
--------  ----  ----------  ----------   ----------------
.intvecs   0    00000000    000000c0     
                  00000000    000000c0     startup_mspm0g350x_ticlang.o (.intvecs)

.text      0    000000c0    00004bb0     
                  000000c0    00000eb0     user_OLED.o (.text.OLED_Init)
                  00000f70    000009d0     libc.a : _printfi.c.obj (.text:__TI_printfi)
                  00001940    000006ac     user_OLED.o (.text.OLED_ShowFloat)
                  00001fec    0000031c     main.o (.text.main)
                  00002308    00000314     user_OLED.o (.text.OLED_ShowChar)
                  0000261c    00000220     libc.a : _printfi.c.obj (.text._pconv_a)
                  0000283c    00000210     user_OLED.o (.text.OLED_SetCursor)
                  00002a4c    000001dc     libc.a : _printfi.c.obj (.text._pconv_g)
                  00002c28    00000194     user_OLED.o (.text.OLED_Clear)
                  00002dbc    00000192     libclang_rt.builtins.a : adddf3.S.obj (.text.adddf3_subdf3)
                  00002f4e    00000002     startup_mspm0g350x_ticlang.o (.text.Default_Handler)
                  00002f50    0000013c     libc.a : _printfi.c.obj (.text.fcvt)
                  0000308c    00000120            : _printfi.c.obj (.text._pconv_e)
                  000031ac    0000010c     libclang_rt.builtins.a : divdf3.S.obj (.text.__divdf3)
                  000032b8    00000104     driverlib.a : dl_timer.o (.text.DL_Timer_initFourCCPWMMode)
                  000033bc    000000e4     libclang_rt.builtins.a : muldf3.S.obj (.text.__muldf3)
                  000034a0    000000dc     user_current_sensor.o (.text.user_current_read_average)
                  0000357c    000000d8     libc.a : s_scalbn.c.obj (.text.scalbn)
                  00003654    000000d8     libclang_rt.builtins.a : addsf3.S.obj (.text)
                  0000372c    000000c8     ti_msp_dl_config.o (.text.SYSCFG_DL_GPIO_init)
                  000037f4    000000c4     user_key.o (.text.GROUP1_IRQHandler)
                  000038b8    000000a2     libclang_rt.builtins.a : udivmoddi4.S.obj (.text)
                  0000395a    0000009a     libc.a : memcpy16.S.obj (.text:memcpy)
                  000039f4    0000008c     libclang_rt.builtins.a : mulsf3.S.obj (.text.__mulsf3)
                  00003a80    00000082                            : divsf3.S.obj (.text.__divsf3)
                  00003b02    00000002                            : aeabi_div0.c.obj (.text.__aeabi_idiv0)
                  00003b04    00000080     user_ADC.o (.text.user_adc_read_voltage)
                  00003b84    00000080     user_current_sensor.o (.text.user_current_calibrate_zero)
                  00003c04    0000007c     ti_msp_dl_config.o (.text.SYSCFG_DL_UART_0_init)
                  00003c80    0000007c     libc.a : copy_decompress_lzss.c.obj (.text:decompress:lzss)
                  00003cfc    00000074     libclang_rt.builtins.a : comparedf2.c.obj (.text.__gedf2)
                  00003d70    00000068     ti_msp_dl_config.o (.text.SYSCFG_DL_PWM_0_init)
                  00003dd8    00000068     libclang_rt.builtins.a : comparedf2.c.obj (.text.__ledf2)
                  00003e40    00000066     libc.a : _printfi.c.obj (.text._mcpy)
                  00003ea6    00000002     libclang_rt.builtins.a : aeabi_div0.c.obj (.text.__aeabi_ldiv0)
                  00003ea8    00000062                            : aeabi_dcmp.S.obj (.text.__aeabi_dcmp)
                  00003f0a    00000002     --HOLE-- [fill = 0]
                  00003f0c    00000062                            : aeabi_fcmp.S.obj (.text.__aeabi_fcmp)
                  00003f6e    00000062     libc.a : memset16.S.obj (.text:memset)
                  00003fd0    00000060     ti_msp_dl_config.o (.text.SYSCFG_DL_initPower)
                  00004030    0000005c     libc.a : s_frexp.c.obj (.text.frexp)
                  0000408c    00000058            : _ltoa.c.obj (.text.__TI_ltoa)
                  000040e4    00000058            : _printfi.c.obj (.text._pconv_f)
                  0000413c    00000056     libclang_rt.builtins.a : aeabi_idivmod.S.obj (.text.__aeabi_idivmod)
                  00004192    00000054     user_OLED.o (.text.OLED_ShowString)
                  000041e6    00000002     --HOLE-- [fill = 0]
                  000041e8    00000054     ti_msp_dl_config.o (.text.SYSCFG_DL_I2C_0_init)
                  0000423c    00000054     ti_msp_dl_config.o (.text.SYSCFG_DL_I2C_1_init)
                  00004290    00000054     user_uart.o (.text.UART0_IRQHandler)
                  000042e4    00000052     libc.a : _printfi.c.obj (.text._ecpy)
                  00004336    00000002     --HOLE-- [fill = 0]
                  00004338    00000050     user_ADC.o (.text.user_adc_init)
                  00004388    0000004c     ti_msp_dl_config.o (.text.SYSCFG_DL_SYSCTL_init)
                  000043d4    0000004a     libclang_rt.builtins.a : fixdfsi.S.obj (.text.__fixdfsi)
                  0000441e    00000002     --HOLE-- [fill = 0]
                  00004420    00000048     driverlib.a : dl_uart.o (.text.DL_UART_init)
                  00004468    00000044     ti_msp_dl_config.o (.text.SYSCFG_DL_ADC12_0_init)
                  000044ac    00000040     driverlib.a : dl_adc12.o (.text.DL_ADC12_setClockConfig)
                  000044ec    00000040     libclang_rt.builtins.a : aeabi_uidivmod.S.obj (.text.__aeabi_uidivmod)
                  0000452c    00000040                            : extendsfdf2.S.obj (.text.__extendsfdf2)
                  0000456c    00000040     libc.a : atoi.c.obj (.text.atoi)
                  000045ac    00000040     user_Encoder.o (.text.user_encoder_voltage_to_dac)
                  000045ec    00000040     user_uart.o (.text.user_uart_send_string)
                  0000462c    0000003c     libclang_rt.builtins.a : floatsisf.S.obj (.text.__floatsisf)
                  00004668    0000003c                            : comparesf2.S.obj (.text.__gtsf2)
                  000046a4    0000003c     libc.a : autoinit.c.obj (.text:__TI_auto_init_nobinit_nopinit)
                  000046e0    0000003a     libclang_rt.builtins.a : comparesf2.S.obj (.text.__eqsf2)
                  0000471a    00000002     --HOLE-- [fill = 0]
                  0000471c    0000003a                            : muldsi3.S.obj (.text.__muldsi3)
                  00004756    0000003a     delay.o (.text.delay_us)
                  00004790    00000038     delay.o (.text.DL_Common_delayCycles)
                  000047c8    00000038     libclang_rt.builtins.a : fixsfsi.S.obj (.text.__fixsfsi)
                  00004800    00000038     libc.a : sprintf.c.obj (.text.sprintf)
                  00004838    00000038     user_Encoder.o (.text.user_encoder_count_to_voltage)
                  00004870    00000034     ti_msp_dl_config.o (.text.SYSCFG_DL_init)
                  000048a4    00000034     user_uart.o (.text.user_uart_init)
                  000048d8    00000032     libclang_rt.builtins.a : fixunssfsi.S.obj (.text.__fixunssfsi)
                  0000490a    00000002     --HOLE-- [fill = 0]
                  0000490c    00000030     ti_msp_dl_config.o (.text.SYSCFG_DL_SYSTICK_init)
                  0000493c    00000030     libc.a : _printfi.c.obj (.text._fcpy)
                  0000496c    0000002c     libclang_rt.builtins.a : floatsidf.S.obj (.text.__floatsidf)
                  00004998    0000002c     user_current_sensor.o (.text.user_current_sensor_init)
                  000049c4    00000028     libclang_rt.builtins.a : floatunsisf.S.obj (.text.__floatunsisf)
                  000049ec    00000028     delay.o (.text.delay_ms)
                  00004a14    00000028     libc.a : boot_cortex_m.c.obj (.text:_c_int00_noargs)
                  00004a3c    00000026     driverlib.a : dl_i2c.o (.text.DL_I2C_setClockConfig)
                  00004a62    00000002     --HOLE-- [fill = 0]
                  00004a64    00000024     libclang_rt.builtins.a : muldi3.S.obj (.text.__muldi3)
                  00004a88    00000022     libc.a : memccpy.c.obj (.text.memccpy)
                  00004aaa    00000002     --HOLE-- [fill = 0]
                  00004aac    00000020     delay.o (.text.SysTick_Handler)
                  00004acc    0000001e     libclang_rt.builtins.a : ashldi3.S.obj (.text.__ashldi3)
                  00004aea    00000002     --HOLE-- [fill = 0]
                  00004aec    0000001c     user_ADC.o (.text.ADC0_IRQHandler)
                  00004b08    0000001c     driverlib.a : dl_timer.o (.text.DL_Timer_setCaptCompUpdateMethod)
                  00004b24    0000001c                 : dl_timer.o (.text.DL_Timer_setClockConfig)
                  00004b40    00000018                 : dl_timer.o (.text.DL_Timer_setCaptureCompareOutCtl)
                  00004b58    00000018     libc.a : sprintf.c.obj (.text._outs)
                  00004b70    00000016            : copy_zero_init.c.obj (.text:decompress:ZI:__TI_zero_init_nomemset)
                  00004b86    00000002     --HOLE-- [fill = 0]
                  00004b88    00000014     libclang_rt.builtins.a : aeabi_uldivmod.S.obj (.text.__aeabi_uldivmod)
                  00004b9c    00000014     libc.a : _printfi.c.obj (.text.strchr)
                  00004bb0    00000012     driverlib.a : dl_uart.o (.text.DL_UART_setClockConfig)
                  00004bc2    00000012     libc.a : copy_decompress_none.c.obj (.text:decompress:none)
                  00004bd4    00000010     driverlib.a : dl_timer.o (.text.DL_Timer_setCaptureCompareValue)
                  00004be4    00000010     libc.a : wcslen.c.obj (.text.wcslen)
                  00004bf4    0000000e     libclang_rt.builtins.a : aeabi_memset.S.obj (.text.__aeabi_memset)
                  00004c02    0000000e     libc.a : _printfi.c.obj (.text.strlen)
                  00004c10    0000000c     user_current_sensor.o (.text.user_current_get_zero_offset)
                  00004c1c    0000000a     libc.a : _printfi.c.obj (.text.OUTLINED_FUNCTION_0)
                  00004c26    00000002     --HOLE-- [fill = 0]
                  00004c28    00000010     libclang_rt.builtins.a : adddf3.S.obj (.tramp.__aeabi_dsub.1)
                  00004c38    0000000a     libc.a : _printfi.c.obj (.text.OUTLINED_FUNCTION_1)
                  00004c42    0000000a            : sprintf.c.obj (.text._outc)
                  00004c4c    00000008            : aeabi_portable.c.obj (.text.__aeabi_errno_addr)
                  00004c54    00000008     libclang_rt.builtins.a : aeabi_memcpy.S.obj (.text.__aeabi_memcpy)
                  00004c5c    00000006     libc.a : exit.c.obj (.text:abort)
                  00004c62    00000004     libsysbm.a : hostexit.c.obj (.text.HOSTexit)
                  00004c66    00000004     startup_mspm0g350x_ticlang.o (.text.Reset_Handler)
                  00004c6a    00000004     libc.a : pre_init.c.obj (.text._system_pre_init)
                  00004c6e    00000002     --HOLE-- [fill = 0]

.cinit     0    000055e0    00000040     
                  000055e0    0000001c     (.cinit..data.load) [load image, compression = lzss]
                  000055fc    0000000c     (__TI_handler_table)
                  00005608    00000008     (.cinit..bss.load) [load image, compression = zero_init]
                  00005610    00000010     (__TI_cinit_table)

.rodata    0    00004c70    00000970     
                  00004c70    000005f0     user_OLED.o (.rodata.OLED_F8x16)
                  00005260    00000101     libc.a : aeabi_ctype.S.obj (.rodata:__aeabi_ctype_table_)
                  00005361    0000004b     main.o (.rodata.str1.14112174005742061988.1)
                  000053ac    00000030     main.o (.rodata.str1.8108965883388295311.1)
                  000053dc    00000030     main.o (.rodata.str1.9059077390166914652.1)
                  0000540c    0000002e     main.o (.rodata.str1.17376258722486336754.1)
                  0000543a    0000002c     main.o (.rodata.str1.17100691992556644108.1)
                  00005466    00000021     main.o (.rodata.str1.15996357275703397564.1)
                  00005487    0000001e     main.o (.rodata.str1.8154729771448623357.1)
                  000054a5    00000018     main.o (.rodata.str1.11702106008850790973.1)
                  000054bd    00000016     main.o (.rodata.str1.8076846746581808073.1)
                  000054d3    00000011     libc.a : _printfi.c.obj (.rodata.str1.10348868589481759720.1)
                  000054e4    00000011            : _printfi.c.obj (.rodata.str1.15363888844622738466.1)
                  000054f5    00000011     main.o (.rodata.str1.18227636981041470289.1)
                  00005506    00000011     main.o (.rodata.str1.288608917962107522.1)
                  00005517    00000010     main.o (.rodata.str1.12180500075719773345.1)
                  00005527    00000010     main.o (.rodata.str1.7702501944640899365.1)
                  00005537    0000000f     main.o (.rodata.str1.16265332423659789559.1)
                  00005546    0000000e     main.o (.rodata.str1.15159059442110792349.1)
                  00005554    0000000e     main.o (.rodata.str1.2846389346932560359.1)
                  00005562    0000000c     main.o (.rodata.str1.11870794119293528247.1)
                  0000556e    0000000c     main.o (.rodata.str1.14402440632258215044.1)
                  0000557a    0000000c     main.o (.rodata.str1.2123964117280943167.1)
                  00005586    0000000a     ti_msp_dl_config.o (.rodata.gUART_0Config)
                  00005590    00000009     main.o (.rodata.str1.13288086030101331538.1)
                  00005599    00000009     main.o (.rodata.str1.16631870348416990953.1)
                  000055a2    00000002     ti_msp_dl_config.o (.rodata.gI2C_0ClockConfig)
                  000055a4    00000008     ti_msp_dl_config.o (.rodata.gADC12_0ClockConfig)
                  000055ac    00000008     ti_msp_dl_config.o (.rodata.gPWM_0Config)
                  000055b4    00000006     main.o (.rodata.str1.14079361385603432444.1)
                  000055ba    00000006     main.o (.rodata.str1.2763581881760962609.1)
                  000055c0    00000005     main.o (.rodata.str1.10313062130652730376.1)
                  000055c5    00000005     main.o (.rodata.str1.13782249893155712474.1)
                  000055ca    00000005     main.o (.rodata.str1.6891813955777630061.1)
                  000055cf    00000003     ti_msp_dl_config.o (.rodata.gPWM_0ClockConfig)
                  000055d2    00000002     ti_msp_dl_config.o (.rodata.gI2C_1ClockConfig)
                  000055d4    00000002     ti_msp_dl_config.o (.rodata.gUART_0ClockConfig)
                  000055d6    0000000a     --HOLE-- [fill = 0]

.init_array 
*          0    00000000    00000000     UNINITIALIZED

.binit     0    00000000    00000000     

.bss       0    20200000    0000013c     UNINITIALIZED
                  20200000    000000bc     (.common:gPWM_0Backup)
                  202000bc    00000080     user_uart.o (.bss.rx_buffer)

.data      0    2020013c    0000004f     UNINITIALIZED
                  2020013c    00000014     user_current_sensor.o (.data.g_current_data)
                  20200150    00000010     user_Encoder.o (.data.g_encoder_state)
                  20200160    00000004     libc.a : aeabi_portable.c.obj (.data.__aeabi_errno)
                  20200164    00000004     delay.o (.data.delay_times)
                  20200168    00000004     user_uart.o (.data.irq_counter)
                  2020016c    00000004     main.o (.data.main.calibration_start_time)
                  20200170    00000004     main.o (.data.main.last_display_time)
                  20200174    00000004     main.o (.data.main.led_toggle_time)
                  20200178    00000004     main.o (.data.system_time_ms)
                  2020017c    00000004     user_current_sensor.o (.data.zero_offset_voltage)
                  20200180    00000002     user_uart.o (.data.rx_count)
                  20200182    00000002     user_uart.o (.data.rx_head)
                  20200184    00000002     user_uart.o (.data.rx_tail)
                  20200186    00000001     main.o (.data.display_state)
                  20200187    00000001     user_current_sensor.o (.data.filter_initialized)
                  20200188    00000001     user_ADC.o (.data.gCheckADC)
                  20200189    00000001     user_key.o (.data.key_pressed_flag)
                  2020018a    00000001     main.o (.data.main.uart_counter)

.stack     0    20207e00    00000200     UNINITIALIZED
                  20207e00    00000004     libc.a : boot_cortex_m.c.obj (.stack)
                  20207e04    000001fc     --HOLE--

__llvm_prf_cnts 
*          0    20200000    00000000     UNINITIALIZED

__llvm_prf_bits 
*          0    20200000    00000000     UNINITIALIZED

MODULE SUMMARY

       Module                         code    ro data   rw data
       ------                         ----    -------   -------
    .\
       main.o                         796     560       18     
       ti_msp_dl_config.o             936     35        188    
       startup_mspm0g350x_ticlang.o   6       192       0      
    +--+------------------------------+-------+---------+---------+
       Total:                         1738    787       206    
                                                               
    .\user\
       user_OLED.o                    7272    1520      0      
       user_current_sensor.o          404     0         25     
       user_uart.o                    200     0         138    
       user_ADC.o                     236     0         1      
       user_key.o                     196     0         1      
       delay.o                        186     0         4      
       user_Encoder.o                 120     0         16     
    +--+------------------------------+-------+---------+---------+
       Total:                         8614    1520      185    
                                                               
    D:/ti/mspm0_sdk_2_05_00_05/source/ti/driverlib/lib/ticlang/m0p/mspm0g1x0x_g3x0x/driverlib.a
       dl_timer.o                     356     0         0      
       dl_uart.o                      90      0         0      
       dl_adc12.o                     64      0         0      
       dl_i2c.o                       38      0         0      
    +--+------------------------------+-------+---------+---------+
       Total:                         548     0         0      
                                                               
    D:\ti\ccs2020\ccs\tools\compiler\ti-cgt-armllvm_4.0.3.LTS\lib\armv6m-ti-none-eabi/c/libc.a
       _printfi.c.obj                 4510    34        0      
       aeabi_ctype.S.obj              0       257       0      
       s_scalbn.c.obj                 216     0         0      
       memcpy16.S.obj                 154     0         0      
       copy_decompress_lzss.c.obj     124     0         0      
       memset16.S.obj                 98      0         0      
       s_frexp.c.obj                  92      0         0      
       sprintf.c.obj                  90      0         0      
       _ltoa.c.obj                    88      0         0      
       atoi.c.obj                     64      0         0      
       autoinit.c.obj                 60      0         0      
       boot_cortex_m.c.obj            40      0         0      
       memccpy.c.obj                  34      0         0      
       copy_zero_init.c.obj           22      0         0      
       copy_decompress_none.c.obj     18      0         0      
       wcslen.c.obj                   16      0         0      
       aeabi_portable.c.obj           8       0         4      
       exit.c.obj                     6       0         0      
       pre_init.c.obj                 4       0         0      
    +--+------------------------------+-------+---------+---------+
       Total:                         5644    291       4      
                                                               
    D:\ti\ccs2020\ccs\tools\compiler\ti-cgt-armllvm_4.0.3.LTS\lib\armv6m-ti-none-eabi/c/libsysbm.a
       hostexit.c.obj                 4       0         0      
    +--+------------------------------+-------+---------+---------+
       Total:                         4       0         0      
                                                               
    D:\ti\ccs2020\ccs\tools\compiler\ti-cgt-armllvm_4.0.3.LTS\lib\armv6m-ti-none-eabi/libclang_rt.builtins.a
       adddf3.S.obj                   418     0         0      
       divdf3.S.obj                   268     0         0      
       muldf3.S.obj                   228     0         0      
       comparedf2.c.obj               220     0         0      
       addsf3.S.obj                   216     0         0      
       udivmoddi4.S.obj               162     0         0      
       mulsf3.S.obj                   140     0         0      
       divsf3.S.obj                   130     0         0      
       comparesf2.S.obj               118     0         0      
       aeabi_dcmp.S.obj               98      0         0      
       aeabi_fcmp.S.obj               98      0         0      
       aeabi_idivmod.S.obj            86      0         0      
       fixdfsi.S.obj                  74      0         0      
       aeabi_uidivmod.S.obj           64      0         0      
       extendsfdf2.S.obj              64      0         0      
       floatsisf.S.obj                60      0         0      
       muldsi3.S.obj                  58      0         0      
       fixsfsi.S.obj                  56      0         0      
       fixunssfsi.S.obj               50      0         0      
       floatsidf.S.obj                44      0         0      
       floatunsisf.S.obj              40      0         0      
       muldi3.S.obj                   36      0         0      
       ashldi3.S.obj                  30      0         0      
       aeabi_uldivmod.S.obj           20      0         0      
       aeabi_memset.S.obj             14      0         0      
       aeabi_memcpy.S.obj             8       0         0      
       aeabi_div0.c.obj               4       0         0      
    +--+------------------------------+-------+---------+---------+
       Total:                         2804    0         0      
                                                               
       Stack:                         0       0         512    
       Linker Generated:              0       64        0      
    +--+------------------------------+-------+---------+---------+
       Grand Total:                   19352   2662      907    


LINKER GENERATED COPY TABLES

__TI_cinit_table @ 00005610 records: 2, size/record: 8, table size: 16
	.data: load addr=000055e0, load size=0000001c bytes, run addr=2020013c, run size=0000004f bytes, compression=lzss
	.bss: load addr=00005608, load size=00000008 bytes, run addr=20200000, run size=0000013c bytes, compression=zero_init


LINKER GENERATED HANDLER TABLE

__TI_handler_table @ 000055fc records: 3, size/record: 4, table size: 12
	index: 0, handler: __TI_decompress_lzss
	index: 1, handler: __TI_decompress_none
	index: 2, handler: __TI_zero_init


FAR CALL TRAMPOLINES

callee name               trampoline name
   callee addr  tramp addr   call addr  call info
--------------  -----------  ---------  ----------------
__aeabi_dsub              $Tramp$TT$L$PI$$__aeabi_dsub
   00002dbd     00004c28     00004c24   libc.a : _printfi.c.obj (.text.OUTLINED_FUNCTION_0)

[1 trampolines]
[1 trampoline calls]


GLOBAL SYMBOLS: SORTED ALPHABETICALLY BY Name 

address   name                            
-------   ----                            
00004aed  ADC0_IRQHandler                 
00002f4f  ADC1_IRQHandler                 
00002f4f  AES_IRQHandler                  
00004c62  C$$EXIT                         
00002f4f  CANFD0_IRQHandler               
00002f4f  DAC0_IRQHandler                 
000044ad  DL_ADC12_setClockConfig         
00004791  DL_Common_delayCycles           
00004a3d  DL_I2C_setClockConfig           
000032b9  DL_Timer_initFourCCPWMMode      
00004b09  DL_Timer_setCaptCompUpdateMethod
00004b41  DL_Timer_setCaptureCompareOutCtl
00004bd5  DL_Timer_setCaptureCompareValue 
00004b25  DL_Timer_setClockConfig         
00004421  DL_UART_init                    
00004bb1  DL_UART_setClockConfig          
00002f4f  DMA_IRQHandler                  
00002f4f  Default_Handler                 
00002f4f  GROUP0_IRQHandler               
000037f5  GROUP1_IRQHandler               
00004c63  HOSTexit                        
00002f4f  HardFault_Handler               
00002f4f  I2C0_IRQHandler                 
00002f4f  I2C1_IRQHandler                 
00002f4f  NMI_Handler                     
00002c29  OLED_Clear                      
00004c70  OLED_F8x16                      
000000c1  OLED_Init                       
0000283d  OLED_SetCursor                  
00002309  OLED_ShowChar                   
00001941  OLED_ShowFloat                  
00004193  OLED_ShowString                 
00002f4f  PendSV_Handler                  
00002f4f  RTC_IRQHandler                  
00004c67  Reset_Handler                   
00002f4f  SPI0_IRQHandler                 
00002f4f  SPI1_IRQHandler                 
00002f4f  SVC_Handler                     
00004469  SYSCFG_DL_ADC12_0_init          
0000372d  SYSCFG_DL_GPIO_init             
000041e9  SYSCFG_DL_I2C_0_init            
0000423d  SYSCFG_DL_I2C_1_init            
00003d71  SYSCFG_DL_PWM_0_init            
00004389  SYSCFG_DL_SYSCTL_init           
0000490d  SYSCFG_DL_SYSTICK_init          
00003c05  SYSCFG_DL_UART_0_init           
00004871  SYSCFG_DL_init                  
00003fd1  SYSCFG_DL_initPower             
00004aad  SysTick_Handler                 
00002f4f  TIMA0_IRQHandler                
00002f4f  TIMA1_IRQHandler                
00002f4f  TIMG0_IRQHandler                
00002f4f  TIMG12_IRQHandler               
00002f4f  TIMG6_IRQHandler                
00002f4f  TIMG7_IRQHandler                
00002f4f  TIMG8_IRQHandler                
00004291  UART0_IRQHandler                
00002f4f  UART1_IRQHandler                
00002f4f  UART2_IRQHandler                
00002f4f  UART3_IRQHandler                
20208000  __STACK_END                     
00000200  __STACK_SIZE                    
00000000  __TI_ATRegion0_region_sz        
00000000  __TI_ATRegion0_src_addr         
00000000  __TI_ATRegion0_trg_addr         
00000000  __TI_ATRegion1_region_sz        
00000000  __TI_ATRegion1_src_addr         
00000000  __TI_ATRegion1_trg_addr         
00000000  __TI_ATRegion2_region_sz        
00000000  __TI_ATRegion2_src_addr         
00000000  __TI_ATRegion2_trg_addr         
00005610  __TI_CINIT_Base                 
00005620  __TI_CINIT_Limit                
00005620  __TI_CINIT_Warm                 
000055fc  __TI_Handler_Table_Base         
00005608  __TI_Handler_Table_Limit        
000046a5  __TI_auto_init_nobinit_nopinit  
00003c81  __TI_decompress_lzss            
00004bc3  __TI_decompress_none            
0000408d  __TI_ltoa                       
ffffffff  __TI_pprof_out_hndl             
00000f71  __TI_printfi                    
ffffffff  __TI_prof_data_size             
ffffffff  __TI_prof_data_start            
00000000  __TI_static_base__              
00004b71  __TI_zero_init_nomemset         
00002dc7  __adddf3                        
0000365f  __addsf3                        
00005260  __aeabi_ctype_table_            
00005260  __aeabi_ctype_table_C           
000043d5  __aeabi_d2iz                    
00002dc7  __aeabi_dadd                    
00003ea9  __aeabi_dcmpeq                  
00003ee5  __aeabi_dcmpge                  
00003ef9  __aeabi_dcmpgt                  
00003ed1  __aeabi_dcmple                  
00003ebd  __aeabi_dcmplt                  
000031ad  __aeabi_ddiv                    
000033bd  __aeabi_dmul                    
00002dbd  __aeabi_dsub                    
20200160  __aeabi_errno                   
00004c4d  __aeabi_errno_addr              
0000452d  __aeabi_f2d                     
000047c9  __aeabi_f2iz                    
000048d9  __aeabi_f2uiz                   
0000365f  __aeabi_fadd                    
00003f0d  __aeabi_fcmpeq                  
00003f49  __aeabi_fcmpge                  
00003f5d  __aeabi_fcmpgt                  
00003f35  __aeabi_fcmple                  
00003f21  __aeabi_fcmplt                  
00003a81  __aeabi_fdiv                    
000039f5  __aeabi_fmul                    
00003655  __aeabi_fsub                    
0000496d  __aeabi_i2d                     
0000462d  __aeabi_i2f                     
0000413d  __aeabi_idiv                    
00003b03  __aeabi_idiv0                   
0000413d  __aeabi_idivmod                 
00003ea7  __aeabi_ldiv0                   
00004acd  __aeabi_llsl                    
00004a65  __aeabi_lmul                    
00004c55  __aeabi_memcpy                  
00004c55  __aeabi_memcpy4                 
00004c55  __aeabi_memcpy8                 
00004bf5  __aeabi_memset                  
00004bf5  __aeabi_memset4                 
00004bf5  __aeabi_memset8                 
000049c5  __aeabi_ui2f                    
000044ed  __aeabi_uidiv                   
000044ed  __aeabi_uidivmod                
00004b89  __aeabi_uldivmod                
00004acd  __ashldi3                       
ffffffff  __binit__                       
00003dd9  __cmpdf2                        
000046e1  __cmpsf2                        
000031ad  __divdf3                        
00003a81  __divsf3                        
00003dd9  __eqdf2                         
000046e1  __eqsf2                         
0000452d  __extendsfdf2                   
000043d5  __fixdfsi                       
000047c9  __fixsfsi                       
000048d9  __fixunssfsi                    
0000496d  __floatsidf                     
0000462d  __floatsisf                     
000049c5  __floatunsisf                   
00003cfd  __gedf2                         
00004669  __gesf2                         
00003cfd  __gtdf2                         
00004669  __gtsf2                         
00003dd9  __ledf2                         
000046e1  __lesf2                         
00003dd9  __ltdf2                         
000046e1  __ltsf2                         
UNDEFED   __mpu_init                      
000033bd  __muldf3                        
00004a65  __muldi3                        
0000471d  __muldsi3                       
000039f5  __mulsf3                        
00003dd9  __nedf2                         
000046e1  __nesf2                         
20207e00  __stack                         
20200000  __start___llvm_prf_bits         
20200000  __start___llvm_prf_cnts         
20200000  __stop___llvm_prf_bits          
20200000  __stop___llvm_prf_cnts          
00002dbd  __subdf3                        
00003655  __subsf3                        
000038b9  __udivmoddi4                    
00004a15  _c_int00_noargs                 
UNDEFED   _system_post_cinit              
00004c6b  _system_pre_init                
00004c5d  abort                           
0000456d  atoi                            
ffffffff  binit                           
000049ed  delay_ms                        
20200164  delay_times                     
00004757  delay_us                        
00004031  frexp                           
00004031  frexpl                          
20200188  gCheckADC                       
20200000  gPWM_0Backup                    
2020013c  g_current_data                  
20200150  g_encoder_state                 
00000000  interruptVectors                
20200189  key_pressed_flag                
0000357d  ldexp                           
0000357d  ldexpl                          
00001fed  main                            
00004a89  memccpy                         
0000395b  memcpy                          
00003f6f  memset                          
0000357d  scalbn                          
0000357d  scalbnl                         
00004801  sprintf                         
20200178  system_time_ms                  
00004339  user_adc_init                   
00003b05  user_adc_read_voltage           
00003b85  user_current_calibrate_zero     
00004c11  user_current_get_zero_offset    
000034a1  user_current_read_average       
00004999  user_current_sensor_init        
00004839  user_encoder_count_to_voltage   
000045ad  user_encoder_voltage_to_dac     
000048a5  user_uart_init                  
000045ed  user_uart_send_string           
00004be5  wcslen                          


GLOBAL SYMBOLS: SORTED BY Symbol Address 

address   name                            
-------   ----                            
00000000  __TI_ATRegion0_region_sz        
00000000  __TI_ATRegion0_src_addr         
00000000  __TI_ATRegion0_trg_addr         
00000000  __TI_ATRegion1_region_sz        
00000000  __TI_ATRegion1_src_addr         
00000000  __TI_ATRegion1_trg_addr         
00000000  __TI_ATRegion2_region_sz        
00000000  __TI_ATRegion2_src_addr         
00000000  __TI_ATRegion2_trg_addr         
00000000  __TI_static_base__              
00000000  interruptVectors                
000000c1  OLED_Init                       
00000200  __STACK_SIZE                    
00000f71  __TI_printfi                    
00001941  OLED_ShowFloat                  
00001fed  main                            
00002309  OLED_ShowChar                   
0000283d  OLED_SetCursor                  
00002c29  OLED_Clear                      
00002dbd  __aeabi_dsub                    
00002dbd  __subdf3                        
00002dc7  __adddf3                        
00002dc7  __aeabi_dadd                    
00002f4f  ADC1_IRQHandler                 
00002f4f  AES_IRQHandler                  
00002f4f  CANFD0_IRQHandler               
00002f4f  DAC0_IRQHandler                 
00002f4f  DMA_IRQHandler                  
00002f4f  Default_Handler                 
00002f4f  GROUP0_IRQHandler               
00002f4f  HardFault_Handler               
00002f4f  I2C0_IRQHandler                 
00002f4f  I2C1_IRQHandler                 
00002f4f  NMI_Handler                     
00002f4f  PendSV_Handler                  
00002f4f  RTC_IRQHandler                  
00002f4f  SPI0_IRQHandler                 
00002f4f  SPI1_IRQHandler                 
00002f4f  SVC_Handler                     
00002f4f  TIMA0_IRQHandler                
00002f4f  TIMA1_IRQHandler                
00002f4f  TIMG0_IRQHandler                
00002f4f  TIMG12_IRQHandler               
00002f4f  TIMG6_IRQHandler                
00002f4f  TIMG7_IRQHandler                
00002f4f  TIMG8_IRQHandler                
00002f4f  UART1_IRQHandler                
00002f4f  UART2_IRQHandler                
00002f4f  UART3_IRQHandler                
000031ad  __aeabi_ddiv                    
000031ad  __divdf3                        
000032b9  DL_Timer_initFourCCPWMMode      
000033bd  __aeabi_dmul                    
000033bd  __muldf3                        
000034a1  user_current_read_average       
0000357d  ldexp                           
0000357d  ldexpl                          
0000357d  scalbn                          
0000357d  scalbnl                         
00003655  __aeabi_fsub                    
00003655  __subsf3                        
0000365f  __addsf3                        
0000365f  __aeabi_fadd                    
0000372d  SYSCFG_DL_GPIO_init             
000037f5  GROUP1_IRQHandler               
000038b9  __udivmoddi4                    
0000395b  memcpy                          
000039f5  __aeabi_fmul                    
000039f5  __mulsf3                        
00003a81  __aeabi_fdiv                    
00003a81  __divsf3                        
00003b03  __aeabi_idiv0                   
00003b05  user_adc_read_voltage           
00003b85  user_current_calibrate_zero     
00003c05  SYSCFG_DL_UART_0_init           
00003c81  __TI_decompress_lzss            
00003cfd  __gedf2                         
00003cfd  __gtdf2                         
00003d71  SYSCFG_DL_PWM_0_init            
00003dd9  __cmpdf2                        
00003dd9  __eqdf2                         
00003dd9  __ledf2                         
00003dd9  __ltdf2                         
00003dd9  __nedf2                         
00003ea7  __aeabi_ldiv0                   
00003ea9  __aeabi_dcmpeq                  
00003ebd  __aeabi_dcmplt                  
00003ed1  __aeabi_dcmple                  
00003ee5  __aeabi_dcmpge                  
00003ef9  __aeabi_dcmpgt                  
00003f0d  __aeabi_fcmpeq                  
00003f21  __aeabi_fcmplt                  
00003f35  __aeabi_fcmple                  
00003f49  __aeabi_fcmpge                  
00003f5d  __aeabi_fcmpgt                  
00003f6f  memset                          
00003fd1  SYSCFG_DL_initPower             
00004031  frexp                           
00004031  frexpl                          
0000408d  __TI_ltoa                       
0000413d  __aeabi_idiv                    
0000413d  __aeabi_idivmod                 
00004193  OLED_ShowString                 
000041e9  SYSCFG_DL_I2C_0_init            
0000423d  SYSCFG_DL_I2C_1_init            
00004291  UART0_IRQHandler                
00004339  user_adc_init                   
00004389  SYSCFG_DL_SYSCTL_init           
000043d5  __aeabi_d2iz                    
000043d5  __fixdfsi                       
00004421  DL_UART_init                    
00004469  SYSCFG_DL_ADC12_0_init          
000044ad  DL_ADC12_setClockConfig         
000044ed  __aeabi_uidiv                   
000044ed  __aeabi_uidivmod                
0000452d  __aeabi_f2d                     
0000452d  __extendsfdf2                   
0000456d  atoi                            
000045ad  user_encoder_voltage_to_dac     
000045ed  user_uart_send_string           
0000462d  __aeabi_i2f                     
0000462d  __floatsisf                     
00004669  __gesf2                         
00004669  __gtsf2                         
000046a5  __TI_auto_init_nobinit_nopinit  
000046e1  __cmpsf2                        
000046e1  __eqsf2                         
000046e1  __lesf2                         
000046e1  __ltsf2                         
000046e1  __nesf2                         
0000471d  __muldsi3                       
00004757  delay_us                        
00004791  DL_Common_delayCycles           
000047c9  __aeabi_f2iz                    
000047c9  __fixsfsi                       
00004801  sprintf                         
00004839  user_encoder_count_to_voltage   
00004871  SYSCFG_DL_init                  
000048a5  user_uart_init                  
000048d9  __aeabi_f2uiz                   
000048d9  __fixunssfsi                    
0000490d  SYSCFG_DL_SYSTICK_init          
0000496d  __aeabi_i2d                     
0000496d  __floatsidf                     
00004999  user_current_sensor_init        
000049c5  __aeabi_ui2f                    
000049c5  __floatunsisf                   
000049ed  delay_ms                        
00004a15  _c_int00_noargs                 
00004a3d  DL_I2C_setClockConfig           
00004a65  __aeabi_lmul                    
00004a65  __muldi3                        
00004a89  memccpy                         
00004aad  SysTick_Handler                 
00004acd  __aeabi_llsl                    
00004acd  __ashldi3                       
00004aed  ADC0_IRQHandler                 
00004b09  DL_Timer_setCaptCompUpdateMethod
00004b25  DL_Timer_setClockConfig         
00004b41  DL_Timer_setCaptureCompareOutCtl
00004b71  __TI_zero_init_nomemset         
00004b89  __aeabi_uldivmod                
00004bb1  DL_UART_setClockConfig          
00004bc3  __TI_decompress_none            
00004bd5  DL_Timer_setCaptureCompareValue 
00004be5  wcslen                          
00004bf5  __aeabi_memset                  
00004bf5  __aeabi_memset4                 
00004bf5  __aeabi_memset8                 
00004c11  user_current_get_zero_offset    
00004c4d  __aeabi_errno_addr              
00004c55  __aeabi_memcpy                  
00004c55  __aeabi_memcpy4                 
00004c55  __aeabi_memcpy8                 
00004c5d  abort                           
00004c62  C$$EXIT                         
00004c63  HOSTexit                        
00004c67  Reset_Handler                   
00004c6b  _system_pre_init                
00004c70  OLED_F8x16                      
00005260  __aeabi_ctype_table_            
00005260  __aeabi_ctype_table_C           
000055fc  __TI_Handler_Table_Base         
00005608  __TI_Handler_Table_Limit        
00005610  __TI_CINIT_Base                 
00005620  __TI_CINIT_Limit                
00005620  __TI_CINIT_Warm                 
20200000  __start___llvm_prf_bits         
20200000  __start___llvm_prf_cnts         
20200000  __stop___llvm_prf_bits          
20200000  __stop___llvm_prf_cnts          
20200000  gPWM_0Backup                    
2020013c  g_current_data                  
20200150  g_encoder_state                 
20200160  __aeabi_errno                   
20200164  delay_times                     
20200178  system_time_ms                  
20200188  gCheckADC                       
20200189  key_pressed_flag                
20207e00  __stack                         
20208000  __STACK_END                     
ffffffff  __TI_pprof_out_hndl             
ffffffff  __TI_prof_data_size             
ffffffff  __TI_prof_data_start            
ffffffff  __binit__                       
ffffffff  binit                           
UNDEFED   __mpu_init                      
UNDEFED   _system_post_cinit              

[208 symbols]
