<?xml version="1.0" encoding="ISO-8859-1" ?>
<link_info>
   <banner>TI ARM Clang Linker PC v4.0.3.LTS</banner>
   <copyright>Copyright (c) 1996-2018 Texas Instruments Incorporated</copyright>
   <command_line>D:\ti\ccs2020\ccs\tools\compiler\ti-cgt-armllvm_4.0.3.LTS\bin\tiarmlnk -ID:\ti\ccs2020\ccs\tools\compiler\ti-cgt-armllvm_4.0.3.LTS\lib -o current_sample.out -mcurrent_sample.map -iD:/ti/mspm0_sdk_2_05_00_05/source -iD:/ti/workspace/current_sample -iD:/ti/workspace/current_sample/Debug/syscfg -iD:/ti/ccs2020/ccs/tools/compiler/ti-cgt-armllvm_4.0.3.LTS/lib --diag_wrap=off --display_error_number --warn_sections --xml_link_info=current_sample_linkInfo.xml --rom_model ./ti_msp_dl_config.o ./startup_mspm0g350x_ticlang.o ./main.o ./user/delay.o ./user/firewater_protocol.o ./user/user_ADC.o ./user/user_Encoder.o ./user/user_INA226.o ./user/user_OLED.o ./user/user_current_sensor.o ./user/user_key.o ./user/user_uart.o -l./device_linker.cmd -ldevice.cmd.genlibs -llibc.a --start-group -llibc++.a -llibc++abi.a -llibc.a -llibsys.a -llibsysbm.a -llibclang_rt.builtins.a -llibclang_rt.profile.a --end-group --cg_opt_level=2</command_line>
   <link_time>0x687f8f28</link_time>
   <link_errors>0x0</link_errors>
   <output_file>D:\ti\workspace\current_sample\Debug\current_sample.out</output_file>
   <entry_point>
      <name>_c_int00_noargs</name>
      <address>0x4a15</address>
   </entry_point>
   <input_file_list>
      <input_file id="fl-1">
         <path>D:\ti\workspace\current_sample\Debug\.\</path>
         <kind>object</kind>
         <file>ti_msp_dl_config.o</file>
         <name>ti_msp_dl_config.o</name>
      </input_file>
      <input_file id="fl-2">
         <path>D:\ti\workspace\current_sample\Debug\.\</path>
         <kind>object</kind>
         <file>startup_mspm0g350x_ticlang.o</file>
         <name>startup_mspm0g350x_ticlang.o</name>
      </input_file>
      <input_file id="fl-3">
         <path>D:\ti\workspace\current_sample\Debug\.\</path>
         <kind>object</kind>
         <file>main.o</file>
         <name>main.o</name>
      </input_file>
      <input_file id="fl-4">
         <path>D:\ti\workspace\current_sample\Debug\.\user\</path>
         <kind>object</kind>
         <file>delay.o</file>
         <name>delay.o</name>
      </input_file>
      <input_file id="fl-5">
         <path>D:\ti\workspace\current_sample\Debug\.\user\</path>
         <kind>object</kind>
         <file>firewater_protocol.o</file>
         <name>firewater_protocol.o</name>
      </input_file>
      <input_file id="fl-6">
         <path>D:\ti\workspace\current_sample\Debug\.\user\</path>
         <kind>object</kind>
         <file>user_ADC.o</file>
         <name>user_ADC.o</name>
      </input_file>
      <input_file id="fl-7">
         <path>D:\ti\workspace\current_sample\Debug\.\user\</path>
         <kind>object</kind>
         <file>user_Encoder.o</file>
         <name>user_Encoder.o</name>
      </input_file>
      <input_file id="fl-8">
         <path>D:\ti\workspace\current_sample\Debug\.\user\</path>
         <kind>object</kind>
         <file>user_INA226.o</file>
         <name>user_INA226.o</name>
      </input_file>
      <input_file id="fl-9">
         <path>D:\ti\workspace\current_sample\Debug\.\user\</path>
         <kind>object</kind>
         <file>user_OLED.o</file>
         <name>user_OLED.o</name>
      </input_file>
      <input_file id="fl-a">
         <path>D:\ti\workspace\current_sample\Debug\.\user\</path>
         <kind>object</kind>
         <file>user_current_sensor.o</file>
         <name>user_current_sensor.o</name>
      </input_file>
      <input_file id="fl-b">
         <path>D:\ti\workspace\current_sample\Debug\.\user\</path>
         <kind>object</kind>
         <file>user_key.o</file>
         <name>user_key.o</name>
      </input_file>
      <input_file id="fl-c">
         <path>D:\ti\workspace\current_sample\Debug\.\user\</path>
         <kind>object</kind>
         <file>user_uart.o</file>
         <name>user_uart.o</name>
      </input_file>
      <input_file id="fl-19">
         <path>D:\ti\workspace\current_sample\Debug\</path>
         <kind>object</kind>
         <file>&lt;internal&gt;</file>
         <name>&lt;internal&gt;</name>
      </input_file>
      <input_file id="fl-1a">
         <path>D:\ti\mspm0_sdk_2_05_00_05\source\ti\driverlib\lib\ticlang\m0p\mspm0g1x0x_g3x0x\</path>
         <kind>archive</kind>
         <file>driverlib.a</file>
         <name>dl_adc12.o</name>
      </input_file>
      <input_file id="fl-1b">
         <path>D:\ti\mspm0_sdk_2_05_00_05\source\ti\driverlib\lib\ticlang\m0p\mspm0g1x0x_g3x0x\</path>
         <kind>archive</kind>
         <file>driverlib.a</file>
         <name>dl_i2c.o</name>
      </input_file>
      <input_file id="fl-1c">
         <path>D:\ti\mspm0_sdk_2_05_00_05\source\ti\driverlib\lib\ticlang\m0p\mspm0g1x0x_g3x0x\</path>
         <kind>archive</kind>
         <file>driverlib.a</file>
         <name>dl_timer.o</name>
      </input_file>
      <input_file id="fl-1d">
         <path>D:\ti\mspm0_sdk_2_05_00_05\source\ti\driverlib\lib\ticlang\m0p\mspm0g1x0x_g3x0x\</path>
         <kind>archive</kind>
         <file>driverlib.a</file>
         <name>dl_uart.o</name>
      </input_file>
      <input_file id="fl-34">
         <path>D:\ti\ccs2020\ccs\tools\compiler\ti-cgt-armllvm_4.0.3.LTS\lib\armv6m-ti-none-eabi\c\</path>
         <kind>archive</kind>
         <file>libc.a</file>
         <name>snprintf.c.obj</name>
      </input_file>
      <input_file id="fl-35">
         <path>D:\ti\ccs2020\ccs\tools\compiler\ti-cgt-armllvm_4.0.3.LTS\lib\armv6m-ti-none-eabi\c\</path>
         <kind>archive</kind>
         <file>libc.a</file>
         <name>sprintf.c.obj</name>
      </input_file>
      <input_file id="fl-36">
         <path>D:\ti\ccs2020\ccs\tools\compiler\ti-cgt-armllvm_4.0.3.LTS\lib\armv6m-ti-none-eabi\c\</path>
         <kind>archive</kind>
         <file>libc.a</file>
         <name>boot_cortex_m.c.obj</name>
      </input_file>
      <input_file id="fl-37">
         <path>D:\ti\ccs2020\ccs\tools\compiler\ti-cgt-armllvm_4.0.3.LTS\lib\armv6m-ti-none-eabi\c\</path>
         <kind>archive</kind>
         <file>libc.a</file>
         <name>mathacl_init.c.obj</name>
      </input_file>
      <input_file id="fl-38">
         <path>D:\ti\ccs2020\ccs\tools\compiler\ti-cgt-armllvm_4.0.3.LTS\lib\armv6m-ti-none-eabi\c\</path>
         <kind>archive</kind>
         <file>libc.a</file>
         <name>autoinit.c.obj</name>
      </input_file>
      <input_file id="fl-39">
         <path>D:\ti\ccs2020\ccs\tools\compiler\ti-cgt-armllvm_4.0.3.LTS\lib\armv6m-ti-none-eabi\c\</path>
         <kind>archive</kind>
         <file>libc.a</file>
         <name>pre_init.c.obj</name>
      </input_file>
      <input_file id="fl-3a">
         <path>D:\ti\ccs2020\ccs\tools\compiler\ti-cgt-armllvm_4.0.3.LTS\lib\armv6m-ti-none-eabi\c\</path>
         <kind>archive</kind>
         <file>libc.a</file>
         <name>cpy_tbl.c.obj</name>
      </input_file>
      <input_file id="fl-3b">
         <path>D:\ti\ccs2020\ccs\tools\compiler\ti-cgt-armllvm_4.0.3.LTS\lib\armv6m-ti-none-eabi\c\</path>
         <kind>archive</kind>
         <file>libc.a</file>
         <name>copy_zero_init.c.obj</name>
      </input_file>
      <input_file id="fl-3c">
         <path>D:\ti\ccs2020\ccs\tools\compiler\ti-cgt-armllvm_4.0.3.LTS\lib\armv6m-ti-none-eabi\c\</path>
         <kind>archive</kind>
         <file>libc.a</file>
         <name>copy_decompress_none.c.obj</name>
      </input_file>
      <input_file id="fl-3d">
         <path>D:\ti\ccs2020\ccs\tools\compiler\ti-cgt-armllvm_4.0.3.LTS\lib\armv6m-ti-none-eabi\c\</path>
         <kind>archive</kind>
         <file>libc.a</file>
         <name>copy_decompress_lzss.c.obj</name>
      </input_file>
      <input_file id="fl-3e">
         <path>D:\ti\ccs2020\ccs\tools\compiler\ti-cgt-armllvm_4.0.3.LTS\lib\armv6m-ti-none-eabi\c\</path>
         <kind>archive</kind>
         <file>libc.a</file>
         <name>_printfi.c.obj</name>
      </input_file>
      <input_file id="fl-3f">
         <path>D:\ti\ccs2020\ccs\tools\compiler\ti-cgt-armllvm_4.0.3.LTS\lib\armv6m-ti-none-eabi\c\</path>
         <kind>archive</kind>
         <file>libc.a</file>
         <name>s_frexp.c.obj</name>
      </input_file>
      <input_file id="fl-40">
         <path>D:\ti\ccs2020\ccs\tools\compiler\ti-cgt-armllvm_4.0.3.LTS\lib\armv6m-ti-none-eabi\c\</path>
         <kind>archive</kind>
         <file>libc.a</file>
         <name>s_scalbn.c.obj</name>
      </input_file>
      <input_file id="fl-41">
         <path>D:\ti\ccs2020\ccs\tools\compiler\ti-cgt-armllvm_4.0.3.LTS\lib\armv6m-ti-none-eabi\c\</path>
         <kind>archive</kind>
         <file>libc.a</file>
         <name>wcslen.c.obj</name>
      </input_file>
      <input_file id="fl-42">
         <path>D:\ti\ccs2020\ccs\tools\compiler\ti-cgt-armllvm_4.0.3.LTS\lib\armv6m-ti-none-eabi\c\</path>
         <kind>archive</kind>
         <file>libc.a</file>
         <name>aeabi_portable.c.obj</name>
      </input_file>
      <input_file id="fl-43">
         <path>D:\ti\ccs2020\ccs\tools\compiler\ti-cgt-armllvm_4.0.3.LTS\lib\armv6m-ti-none-eabi\c\</path>
         <kind>archive</kind>
         <file>libc.a</file>
         <name>exit.c.obj</name>
      </input_file>
      <input_file id="fl-44">
         <path>D:\ti\ccs2020\ccs\tools\compiler\ti-cgt-armllvm_4.0.3.LTS\lib\armv6m-ti-none-eabi\c\</path>
         <kind>archive</kind>
         <file>libc.a</file>
         <name>_lock.c.obj</name>
      </input_file>
      <input_file id="fl-45">
         <path>D:\ti\ccs2020\ccs\tools\compiler\ti-cgt-armllvm_4.0.3.LTS\lib\armv6m-ti-none-eabi\c\</path>
         <kind>archive</kind>
         <file>libc.a</file>
         <name>_ltoa.c.obj</name>
      </input_file>
      <input_file id="fl-46">
         <path>D:\ti\ccs2020\ccs\tools\compiler\ti-cgt-armllvm_4.0.3.LTS\lib\armv6m-ti-none-eabi\c\</path>
         <kind>archive</kind>
         <file>libc.a</file>
         <name>args_main.c.obj</name>
      </input_file>
      <input_file id="fl-47">
         <path>D:\ti\ccs2020\ccs\tools\compiler\ti-cgt-armllvm_4.0.3.LTS\lib\armv6m-ti-none-eabi\c\</path>
         <kind>archive</kind>
         <file>libc.a</file>
         <name>assert.c.obj</name>
      </input_file>
      <input_file id="fl-48">
         <path>D:\ti\ccs2020\ccs\tools\compiler\ti-cgt-armllvm_4.0.3.LTS\lib\armv6m-ti-none-eabi\c\</path>
         <kind>archive</kind>
         <file>libc.a</file>
         <name>atoi.c.obj</name>
      </input_file>
      <input_file id="fl-49">
         <path>D:\ti\ccs2020\ccs\tools\compiler\ti-cgt-armllvm_4.0.3.LTS\lib\armv6m-ti-none-eabi\c\</path>
         <kind>archive</kind>
         <file>libc.a</file>
         <name>defs.c.obj</name>
      </input_file>
      <input_file id="fl-4a">
         <path>D:\ti\ccs2020\ccs\tools\compiler\ti-cgt-armllvm_4.0.3.LTS\lib\armv6m-ti-none-eabi\c\</path>
         <kind>archive</kind>
         <file>libc.a</file>
         <name>memccpy.c.obj</name>
      </input_file>
      <input_file id="fl-4b">
         <path>D:\ti\ccs2020\ccs\tools\compiler\ti-cgt-armllvm_4.0.3.LTS\lib\armv6m-ti-none-eabi\c\</path>
         <kind>archive</kind>
         <file>libc.a</file>
         <name>memory.c.obj</name>
      </input_file>
      <input_file id="fl-4c">
         <path>D:\ti\ccs2020\ccs\tools\compiler\ti-cgt-armllvm_4.0.3.LTS\lib\armv6m-ti-none-eabi\c\</path>
         <kind>archive</kind>
         <file>libc.a</file>
         <name>fflush.c.obj</name>
      </input_file>
      <input_file id="fl-4d">
         <path>D:\ti\ccs2020\ccs\tools\compiler\ti-cgt-armllvm_4.0.3.LTS\lib\armv6m-ti-none-eabi\c\</path>
         <kind>archive</kind>
         <file>libc.a</file>
         <name>fputs.c.obj</name>
      </input_file>
      <input_file id="fl-4e">
         <path>D:\ti\ccs2020\ccs\tools\compiler\ti-cgt-armllvm_4.0.3.LTS\lib\armv6m-ti-none-eabi\c\</path>
         <kind>archive</kind>
         <file>libc.a</file>
         <name>_io_perm.c.obj</name>
      </input_file>
      <input_file id="fl-4f">
         <path>D:\ti\ccs2020\ccs\tools\compiler\ti-cgt-armllvm_4.0.3.LTS\lib\armv6m-ti-none-eabi\c\</path>
         <kind>archive</kind>
         <file>libc.a</file>
         <name>setvbuf.c.obj</name>
      </input_file>
      <input_file id="fl-50">
         <path>D:\ti\ccs2020\ccs\tools\compiler\ti-cgt-armllvm_4.0.3.LTS\lib\armv6m-ti-none-eabi\c\</path>
         <kind>archive</kind>
         <file>libc.a</file>
         <name>aeabi_ctype.S.obj</name>
      </input_file>
      <input_file id="fl-51">
         <path>D:\ti\ccs2020\ccs\tools\compiler\ti-cgt-armllvm_4.0.3.LTS\lib\armv6m-ti-none-eabi\c\</path>
         <kind>archive</kind>
         <file>libc.a</file>
         <name>fopen.c.obj</name>
      </input_file>
      <input_file id="fl-52">
         <path>D:\ti\ccs2020\ccs\tools\compiler\ti-cgt-armllvm_4.0.3.LTS\lib\armv6m-ti-none-eabi\c\</path>
         <kind>archive</kind>
         <file>libc.a</file>
         <name>fseek.c.obj</name>
      </input_file>
      <input_file id="fl-53">
         <path>D:\ti\ccs2020\ccs\tools\compiler\ti-cgt-armllvm_4.0.3.LTS\lib\armv6m-ti-none-eabi\c\</path>
         <kind>archive</kind>
         <file>libc.a</file>
         <name>fclose.c.obj</name>
      </input_file>
      <input_file id="fl-f3">
         <path>D:\ti\ccs2020\ccs\tools\compiler\ti-cgt-armllvm_4.0.3.LTS\lib\armv6m-ti-none-eabi\c\</path>
         <kind>archive</kind>
         <file>libsysbm.a</file>
         <name>hostexit.c.obj</name>
      </input_file>
      <input_file id="fl-f4">
         <path>D:\ti\ccs2020\ccs\tools\compiler\ti-cgt-armllvm_4.0.3.LTS\lib\armv6m-ti-none-eabi\c\</path>
         <kind>archive</kind>
         <file>libsysbm.a</file>
         <name>write.c.obj</name>
      </input_file>
      <input_file id="fl-f5">
         <path>D:\ti\ccs2020\ccs\tools\compiler\ti-cgt-armllvm_4.0.3.LTS\lib\armv6m-ti-none-eabi\c\</path>
         <kind>archive</kind>
         <file>libsysbm.a</file>
         <name>host_device.c.obj</name>
      </input_file>
      <input_file id="fl-f6">
         <path>D:\ti\ccs2020\ccs\tools\compiler\ti-cgt-armllvm_4.0.3.LTS\lib\armv6m-ti-none-eabi\c\</path>
         <kind>archive</kind>
         <file>libsysbm.a</file>
         <name>remove.c.obj</name>
      </input_file>
      <input_file id="fl-f7">
         <path>D:\ti\ccs2020\ccs\tools\compiler\ti-cgt-armllvm_4.0.3.LTS\lib\armv6m-ti-none-eabi\c\</path>
         <kind>archive</kind>
         <file>libsysbm.a</file>
         <name>open.c.obj</name>
      </input_file>
      <input_file id="fl-f8">
         <path>D:\ti\ccs2020\ccs\tools\compiler\ti-cgt-armllvm_4.0.3.LTS\lib\armv6m-ti-none-eabi\c\</path>
         <kind>archive</kind>
         <file>libsysbm.a</file>
         <name>lseek.c.obj</name>
      </input_file>
      <input_file id="fl-f9">
         <path>D:\ti\ccs2020\ccs\tools\compiler\ti-cgt-armllvm_4.0.3.LTS\lib\armv6m-ti-none-eabi\c\</path>
         <kind>archive</kind>
         <file>libsysbm.a</file>
         <name>close.c.obj</name>
      </input_file>
      <input_file id="fl-fa">
         <path>D:\ti\ccs2020\ccs\tools\compiler\ti-cgt-armllvm_4.0.3.LTS\lib\armv6m-ti-none-eabi\c\</path>
         <kind>archive</kind>
         <file>libsysbm.a</file>
         <name>unlink.c.obj</name>
      </input_file>
      <input_file id="fl-fb">
         <path>D:\ti\ccs2020\ccs\tools\compiler\ti-cgt-armllvm_4.0.3.LTS\lib\armv6m-ti-none-eabi\c\</path>
         <kind>archive</kind>
         <file>libsysbm.a</file>
         <name>hostclose.c.obj</name>
      </input_file>
      <input_file id="fl-fc">
         <path>D:\ti\ccs2020\ccs\tools\compiler\ti-cgt-armllvm_4.0.3.LTS\lib\armv6m-ti-none-eabi\c\</path>
         <kind>archive</kind>
         <file>libsysbm.a</file>
         <name>hostlseek.c.obj</name>
      </input_file>
      <input_file id="fl-fd">
         <path>D:\ti\ccs2020\ccs\tools\compiler\ti-cgt-armllvm_4.0.3.LTS\lib\armv6m-ti-none-eabi\c\</path>
         <kind>archive</kind>
         <file>libsysbm.a</file>
         <name>hostopen.c.obj</name>
      </input_file>
      <input_file id="fl-fe">
         <path>D:\ti\ccs2020\ccs\tools\compiler\ti-cgt-armllvm_4.0.3.LTS\lib\armv6m-ti-none-eabi\c\</path>
         <kind>archive</kind>
         <file>libsysbm.a</file>
         <name>hostread.c.obj</name>
      </input_file>
      <input_file id="fl-ff">
         <path>D:\ti\ccs2020\ccs\tools\compiler\ti-cgt-armllvm_4.0.3.LTS\lib\armv6m-ti-none-eabi\c\</path>
         <kind>archive</kind>
         <file>libsysbm.a</file>
         <name>hostrename.c.obj</name>
      </input_file>
      <input_file id="fl-100">
         <path>D:\ti\ccs2020\ccs\tools\compiler\ti-cgt-armllvm_4.0.3.LTS\lib\armv6m-ti-none-eabi\c\</path>
         <kind>archive</kind>
         <file>libsysbm.a</file>
         <name>hostunlink.c.obj</name>
      </input_file>
      <input_file id="fl-101">
         <path>D:\ti\ccs2020\ccs\tools\compiler\ti-cgt-armllvm_4.0.3.LTS\lib\armv6m-ti-none-eabi\c\</path>
         <kind>archive</kind>
         <file>libsysbm.a</file>
         <name>hostwrite.c.obj</name>
      </input_file>
      <input_file id="fl-102">
         <path>D:\ti\ccs2020\ccs\tools\compiler\ti-cgt-armllvm_4.0.3.LTS\lib\armv6m-ti-none-eabi\c\</path>
         <kind>archive</kind>
         <file>libsysbm.a</file>
         <name>trgmsg.c.obj</name>
      </input_file>
      <input_file id="fl-103">
         <path>D:\ti\ccs2020\ccs\tools\compiler\ti-cgt-armllvm_4.0.3.LTS\lib\armv6m-ti-none-eabi\</path>
         <kind>archive</kind>
         <file>libclang_rt.builtins.a</file>
         <name>addsf3.S.obj</name>
      </input_file>
      <input_file id="fl-104">
         <path>D:\ti\ccs2020\ccs\tools\compiler\ti-cgt-armllvm_4.0.3.LTS\lib\armv6m-ti-none-eabi\</path>
         <kind>archive</kind>
         <file>libclang_rt.builtins.a</file>
         <name>adddf3.S.obj</name>
      </input_file>
      <input_file id="fl-105">
         <path>D:\ti\ccs2020\ccs\tools\compiler\ti-cgt-armllvm_4.0.3.LTS\lib\armv6m-ti-none-eabi\</path>
         <kind>archive</kind>
         <file>libclang_rt.builtins.a</file>
         <name>muldf3.S.obj</name>
      </input_file>
      <input_file id="fl-106">
         <path>D:\ti\ccs2020\ccs\tools\compiler\ti-cgt-armllvm_4.0.3.LTS\lib\armv6m-ti-none-eabi\</path>
         <kind>archive</kind>
         <file>libclang_rt.builtins.a</file>
         <name>muldsi3.S.obj</name>
      </input_file>
      <input_file id="fl-107">
         <path>D:\ti\ccs2020\ccs\tools\compiler\ti-cgt-armllvm_4.0.3.LTS\lib\armv6m-ti-none-eabi\</path>
         <kind>archive</kind>
         <file>libclang_rt.builtins.a</file>
         <name>mulsf3.S.obj</name>
      </input_file>
      <input_file id="fl-108">
         <path>D:\ti\ccs2020\ccs\tools\compiler\ti-cgt-armllvm_4.0.3.LTS\lib\armv6m-ti-none-eabi\</path>
         <kind>archive</kind>
         <file>libclang_rt.builtins.a</file>
         <name>divsf3.S.obj</name>
      </input_file>
      <input_file id="fl-109">
         <path>D:\ti\ccs2020\ccs\tools\compiler\ti-cgt-armllvm_4.0.3.LTS\lib\armv6m-ti-none-eabi\</path>
         <kind>archive</kind>
         <file>libclang_rt.builtins.a</file>
         <name>divdf3.S.obj</name>
      </input_file>
      <input_file id="fl-10a">
         <path>D:\ti\ccs2020\ccs\tools\compiler\ti-cgt-armllvm_4.0.3.LTS\lib\armv6m-ti-none-eabi\</path>
         <kind>archive</kind>
         <file>libclang_rt.builtins.a</file>
         <name>extendsfdf2.S.obj</name>
      </input_file>
      <input_file id="fl-10b">
         <path>D:\ti\ccs2020\ccs\tools\compiler\ti-cgt-armllvm_4.0.3.LTS\lib\armv6m-ti-none-eabi\</path>
         <kind>archive</kind>
         <file>libclang_rt.builtins.a</file>
         <name>fixdfsi.S.obj</name>
      </input_file>
      <input_file id="fl-10c">
         <path>D:\ti\ccs2020\ccs\tools\compiler\ti-cgt-armllvm_4.0.3.LTS\lib\armv6m-ti-none-eabi\</path>
         <kind>archive</kind>
         <file>libclang_rt.builtins.a</file>
         <name>fixsfsi.S.obj</name>
      </input_file>
      <input_file id="fl-10d">
         <path>D:\ti\ccs2020\ccs\tools\compiler\ti-cgt-armllvm_4.0.3.LTS\lib\armv6m-ti-none-eabi\</path>
         <kind>archive</kind>
         <file>libclang_rt.builtins.a</file>
         <name>fixunssfsi.S.obj</name>
      </input_file>
      <input_file id="fl-10e">
         <path>D:\ti\ccs2020\ccs\tools\compiler\ti-cgt-armllvm_4.0.3.LTS\lib\armv6m-ti-none-eabi\</path>
         <kind>archive</kind>
         <file>libclang_rt.builtins.a</file>
         <name>floatsidf.S.obj</name>
      </input_file>
      <input_file id="fl-10f">
         <path>D:\ti\ccs2020\ccs\tools\compiler\ti-cgt-armllvm_4.0.3.LTS\lib\armv6m-ti-none-eabi\</path>
         <kind>archive</kind>
         <file>libclang_rt.builtins.a</file>
         <name>floatsisf.S.obj</name>
      </input_file>
      <input_file id="fl-110">
         <path>D:\ti\ccs2020\ccs\tools\compiler\ti-cgt-armllvm_4.0.3.LTS\lib\armv6m-ti-none-eabi\</path>
         <kind>archive</kind>
         <file>libclang_rt.builtins.a</file>
         <name>floatunsidf.S.obj</name>
      </input_file>
      <input_file id="fl-111">
         <path>D:\ti\ccs2020\ccs\tools\compiler\ti-cgt-armllvm_4.0.3.LTS\lib\armv6m-ti-none-eabi\</path>
         <kind>archive</kind>
         <file>libclang_rt.builtins.a</file>
         <name>floatunsisf.S.obj</name>
      </input_file>
      <input_file id="fl-112">
         <path>D:\ti\ccs2020\ccs\tools\compiler\ti-cgt-armllvm_4.0.3.LTS\lib\armv6m-ti-none-eabi\</path>
         <kind>archive</kind>
         <file>libclang_rt.builtins.a</file>
         <name>muldi3.S.obj</name>
      </input_file>
      <input_file id="fl-113">
         <path>D:\ti\ccs2020\ccs\tools\compiler\ti-cgt-armllvm_4.0.3.LTS\lib\armv6m-ti-none-eabi\</path>
         <kind>archive</kind>
         <file>libclang_rt.builtins.a</file>
         <name>truncdfsf2.S.obj</name>
      </input_file>
      <input_file id="fl-114">
         <path>D:\ti\ccs2020\ccs\tools\compiler\ti-cgt-armllvm_4.0.3.LTS\lib\armv6m-ti-none-eabi\</path>
         <kind>archive</kind>
         <file>libclang_rt.builtins.a</file>
         <name>aeabi_dcmp.S.obj</name>
      </input_file>
      <input_file id="fl-115">
         <path>D:\ti\ccs2020\ccs\tools\compiler\ti-cgt-armllvm_4.0.3.LTS\lib\armv6m-ti-none-eabi\</path>
         <kind>archive</kind>
         <file>libclang_rt.builtins.a</file>
         <name>aeabi_fcmp.S.obj</name>
      </input_file>
      <input_file id="fl-116">
         <path>D:\ti\ccs2020\ccs\tools\compiler\ti-cgt-armllvm_4.0.3.LTS\lib\armv6m-ti-none-eabi\</path>
         <kind>archive</kind>
         <file>libclang_rt.builtins.a</file>
         <name>aeabi_idivmod.S.obj</name>
      </input_file>
      <input_file id="fl-117">
         <path>D:\ti\ccs2020\ccs\tools\compiler\ti-cgt-armllvm_4.0.3.LTS\lib\armv6m-ti-none-eabi\</path>
         <kind>archive</kind>
         <file>libclang_rt.builtins.a</file>
         <name>aeabi_memcpy.S.obj</name>
      </input_file>
      <input_file id="fl-118">
         <path>D:\ti\ccs2020\ccs\tools\compiler\ti-cgt-armllvm_4.0.3.LTS\lib\armv6m-ti-none-eabi\</path>
         <kind>archive</kind>
         <file>libclang_rt.builtins.a</file>
         <name>aeabi_memset.S.obj</name>
      </input_file>
      <input_file id="fl-119">
         <path>D:\ti\ccs2020\ccs\tools\compiler\ti-cgt-armllvm_4.0.3.LTS\lib\armv6m-ti-none-eabi\</path>
         <kind>archive</kind>
         <file>libclang_rt.builtins.a</file>
         <name>aeabi_uidivmod.S.obj</name>
      </input_file>
      <input_file id="fl-11a">
         <path>D:\ti\ccs2020\ccs\tools\compiler\ti-cgt-armllvm_4.0.3.LTS\lib\armv6m-ti-none-eabi\</path>
         <kind>archive</kind>
         <file>libclang_rt.builtins.a</file>
         <name>aeabi_uldivmod.S.obj</name>
      </input_file>
      <input_file id="fl-11b">
         <path>D:\ti\ccs2020\ccs\tools\compiler\ti-cgt-armllvm_4.0.3.LTS\lib\armv6m-ti-none-eabi\</path>
         <kind>archive</kind>
         <file>libclang_rt.builtins.a</file>
         <name>comparesf2.S.obj</name>
      </input_file>
      <input_file id="fl-11c">
         <path>D:\ti\ccs2020\ccs\tools\compiler\ti-cgt-armllvm_4.0.3.LTS\lib\armv6m-ti-none-eabi\</path>
         <kind>archive</kind>
         <file>libclang_rt.builtins.a</file>
         <name>udivmoddi4.S.obj</name>
      </input_file>
      <input_file id="fl-11d">
         <path>D:\ti\ccs2020\ccs\tools\compiler\ti-cgt-armllvm_4.0.3.LTS\lib\armv6m-ti-none-eabi\</path>
         <kind>archive</kind>
         <file>libclang_rt.builtins.a</file>
         <name>ashldi3.S.obj</name>
      </input_file>
      <input_file id="fl-11e">
         <path>D:\ti\ccs2020\ccs\tools\compiler\ti-cgt-armllvm_4.0.3.LTS\lib\armv6m-ti-none-eabi\</path>
         <kind>archive</kind>
         <file>libclang_rt.builtins.a</file>
         <name>comparedf2.c.obj</name>
      </input_file>
      <input_file id="fl-11f">
         <path>D:\ti\ccs2020\ccs\tools\compiler\ti-cgt-armllvm_4.0.3.LTS\lib\armv6m-ti-none-eabi\</path>
         <kind>archive</kind>
         <file>libclang_rt.builtins.a</file>
         <name>aeabi_div0.c.obj</name>
      </input_file>
      <input_file id="fl-120">
         <path>D:\ti\ccs2020\ccs\tools\compiler\ti-cgt-armllvm_4.0.3.LTS\lib\armv6m-ti-none-eabi\c\</path>
         <kind>archive</kind>
         <file>libc.a</file>
         <name>getdevice.c.obj</name>
      </input_file>
      <input_file id="fl-121">
         <path>D:\ti\ccs2020\ccs\tools\compiler\ti-cgt-armllvm_4.0.3.LTS\lib\armv6m-ti-none-eabi\c\</path>
         <kind>archive</kind>
         <file>libc.a</file>
         <name>memcpy16.S.obj</name>
      </input_file>
      <input_file id="fl-122">
         <path>D:\ti\ccs2020\ccs\tools\compiler\ti-cgt-armllvm_4.0.3.LTS\lib\armv6m-ti-none-eabi\c\</path>
         <kind>archive</kind>
         <file>libc.a</file>
         <name>memset16.S.obj</name>
      </input_file>
      <input_file id="fl-123">
         <path>D:\ti\ccs2020\ccs\tools\compiler\ti-cgt-armllvm_4.0.3.LTS\lib\armv6m-ti-none-eabi\c\</path>
         <kind>archive</kind>
         <file>libc.a</file>
         <name>strcmp-armv6m.S.obj</name>
      </input_file>
   </input_file_list>
   <object_component_list>
      <object_component id="oc-18">
         <name>.intvecs</name>
         <load_address>0x0</load_address>
         <readonly>true</readonly>
         <run_address>0x0</run_address>
         <size>0xc0</size>
         <alignment>0x4</alignment>
         <input_file_ref idref="fl-2"/>
      </object_component>
      <object_component id="oc-cc">
         <name>.text.OLED_Init</name>
         <load_address>0xc0</load_address>
         <readonly>true</readonly>
         <executable>true</executable>
         <run_address>0xc0</run_address>
         <size>0xeb0</size>
         <alignment>0x4</alignment>
         <input_file_ref idref="fl-9"/>
      </object_component>
      <object_component id="oc-1af">
         <name>.text:__TI_printfi</name>
         <load_address>0xf70</load_address>
         <readonly>true</readonly>
         <executable>true</executable>
         <run_address>0xf70</run_address>
         <size>0x9d0</size>
         <alignment>0x4</alignment>
         <input_file_ref idref="fl-3e"/>
      </object_component>
      <object_component id="oc-dc">
         <name>.text.OLED_ShowFloat</name>
         <load_address>0x1940</load_address>
         <readonly>true</readonly>
         <executable>true</executable>
         <run_address>0x1940</run_address>
         <size>0x6ac</size>
         <alignment>0x2</alignment>
         <input_file_ref idref="fl-9"/>
      </object_component>
      <object_component id="oc-95">
         <name>.text.main</name>
         <load_address>0x1fec</load_address>
         <readonly>true</readonly>
         <executable>true</executable>
         <run_address>0x1fec</run_address>
         <size>0x31c</size>
         <alignment>0x4</alignment>
         <input_file_ref idref="fl-3"/>
      </object_component>
      <object_component id="oc-155">
         <name>.text.OLED_ShowChar</name>
         <load_address>0x2308</load_address>
         <readonly>true</readonly>
         <executable>true</executable>
         <run_address>0x2308</run_address>
         <size>0x314</size>
         <alignment>0x4</alignment>
         <input_file_ref idref="fl-9"/>
      </object_component>
      <object_component id="oc-1e5">
         <name>.text._pconv_a</name>
         <load_address>0x261c</load_address>
         <readonly>true</readonly>
         <executable>true</executable>
         <run_address>0x261c</run_address>
         <size>0x220</size>
         <alignment>0x4</alignment>
         <input_file_ref idref="fl-3e"/>
      </object_component>
      <object_component id="oc-150">
         <name>.text.OLED_SetCursor</name>
         <load_address>0x283c</load_address>
         <readonly>true</readonly>
         <executable>true</executable>
         <run_address>0x283c</run_address>
         <size>0x210</size>
         <alignment>0x4</alignment>
         <input_file_ref idref="fl-9"/>
      </object_component>
      <object_component id="oc-1ea">
         <name>.text._pconv_g</name>
         <load_address>0x2a4c</load_address>
         <readonly>true</readonly>
         <executable>true</executable>
         <run_address>0x2a4c</run_address>
         <size>0x1dc</size>
         <alignment>0x4</alignment>
         <input_file_ref idref="fl-3e"/>
      </object_component>
      <object_component id="oc-d2">
         <name>.text.OLED_Clear</name>
         <load_address>0x2c28</load_address>
         <readonly>true</readonly>
         <executable>true</executable>
         <run_address>0x2c28</run_address>
         <size>0x194</size>
         <alignment>0x4</alignment>
         <input_file_ref idref="fl-9"/>
      </object_component>
      <object_component id="oc-22a">
         <name>.text.adddf3_subdf3</name>
         <load_address>0x2dbc</load_address>
         <readonly>true</readonly>
         <executable>true</executable>
         <run_address>0x2dbc</run_address>
         <size>0x192</size>
         <alignment>0x4</alignment>
         <input_file_ref idref="fl-104"/>
      </object_component>
      <object_component id="oc-33">
         <name>.text.Default_Handler</name>
         <load_address>0x2f4e</load_address>
         <readonly>true</readonly>
         <executable>true</executable>
         <run_address>0x2f4e</run_address>
         <size>0x2</size>
         <alignment>0x2</alignment>
         <input_file_ref idref="fl-2"/>
      </object_component>
      <object_component id="oc-22e">
         <name>.text.fcvt</name>
         <load_address>0x2f50</load_address>
         <readonly>true</readonly>
         <executable>true</executable>
         <run_address>0x2f50</run_address>
         <size>0x13c</size>
         <alignment>0x4</alignment>
         <input_file_ref idref="fl-3e"/>
      </object_component>
      <object_component id="oc-1ec">
         <name>.text._pconv_e</name>
         <load_address>0x308c</load_address>
         <readonly>true</readonly>
         <executable>true</executable>
         <run_address>0x308c</run_address>
         <size>0x120</size>
         <alignment>0x4</alignment>
         <input_file_ref idref="fl-3e"/>
      </object_component>
      <object_component id="oc-226">
         <name>.text.__divdf3</name>
         <load_address>0x31ac</load_address>
         <readonly>true</readonly>
         <executable>true</executable>
         <run_address>0x31ac</run_address>
         <size>0x10c</size>
         <alignment>0x4</alignment>
         <input_file_ref idref="fl-109"/>
      </object_component>
      <object_component id="oc-187">
         <name>.text.DL_Timer_initFourCCPWMMode</name>
         <load_address>0x32b8</load_address>
         <readonly>true</readonly>
         <executable>true</executable>
         <run_address>0x32b8</run_address>
         <size>0x104</size>
         <alignment>0x4</alignment>
         <input_file_ref idref="fl-1c"/>
      </object_component>
      <object_component id="oc-216">
         <name>.text.__muldf3</name>
         <load_address>0x33bc</load_address>
         <readonly>true</readonly>
         <executable>true</executable>
         <run_address>0x33bc</run_address>
         <size>0xe4</size>
         <alignment>0x4</alignment>
         <input_file_ref idref="fl-105"/>
      </object_component>
      <object_component id="oc-da">
         <name>.text.user_current_read_average</name>
         <load_address>0x34a0</load_address>
         <readonly>true</readonly>
         <executable>true</executable>
         <run_address>0x34a0</run_address>
         <size>0xdc</size>
         <alignment>0x4</alignment>
         <input_file_ref idref="fl-a"/>
      </object_component>
      <object_component id="oc-205">
         <name>.text.scalbn</name>
         <load_address>0x357c</load_address>
         <readonly>true</readonly>
         <executable>true</executable>
         <run_address>0x357c</run_address>
         <size>0xd8</size>
         <alignment>0x4</alignment>
         <input_file_ref idref="fl-40"/>
      </object_component>
      <object_component id="oc-ed">
         <name>.text</name>
         <load_address>0x3654</load_address>
         <readonly>true</readonly>
         <executable>true</executable>
         <run_address>0x3654</run_address>
         <size>0xd8</size>
         <alignment>0x4</alignment>
         <input_file_ref idref="fl-103"/>
      </object_component>
      <object_component id="oc-141">
         <name>.text.SYSCFG_DL_GPIO_init</name>
         <load_address>0x372c</load_address>
         <readonly>true</readonly>
         <executable>true</executable>
         <run_address>0x372c</run_address>
         <size>0xc8</size>
         <alignment>0x4</alignment>
         <input_file_ref idref="fl-1"/>
      </object_component>
      <object_component id="oc-39">
         <name>.text.GROUP1_IRQHandler</name>
         <load_address>0x37f4</load_address>
         <readonly>true</readonly>
         <executable>true</executable>
         <run_address>0x37f4</run_address>
         <size>0xc4</size>
         <alignment>0x4</alignment>
         <input_file_ref idref="fl-b"/>
      </object_component>
      <object_component id="oc-1fc">
         <name>.text</name>
         <load_address>0x38b8</load_address>
         <readonly>true</readonly>
         <executable>true</executable>
         <run_address>0x38b8</run_address>
         <size>0xa2</size>
         <alignment>0x4</alignment>
         <input_file_ref idref="fl-11c"/>
      </object_component>
      <object_component id="oc-c0">
         <name>.text:memcpy</name>
         <load_address>0x395a</load_address>
         <readonly>true</readonly>
         <executable>true</executable>
         <run_address>0x395a</run_address>
         <size>0x9a</size>
         <alignment>0x1</alignment>
         <input_file_ref idref="fl-121"/>
      </object_component>
      <object_component id="oc-a9">
         <name>.text.__mulsf3</name>
         <load_address>0x39f4</load_address>
         <readonly>true</readonly>
         <executable>true</executable>
         <run_address>0x39f4</run_address>
         <size>0x8c</size>
         <alignment>0x4</alignment>
         <input_file_ref idref="fl-107"/>
      </object_component>
      <object_component id="oc-b3">
         <name>.text.__divsf3</name>
         <load_address>0x3a80</load_address>
         <readonly>true</readonly>
         <executable>true</executable>
         <run_address>0x3a80</run_address>
         <size>0x82</size>
         <alignment>0x4</alignment>
         <input_file_ref idref="fl-108"/>
      </object_component>
      <object_component id="oc-166">
         <name>.text.__aeabi_idiv0</name>
         <load_address>0x3b02</load_address>
         <readonly>true</readonly>
         <executable>true</executable>
         <run_address>0x3b02</run_address>
         <size>0x2</size>
         <alignment>0x2</alignment>
         <input_file_ref idref="fl-11f"/>
      </object_component>
      <object_component id="oc-156">
         <name>.text.user_adc_read_voltage</name>
         <load_address>0x3b04</load_address>
         <readonly>true</readonly>
         <executable>true</executable>
         <run_address>0x3b04</run_address>
         <size>0x80</size>
         <alignment>0x4</alignment>
         <input_file_ref idref="fl-6"/>
      </object_component>
      <object_component id="oc-ec">
         <name>.text.user_current_calibrate_zero</name>
         <load_address>0x3b84</load_address>
         <readonly>true</readonly>
         <executable>true</executable>
         <run_address>0x3b84</run_address>
         <size>0x80</size>
         <alignment>0x4</alignment>
         <input_file_ref idref="fl-a"/>
      </object_component>
      <object_component id="oc-147">
         <name>.text.SYSCFG_DL_UART_0_init</name>
         <load_address>0x3c04</load_address>
         <readonly>true</readonly>
         <executable>true</executable>
         <run_address>0x3c04</run_address>
         <size>0x7c</size>
         <alignment>0x4</alignment>
         <input_file_ref idref="fl-1"/>
      </object_component>
      <object_component id="oc-1c">
         <name>.text:decompress:lzss</name>
         <load_address>0x3c80</load_address>
         <readonly>true</readonly>
         <executable>true</executable>
         <run_address>0x3c80</run_address>
         <size>0x7c</size>
         <alignment>0x4</alignment>
         <input_file_ref idref="fl-3d"/>
      </object_component>
      <object_component id="oc-224">
         <name>.text.__gedf2</name>
         <load_address>0x3cfc</load_address>
         <readonly>true</readonly>
         <executable>true</executable>
         <run_address>0x3cfc</run_address>
         <size>0x74</size>
         <alignment>0x4</alignment>
         <input_file_ref idref="fl-11e"/>
      </object_component>
      <object_component id="oc-144">
         <name>.text.SYSCFG_DL_PWM_0_init</name>
         <load_address>0x3d70</load_address>
         <readonly>true</readonly>
         <executable>true</executable>
         <run_address>0x3d70</run_address>
         <size>0x68</size>
         <alignment>0x4</alignment>
         <input_file_ref idref="fl-1"/>
      </object_component>
      <object_component id="oc-21e">
         <name>.text.__ledf2</name>
         <load_address>0x3dd8</load_address>
         <readonly>true</readonly>
         <executable>true</executable>
         <run_address>0x3dd8</run_address>
         <size>0x68</size>
         <alignment>0x4</alignment>
         <input_file_ref idref="fl-11e"/>
      </object_component>
      <object_component id="oc-21d">
         <name>.text._mcpy</name>
         <load_address>0x3e40</load_address>
         <readonly>true</readonly>
         <executable>true</executable>
         <run_address>0x3e40</run_address>
         <size>0x66</size>
         <alignment>0x2</alignment>
         <input_file_ref idref="fl-3e"/>
      </object_component>
      <object_component id="oc-230">
         <name>.text.__aeabi_ldiv0</name>
         <load_address>0x3ea6</load_address>
         <readonly>true</readonly>
         <executable>true</executable>
         <run_address>0x3ea6</run_address>
         <size>0x2</size>
         <alignment>0x2</alignment>
         <input_file_ref idref="fl-11f"/>
      </object_component>
      <object_component id="oc-1e6">
         <name>.text.__aeabi_dcmp</name>
         <load_address>0x3ea8</load_address>
         <readonly>true</readonly>
         <executable>true</executable>
         <run_address>0x3ea8</run_address>
         <size>0x62</size>
         <alignment>0x4</alignment>
         <input_file_ref idref="fl-114"/>
      </object_component>
      <object_component id="oc-ad">
         <name>.text.__aeabi_fcmp</name>
         <load_address>0x3f0c</load_address>
         <readonly>true</readonly>
         <executable>true</executable>
         <run_address>0x3f0c</run_address>
         <size>0x62</size>
         <alignment>0x4</alignment>
         <input_file_ref idref="fl-115"/>
      </object_component>
      <object_component id="oc-13f">
         <name>.text:memset</name>
         <load_address>0x3f6e</load_address>
         <readonly>true</readonly>
         <executable>true</executable>
         <run_address>0x3f6e</run_address>
         <size>0x62</size>
         <alignment>0x1</alignment>
         <input_file_ref idref="fl-122"/>
      </object_component>
      <object_component id="oc-140">
         <name>.text.SYSCFG_DL_initPower</name>
         <load_address>0x3fd0</load_address>
         <readonly>true</readonly>
         <executable>true</executable>
         <run_address>0x3fd0</run_address>
         <size>0x60</size>
         <alignment>0x4</alignment>
         <input_file_ref idref="fl-1"/>
      </object_component>
      <object_component id="oc-201">
         <name>.text.frexp</name>
         <load_address>0x4030</load_address>
         <readonly>true</readonly>
         <executable>true</executable>
         <run_address>0x4030</run_address>
         <size>0x5c</size>
         <alignment>0x4</alignment>
         <input_file_ref idref="fl-3f"/>
      </object_component>
      <object_component id="oc-20d">
         <name>.text.__TI_ltoa</name>
         <load_address>0x408c</load_address>
         <readonly>true</readonly>
         <executable>true</executable>
         <run_address>0x408c</run_address>
         <size>0x58</size>
         <alignment>0x2</alignment>
         <input_file_ref idref="fl-45"/>
      </object_component>
      <object_component id="oc-1eb">
         <name>.text._pconv_f</name>
         <load_address>0x40e4</load_address>
         <readonly>true</readonly>
         <executable>true</executable>
         <run_address>0x40e4</run_address>
         <size>0x58</size>
         <alignment>0x2</alignment>
         <input_file_ref idref="fl-3e"/>
      </object_component>
      <object_component id="oc-23d">
         <name>.text.__aeabi_idivmod</name>
         <load_address>0x413c</load_address>
         <readonly>true</readonly>
         <executable>true</executable>
         <run_address>0x413c</run_address>
         <size>0x56</size>
         <alignment>0x4</alignment>
         <input_file_ref idref="fl-116"/>
      </object_component>
      <object_component id="oc-d8">
         <name>.text.OLED_ShowString</name>
         <load_address>0x4192</load_address>
         <readonly>true</readonly>
         <executable>true</executable>
         <run_address>0x4192</run_address>
         <size>0x54</size>
         <alignment>0x2</alignment>
         <input_file_ref idref="fl-9"/>
      </object_component>
      <object_component id="oc-146">
         <name>.text.SYSCFG_DL_I2C_0_init</name>
         <load_address>0x41e8</load_address>
         <readonly>true</readonly>
         <executable>true</executable>
         <run_address>0x41e8</run_address>
         <size>0x54</size>
         <alignment>0x4</alignment>
         <input_file_ref idref="fl-1"/>
      </object_component>
      <object_component id="oc-145">
         <name>.text.SYSCFG_DL_I2C_1_init</name>
         <load_address>0x423c</load_address>
         <readonly>true</readonly>
         <executable>true</executable>
         <run_address>0x423c</run_address>
         <size>0x54</size>
         <alignment>0x4</alignment>
         <input_file_ref idref="fl-1"/>
      </object_component>
      <object_component id="oc-44">
         <name>.text.UART0_IRQHandler</name>
         <load_address>0x4290</load_address>
         <readonly>true</readonly>
         <executable>true</executable>
         <run_address>0x4290</run_address>
         <size>0x54</size>
         <alignment>0x4</alignment>
         <input_file_ref idref="fl-c"/>
      </object_component>
      <object_component id="oc-21b">
         <name>.text._ecpy</name>
         <load_address>0x42e4</load_address>
         <readonly>true</readonly>
         <executable>true</executable>
         <run_address>0x42e4</run_address>
         <size>0x52</size>
         <alignment>0x2</alignment>
         <input_file_ref idref="fl-3e"/>
      </object_component>
      <object_component id="oc-151">
         <name>.text.user_adc_init</name>
         <load_address>0x4338</load_address>
         <readonly>true</readonly>
         <executable>true</executable>
         <run_address>0x4338</run_address>
         <size>0x50</size>
         <alignment>0x4</alignment>
         <input_file_ref idref="fl-6"/>
      </object_component>
      <object_component id="oc-142">
         <name>.text.SYSCFG_DL_SYSCTL_init</name>
         <load_address>0x4388</load_address>
         <readonly>true</readonly>
         <executable>true</executable>
         <run_address>0x4388</run_address>
         <size>0x4c</size>
         <alignment>0x4</alignment>
         <input_file_ref idref="fl-1"/>
      </object_component>
      <object_component id="oc-209">
         <name>.text.__fixdfsi</name>
         <load_address>0x43d4</load_address>
         <readonly>true</readonly>
         <executable>true</executable>
         <run_address>0x43d4</run_address>
         <size>0x4a</size>
         <alignment>0x4</alignment>
         <input_file_ref idref="fl-10b"/>
      </object_component>
      <object_component id="oc-19b">
         <name>.text.DL_UART_init</name>
         <load_address>0x4420</load_address>
         <readonly>true</readonly>
         <executable>true</executable>
         <run_address>0x4420</run_address>
         <size>0x48</size>
         <alignment>0x4</alignment>
         <input_file_ref idref="fl-1d"/>
      </object_component>
      <object_component id="oc-148">
         <name>.text.SYSCFG_DL_ADC12_0_init</name>
         <load_address>0x4468</load_address>
         <readonly>true</readonly>
         <executable>true</executable>
         <run_address>0x4468</run_address>
         <size>0x44</size>
         <alignment>0x4</alignment>
         <input_file_ref idref="fl-1"/>
      </object_component>
      <object_component id="oc-19e">
         <name>.text.DL_ADC12_setClockConfig</name>
         <load_address>0x44ac</load_address>
         <readonly>true</readonly>
         <executable>true</executable>
         <run_address>0x44ac</run_address>
         <size>0x40</size>
         <alignment>0x4</alignment>
         <input_file_ref idref="fl-1a"/>
      </object_component>
      <object_component id="oc-e8">
         <name>.text.__aeabi_uidivmod</name>
         <load_address>0x44ec</load_address>
         <readonly>true</readonly>
         <executable>true</executable>
         <run_address>0x44ec</run_address>
         <size>0x40</size>
         <alignment>0x4</alignment>
         <input_file_ref idref="fl-119"/>
      </object_component>
      <object_component id="oc-dd">
         <name>.text.__extendsfdf2</name>
         <load_address>0x452c</load_address>
         <readonly>true</readonly>
         <executable>true</executable>
         <run_address>0x452c</run_address>
         <size>0x40</size>
         <alignment>0x4</alignment>
         <input_file_ref idref="fl-10a"/>
      </object_component>
      <object_component id="oc-1cf">
         <name>.text.atoi</name>
         <load_address>0x456c</load_address>
         <readonly>true</readonly>
         <executable>true</executable>
         <run_address>0x456c</run_address>
         <size>0x40</size>
         <alignment>0x4</alignment>
         <input_file_ref idref="fl-48"/>
      </object_component>
      <object_component id="oc-78">
         <name>.text.user_encoder_voltage_to_dac</name>
         <load_address>0x45ac</load_address>
         <readonly>true</readonly>
         <executable>true</executable>
         <run_address>0x45ac</run_address>
         <size>0x40</size>
         <alignment>0x4</alignment>
         <input_file_ref idref="fl-7"/>
      </object_component>
      <object_component id="oc-d9">
         <name>.text.user_uart_send_string</name>
         <load_address>0x45ec</load_address>
         <readonly>true</readonly>
         <executable>true</executable>
         <run_address>0x45ec</run_address>
         <size>0x40</size>
         <alignment>0x4</alignment>
         <input_file_ref idref="fl-c"/>
      </object_component>
      <object_component id="oc-a5">
         <name>.text.__floatsisf</name>
         <load_address>0x462c</load_address>
         <readonly>true</readonly>
         <executable>true</executable>
         <run_address>0x462c</run_address>
         <size>0x3c</size>
         <alignment>0x4</alignment>
         <input_file_ref idref="fl-10f"/>
      </object_component>
      <object_component id="oc-135">
         <name>.text.__gtsf2</name>
         <load_address>0x4668</load_address>
         <readonly>true</readonly>
         <executable>true</executable>
         <run_address>0x4668</run_address>
         <size>0x3c</size>
         <alignment>0x4</alignment>
         <input_file_ref idref="fl-11b"/>
      </object_component>
      <object_component id="oc-118">
         <name>.text:__TI_auto_init_nobinit_nopinit</name>
         <load_address>0x46a4</load_address>
         <readonly>true</readonly>
         <executable>true</executable>
         <run_address>0x46a4</run_address>
         <size>0x3c</size>
         <alignment>0x4</alignment>
         <input_file_ref idref="fl-38"/>
      </object_component>
      <object_component id="oc-130">
         <name>.text.__eqsf2</name>
         <load_address>0x46e0</load_address>
         <readonly>true</readonly>
         <executable>true</executable>
         <run_address>0x46e0</run_address>
         <size>0x3a</size>
         <alignment>0x4</alignment>
         <input_file_ref idref="fl-11b"/>
      </object_component>
      <object_component id="oc-12b">
         <name>.text.__muldsi3</name>
         <load_address>0x471c</load_address>
         <readonly>true</readonly>
         <executable>true</executable>
         <run_address>0x471c</run_address>
         <size>0x3a</size>
         <alignment>0x4</alignment>
         <input_file_ref idref="fl-106"/>
      </object_component>
      <object_component id="oc-71">
         <name>.text.delay_us</name>
         <load_address>0x4756</load_address>
         <readonly>true</readonly>
         <executable>true</executable>
         <run_address>0x4756</run_address>
         <size>0x3a</size>
         <alignment>0x2</alignment>
         <input_file_ref idref="fl-4"/>
      </object_component>
      <object_component id="oc-180">
         <name>.text.DL_Common_delayCycles</name>
         <load_address>0x4790</load_address>
         <readonly>true</readonly>
         <executable>true</executable>
         <run_address>0x4790</run_address>
         <size>0x38</size>
         <alignment>0x2</alignment>
         <input_file_ref idref="fl-4"/>
      </object_component>
      <object_component id="oc-b7">
         <name>.text.__fixsfsi</name>
         <load_address>0x47c8</load_address>
         <readonly>true</readonly>
         <executable>true</executable>
         <run_address>0x47c8</run_address>
         <size>0x38</size>
         <alignment>0x4</alignment>
         <input_file_ref idref="fl-10c"/>
      </object_component>
      <object_component id="oc-e2">
         <name>.text.sprintf</name>
         <load_address>0x4800</load_address>
         <readonly>true</readonly>
         <executable>true</executable>
         <run_address>0x4800</run_address>
         <size>0x38</size>
         <alignment>0x4</alignment>
         <input_file_ref idref="fl-35"/>
      </object_component>
      <object_component id="oc-72">
         <name>.text.user_encoder_count_to_voltage</name>
         <load_address>0x4838</load_address>
         <readonly>true</readonly>
         <executable>true</executable>
         <run_address>0x4838</run_address>
         <size>0x38</size>
         <alignment>0x4</alignment>
         <input_file_ref idref="fl-7"/>
      </object_component>
      <object_component id="oc-c5">
         <name>.text.SYSCFG_DL_init</name>
         <load_address>0x4870</load_address>
         <readonly>true</readonly>
         <executable>true</executable>
         <run_address>0x4870</run_address>
         <size>0x34</size>
         <alignment>0x4</alignment>
         <input_file_ref idref="fl-1"/>
      </object_component>
      <object_component id="oc-ca">
         <name>.text.user_uart_init</name>
         <load_address>0x48a4</load_address>
         <readonly>true</readonly>
         <executable>true</executable>
         <run_address>0x48a4</run_address>
         <size>0x34</size>
         <alignment>0x4</alignment>
         <input_file_ref idref="fl-c"/>
      </object_component>
      <object_component id="oc-15c">
         <name>.text.__fixunssfsi</name>
         <load_address>0x48d8</load_address>
         <readonly>true</readonly>
         <executable>true</executable>
         <run_address>0x48d8</run_address>
         <size>0x32</size>
         <alignment>0x4</alignment>
         <input_file_ref idref="fl-10d"/>
      </object_component>
      <object_component id="oc-149">
         <name>.text.SYSCFG_DL_SYSTICK_init</name>
         <load_address>0x490c</load_address>
         <readonly>true</readonly>
         <executable>true</executable>
         <run_address>0x490c</run_address>
         <size>0x30</size>
         <alignment>0x4</alignment>
         <input_file_ref idref="fl-1"/>
      </object_component>
      <object_component id="oc-21c">
         <name>.text._fcpy</name>
         <load_address>0x493c</load_address>
         <readonly>true</readonly>
         <executable>true</executable>
         <run_address>0x493c</run_address>
         <size>0x30</size>
         <alignment>0x2</alignment>
         <input_file_ref idref="fl-3e"/>
      </object_component>
      <object_component id="oc-211">
         <name>.text.__floatsidf</name>
         <load_address>0x496c</load_address>
         <readonly>true</readonly>
         <executable>true</executable>
         <run_address>0x496c</run_address>
         <size>0x2c</size>
         <alignment>0x4</alignment>
         <input_file_ref idref="fl-10e"/>
      </object_component>
      <object_component id="oc-d3">
         <name>.text.user_current_sensor_init</name>
         <load_address>0x4998</load_address>
         <readonly>true</readonly>
         <executable>true</executable>
         <run_address>0x4998</run_address>
         <size>0x2c</size>
         <alignment>0x4</alignment>
         <input_file_ref idref="fl-a"/>
      </object_component>
      <object_component id="oc-157">
         <name>.text.__floatunsisf</name>
         <load_address>0x49c4</load_address>
         <readonly>true</readonly>
         <executable>true</executable>
         <run_address>0x49c4</run_address>
         <size>0x28</size>
         <alignment>0x4</alignment>
         <input_file_ref idref="fl-111"/>
      </object_component>
      <object_component id="oc-cb">
         <name>.text.delay_ms</name>
         <load_address>0x49ec</load_address>
         <readonly>true</readonly>
         <executable>true</executable>
         <run_address>0x49ec</run_address>
         <size>0x28</size>
         <alignment>0x4</alignment>
         <input_file_ref idref="fl-4"/>
      </object_component>
      <object_component id="oc-64">
         <name>.text:_c_int00_noargs</name>
         <load_address>0x4a14</load_address>
         <readonly>true</readonly>
         <executable>true</executable>
         <run_address>0x4a14</run_address>
         <size>0x28</size>
         <alignment>0x4</alignment>
         <input_file_ref idref="fl-36"/>
      </object_component>
      <object_component id="oc-18d">
         <name>.text.DL_I2C_setClockConfig</name>
         <load_address>0x4a3c</load_address>
         <readonly>true</readonly>
         <executable>true</executable>
         <run_address>0x4a3c</run_address>
         <size>0x26</size>
         <alignment>0x2</alignment>
         <input_file_ref idref="fl-1b"/>
      </object_component>
      <object_component id="oc-1dc">
         <name>.text.__muldi3</name>
         <load_address>0x4a64</load_address>
         <readonly>true</readonly>
         <executable>true</executable>
         <run_address>0x4a64</run_address>
         <size>0x24</size>
         <alignment>0x4</alignment>
         <input_file_ref idref="fl-112"/>
      </object_component>
      <object_component id="oc-1c8">
         <name>.text.memccpy</name>
         <load_address>0x4a88</load_address>
         <readonly>true</readonly>
         <executable>true</executable>
         <run_address>0x4a88</run_address>
         <size>0x22</size>
         <alignment>0x2</alignment>
         <input_file_ref idref="fl-4a"/>
      </object_component>
      <object_component id="oc-34">
         <name>.text.SysTick_Handler</name>
         <load_address>0x4aac</load_address>
         <readonly>true</readonly>
         <executable>true</executable>
         <run_address>0x4aac</run_address>
         <size>0x20</size>
         <alignment>0x4</alignment>
         <input_file_ref idref="fl-4"/>
      </object_component>
      <object_component id="oc-231">
         <name>.text.__ashldi3</name>
         <load_address>0x4acc</load_address>
         <readonly>true</readonly>
         <executable>true</executable>
         <run_address>0x4acc</run_address>
         <size>0x1e</size>
         <alignment>0x4</alignment>
         <input_file_ref idref="fl-11d"/>
      </object_component>
      <object_component id="oc-3f">
         <name>.text.ADC0_IRQHandler</name>
         <load_address>0x4aec</load_address>
         <readonly>true</readonly>
         <executable>true</executable>
         <run_address>0x4aec</run_address>
         <size>0x1c</size>
         <alignment>0x4</alignment>
         <input_file_ref idref="fl-6"/>
      </object_component>
      <object_component id="oc-189">
         <name>.text.DL_Timer_setCaptCompUpdateMethod</name>
         <load_address>0x4b08</load_address>
         <readonly>true</readonly>
         <executable>true</executable>
         <run_address>0x4b08</run_address>
         <size>0x1c</size>
         <alignment>0x4</alignment>
         <input_file_ref idref="fl-1c"/>
      </object_component>
      <object_component id="oc-181">
         <name>.text.DL_Timer_setClockConfig</name>
         <load_address>0x4b24</load_address>
         <readonly>true</readonly>
         <executable>true</executable>
         <run_address>0x4b24</run_address>
         <size>0x1c</size>
         <alignment>0x4</alignment>
         <input_file_ref idref="fl-1c"/>
      </object_component>
      <object_component id="oc-188">
         <name>.text.DL_Timer_setCaptureCompareOutCtl</name>
         <load_address>0x4b40</load_address>
         <readonly>true</readonly>
         <executable>true</executable>
         <run_address>0x4b40</run_address>
         <size>0x18</size>
         <alignment>0x4</alignment>
         <input_file_ref idref="fl-1c"/>
      </object_component>
      <object_component id="oc-162">
         <name>.text._outs</name>
         <load_address>0x4b58</load_address>
         <readonly>true</readonly>
         <executable>true</executable>
         <run_address>0x4b58</run_address>
         <size>0x18</size>
         <alignment>0x2</alignment>
         <input_file_ref idref="fl-35"/>
      </object_component>
      <object_component id="oc-5b">
         <name>.text:decompress:ZI:__TI_zero_init_nomemset</name>
         <load_address>0x4b70</load_address>
         <readonly>true</readonly>
         <executable>true</executable>
         <run_address>0x4b70</run_address>
         <size>0x16</size>
         <alignment>0x2</alignment>
         <input_file_ref idref="fl-3b"/>
      </object_component>
      <object_component id="oc-1e1">
         <name>.text.__aeabi_uldivmod</name>
         <load_address>0x4b88</load_address>
         <readonly>true</readonly>
         <executable>true</executable>
         <run_address>0x4b88</run_address>
         <size>0x14</size>
         <alignment>0x4</alignment>
         <input_file_ref idref="fl-11a"/>
      </object_component>
      <object_component id="oc-21a">
         <name>.text.strchr</name>
         <load_address>0x4b9c</load_address>
         <readonly>true</readonly>
         <executable>true</executable>
         <run_address>0x4b9c</run_address>
         <size>0x14</size>
         <alignment>0x2</alignment>
         <input_file_ref idref="fl-3e"/>
      </object_component>
      <object_component id="oc-195">
         <name>.text.DL_UART_setClockConfig</name>
         <load_address>0x4bb0</load_address>
         <readonly>true</readonly>
         <executable>true</executable>
         <run_address>0x4bb0</run_address>
         <size>0x12</size>
         <alignment>0x2</alignment>
         <input_file_ref idref="fl-1d"/>
      </object_component>
      <object_component id="oc-20">
         <name>.text:decompress:none</name>
         <load_address>0x4bc2</load_address>
         <readonly>true</readonly>
         <executable>true</executable>
         <run_address>0x4bc2</run_address>
         <size>0x12</size>
         <alignment>0x2</alignment>
         <input_file_ref idref="fl-3c"/>
      </object_component>
      <object_component id="oc-18a">
         <name>.text.DL_Timer_setCaptureCompareValue</name>
         <load_address>0x4bd4</load_address>
         <readonly>true</readonly>
         <executable>true</executable>
         <run_address>0x4bd4</run_address>
         <size>0x10</size>
         <alignment>0x4</alignment>
         <input_file_ref idref="fl-1c"/>
      </object_component>
      <object_component id="oc-1d3">
         <name>.text.wcslen</name>
         <load_address>0x4be4</load_address>
         <readonly>true</readonly>
         <executable>true</executable>
         <run_address>0x4be4</run_address>
         <size>0x10</size>
         <alignment>0x2</alignment>
         <input_file_ref idref="fl-41"/>
      </object_component>
      <object_component id="oc-1c7">
         <name>.text.__aeabi_memset</name>
         <load_address>0x4bf4</load_address>
         <readonly>true</readonly>
         <executable>true</executable>
         <run_address>0x4bf4</run_address>
         <size>0xe</size>
         <alignment>0x4</alignment>
         <input_file_ref idref="fl-118"/>
      </object_component>
      <object_component id="oc-1c6">
         <name>.text.strlen</name>
         <load_address>0x4c02</load_address>
         <readonly>true</readonly>
         <executable>true</executable>
         <run_address>0x4c02</run_address>
         <size>0xe</size>
         <alignment>0x2</alignment>
         <input_file_ref idref="fl-3e"/>
      </object_component>
      <object_component id="oc-e1">
         <name>.text.user_current_get_zero_offset</name>
         <load_address>0x4c10</load_address>
         <readonly>true</readonly>
         <executable>true</executable>
         <run_address>0x4c10</run_address>
         <size>0xc</size>
         <alignment>0x4</alignment>
         <input_file_ref idref="fl-a"/>
      </object_component>
      <object_component id="oc-215">
         <name>.text.OUTLINED_FUNCTION_0</name>
         <load_address>0x4c1c</load_address>
         <readonly>true</readonly>
         <executable>true</executable>
         <run_address>0x4c1c</run_address>
         <size>0xa</size>
         <alignment>0x2</alignment>
         <input_file_ref idref="fl-3e"/>
      </object_component>
      <object_component id="oc-293">
         <name>.tramp.__aeabi_dsub.1</name>
         <load_address>0x4c28</load_address>
         <readonly>true</readonly>
         <executable>true</executable>
         <run_address>0x4c28</run_address>
         <size>0x10</size>
         <alignment>0x4</alignment>
         <input_file_ref idref="fl-104"/>
      </object_component>
      <object_component id="oc-22f">
         <name>.text.OUTLINED_FUNCTION_1</name>
         <load_address>0x4c38</load_address>
         <readonly>true</readonly>
         <executable>true</executable>
         <run_address>0x4c38</run_address>
         <size>0xa</size>
         <alignment>0x2</alignment>
         <input_file_ref idref="fl-3e"/>
      </object_component>
      <object_component id="oc-163">
         <name>.text._outc</name>
         <load_address>0x4c42</load_address>
         <readonly>true</readonly>
         <executable>true</executable>
         <run_address>0x4c42</run_address>
         <size>0xa</size>
         <alignment>0x2</alignment>
         <input_file_ref idref="fl-35"/>
      </object_component>
      <object_component id="oc-1d7">
         <name>.text.__aeabi_errno_addr</name>
         <load_address>0x4c4c</load_address>
         <readonly>true</readonly>
         <executable>true</executable>
         <run_address>0x4c4c</run_address>
         <size>0x8</size>
         <alignment>0x4</alignment>
         <input_file_ref idref="fl-42"/>
      </object_component>
      <object_component id="oc-54">
         <name>.text.__aeabi_memcpy</name>
         <load_address>0x4c54</load_address>
         <readonly>true</readonly>
         <executable>true</executable>
         <run_address>0x4c54</run_address>
         <size>0x8</size>
         <alignment>0x4</alignment>
         <input_file_ref idref="fl-117"/>
      </object_component>
      <object_component id="oc-111">
         <name>.text:abort</name>
         <load_address>0x4c5c</load_address>
         <readonly>true</readonly>
         <executable>true</executable>
         <run_address>0x4c5c</run_address>
         <size>0x6</size>
         <alignment>0x2</alignment>
         <input_file_ref idref="fl-43"/>
      </object_component>
      <object_component id="oc-16d">
         <name>.text.HOSTexit</name>
         <load_address>0x4c62</load_address>
         <readonly>true</readonly>
         <executable>true</executable>
         <run_address>0x4c62</run_address>
         <size>0x4</size>
         <alignment>0x2</alignment>
         <input_file_ref idref="fl-f3"/>
      </object_component>
      <object_component id="oc-2f">
         <name>.text.Reset_Handler</name>
         <load_address>0x4c66</load_address>
         <readonly>true</readonly>
         <executable>true</executable>
         <run_address>0x4c66</run_address>
         <size>0x4</size>
         <alignment>0x2</alignment>
         <input_file_ref idref="fl-2"/>
      </object_component>
      <object_component id="oc-91">
         <name>.text._system_pre_init</name>
         <load_address>0x4c6a</load_address>
         <readonly>true</readonly>
         <executable>true</executable>
         <run_address>0x4c6a</run_address>
         <size>0x4</size>
         <alignment>0x2</alignment>
         <input_file_ref idref="fl-39"/>
      </object_component>
      <object_component id="oc-28f">
         <name>.cinit..data.load</name>
         <load_address>0x55e0</load_address>
         <readonly>true</readonly>
         <run_address>0x55e0</run_address>
         <size>0x1c</size>
         <alignment>0x1</alignment>
      </object_component>
      <object_component id="oc-28d">
         <name>__TI_handler_table</name>
         <load_address>0x55fc</load_address>
         <readonly>true</readonly>
         <run_address>0x55fc</run_address>
         <size>0xc</size>
         <alignment>0x4</alignment>
      </object_component>
      <object_component id="oc-290">
         <name>.cinit..bss.load</name>
         <load_address>0x5608</load_address>
         <readonly>true</readonly>
         <run_address>0x5608</run_address>
         <size>0x8</size>
         <alignment>0x4</alignment>
      </object_component>
      <object_component id="oc-28e">
         <name>__TI_cinit_table</name>
         <load_address>0x5610</load_address>
         <readonly>true</readonly>
         <run_address>0x5610</run_address>
         <size>0x10</size>
         <alignment>0x4</alignment>
      </object_component>
      <object_component id="oc-1a5">
         <name>.rodata.OLED_F8x16</name>
         <load_address>0x4c70</load_address>
         <readonly>true</readonly>
         <run_address>0x4c70</run_address>
         <size>0x5f0</size>
         <alignment>0x1</alignment>
         <input_file_ref idref="fl-9"/>
      </object_component>
      <object_component id="oc-1f0">
         <name>.rodata:__aeabi_ctype_table_</name>
         <load_address>0x5260</load_address>
         <readonly>true</readonly>
         <run_address>0x5260</run_address>
         <size>0x101</size>
         <alignment>0x10</alignment>
         <input_file_ref idref="fl-50"/>
      </object_component>
      <object_component id="oc-f8">
         <name>.rodata.str1.14112174005742061988.1</name>
         <load_address>0x5361</load_address>
         <readonly>true</readonly>
         <run_address>0x5361</run_address>
         <size>0x4b</size>
         <alignment>0x1</alignment>
         <input_file_ref idref="fl-3"/>
      </object_component>
      <object_component id="oc-103">
         <name>.rodata.str1.8108965883388295311.1</name>
         <load_address>0x53ac</load_address>
         <readonly>true</readonly>
         <run_address>0x53ac</run_address>
         <size>0x30</size>
         <alignment>0x1</alignment>
         <input_file_ref idref="fl-3"/>
      </object_component>
      <object_component id="oc-102">
         <name>.rodata.str1.9059077390166914652.1</name>
         <load_address>0x53dc</load_address>
         <readonly>true</readonly>
         <run_address>0x53dc</run_address>
         <size>0x30</size>
         <alignment>0x1</alignment>
         <input_file_ref idref="fl-3"/>
      </object_component>
      <object_component id="oc-10c">
         <name>.rodata.str1.17376258722486336754.1</name>
         <load_address>0x540c</load_address>
         <readonly>true</readonly>
         <run_address>0x540c</run_address>
         <size>0x2e</size>
         <alignment>0x1</alignment>
         <input_file_ref idref="fl-3"/>
      </object_component>
      <object_component id="oc-f3">
         <name>.rodata.str1.17100691992556644108.1</name>
         <load_address>0x543a</load_address>
         <readonly>true</readonly>
         <run_address>0x543a</run_address>
         <size>0x2c</size>
         <alignment>0x1</alignment>
         <input_file_ref idref="fl-3"/>
      </object_component>
      <object_component id="oc-fd">
         <name>.rodata.str1.15996357275703397564.1</name>
         <load_address>0x5466</load_address>
         <readonly>true</readonly>
         <run_address>0x5466</run_address>
         <size>0x21</size>
         <alignment>0x1</alignment>
         <input_file_ref idref="fl-3"/>
      </object_component>
      <object_component id="oc-f2">
         <name>.rodata.str1.8154729771448623357.1</name>
         <load_address>0x5487</load_address>
         <readonly>true</readonly>
         <run_address>0x5487</run_address>
         <size>0x1e</size>
         <alignment>0x1</alignment>
         <input_file_ref idref="fl-3"/>
      </object_component>
      <object_component id="oc-10f">
         <name>.rodata.str1.11702106008850790973.1</name>
         <load_address>0x54a5</load_address>
         <readonly>true</readonly>
         <run_address>0x54a5</run_address>
         <size>0x18</size>
         <alignment>0x1</alignment>
         <input_file_ref idref="fl-3"/>
      </object_component>
      <object_component id="oc-ff">
         <name>.rodata.str1.8076846746581808073.1</name>
         <load_address>0x54bd</load_address>
         <readonly>true</readonly>
         <run_address>0x54bd</run_address>
         <size>0x16</size>
         <alignment>0x1</alignment>
         <input_file_ref idref="fl-3"/>
      </object_component>
      <object_component id="oc-1e0">
         <name>.rodata.str1.10348868589481759720.1</name>
         <load_address>0x54d3</load_address>
         <readonly>true</readonly>
         <run_address>0x54d3</run_address>
         <size>0x11</size>
         <alignment>0x1</alignment>
         <input_file_ref idref="fl-3e"/>
      </object_component>
      <object_component id="oc-1cc">
         <name>.rodata.str1.15363888844622738466.1</name>
         <load_address>0x54e4</load_address>
         <readonly>true</readonly>
         <run_address>0x54e4</run_address>
         <size>0x11</size>
         <alignment>0x1</alignment>
         <input_file_ref idref="fl-3e"/>
      </object_component>
      <object_component id="oc-f4">
         <name>.rodata.str1.18227636981041470289.1</name>
         <load_address>0x54f5</load_address>
         <readonly>true</readonly>
         <run_address>0x54f5</run_address>
         <size>0x11</size>
         <alignment>0x1</alignment>
         <input_file_ref idref="fl-3"/>
      </object_component>
      <object_component id="oc-f7">
         <name>.rodata.str1.288608917962107522.1</name>
         <load_address>0x5506</load_address>
         <readonly>true</readonly>
         <run_address>0x5506</run_address>
         <size>0x11</size>
         <alignment>0x1</alignment>
         <input_file_ref idref="fl-3"/>
      </object_component>
      <object_component id="oc-f6">
         <name>.rodata.str1.12180500075719773345.1</name>
         <load_address>0x5517</load_address>
         <readonly>true</readonly>
         <run_address>0x5517</run_address>
         <size>0x10</size>
         <alignment>0x1</alignment>
         <input_file_ref idref="fl-3"/>
      </object_component>
      <object_component id="oc-fb">
         <name>.rodata.str1.7702501944640899365.1</name>
         <load_address>0x5527</load_address>
         <readonly>true</readonly>
         <run_address>0x5527</run_address>
         <size>0x10</size>
         <alignment>0x1</alignment>
         <input_file_ref idref="fl-3"/>
      </object_component>
      <object_component id="oc-fc">
         <name>.rodata.str1.16265332423659789559.1</name>
         <load_address>0x5537</load_address>
         <readonly>true</readonly>
         <run_address>0x5537</run_address>
         <size>0xf</size>
         <alignment>0x1</alignment>
         <input_file_ref idref="fl-3"/>
      </object_component>
      <object_component id="oc-f1">
         <name>.rodata.str1.15159059442110792349.1</name>
         <load_address>0x5546</load_address>
         <readonly>true</readonly>
         <run_address>0x5546</run_address>
         <size>0xe</size>
         <alignment>0x1</alignment>
         <input_file_ref idref="fl-3"/>
      </object_component>
      <object_component id="oc-f5">
         <name>.rodata.str1.2846389346932560359.1</name>
         <load_address>0x5554</load_address>
         <readonly>true</readonly>
         <run_address>0x5554</run_address>
         <size>0xe</size>
         <alignment>0x1</alignment>
         <input_file_ref idref="fl-3"/>
      </object_component>
      <object_component id="oc-fe">
         <name>.rodata.str1.11870794119293528247.1</name>
         <load_address>0x5562</load_address>
         <readonly>true</readonly>
         <run_address>0x5562</run_address>
         <size>0xc</size>
         <alignment>0x1</alignment>
         <input_file_ref idref="fl-3"/>
      </object_component>
      <object_component id="oc-100">
         <name>.rodata.str1.14402440632258215044.1</name>
         <load_address>0x556e</load_address>
         <readonly>true</readonly>
         <run_address>0x556e</run_address>
         <size>0xc</size>
         <alignment>0x1</alignment>
         <input_file_ref idref="fl-3"/>
      </object_component>
      <object_component id="oc-101">
         <name>.rodata.str1.2123964117280943167.1</name>
         <load_address>0x557a</load_address>
         <readonly>true</readonly>
         <run_address>0x557a</run_address>
         <size>0xc</size>
         <alignment>0x1</alignment>
         <input_file_ref idref="fl-3"/>
      </object_component>
      <object_component id="oc-19d">
         <name>.rodata.gUART_0Config</name>
         <load_address>0x5586</load_address>
         <readonly>true</readonly>
         <run_address>0x5586</run_address>
         <size>0xa</size>
         <alignment>0x2</alignment>
         <input_file_ref idref="fl-1"/>
      </object_component>
      <object_component id="oc-10e">
         <name>.rodata.str1.13288086030101331538.1</name>
         <load_address>0x5590</load_address>
         <readonly>true</readonly>
         <run_address>0x5590</run_address>
         <size>0x9</size>
         <alignment>0x1</alignment>
         <input_file_ref idref="fl-3"/>
      </object_component>
      <object_component id="oc-10d">
         <name>.rodata.str1.16631870348416990953.1</name>
         <load_address>0x5599</load_address>
         <readonly>true</readonly>
         <run_address>0x5599</run_address>
         <size>0x9</size>
         <alignment>0x1</alignment>
         <input_file_ref idref="fl-3"/>
      </object_component>
      <object_component id="oc-194">
         <name>.rodata.gI2C_0ClockConfig</name>
         <load_address>0x55a2</load_address>
         <readonly>true</readonly>
         <run_address>0x55a2</run_address>
         <size>0x2</size>
         <alignment>0x1</alignment>
         <input_file_ref idref="fl-1"/>
      </object_component>
      <object_component id="oc-1a4">
         <name>.rodata.gADC12_0ClockConfig</name>
         <load_address>0x55a4</load_address>
         <readonly>true</readonly>
         <run_address>0x55a4</run_address>
         <size>0x8</size>
         <alignment>0x4</alignment>
         <input_file_ref idref="fl-1"/>
      </object_component>
      <object_component id="oc-18c">
         <name>.rodata.gPWM_0Config</name>
[...]
      <symbol id="sm-14d">
         <name>GROUP1_IRQHandler</name>
         <value>0x37f5</value>
         <object_component_ref idref="oc-39"/>
      </symbol>
      <symbol id="sm-168">
         <name>user_uart_init</name>
         <value>0x48a5</value>
         <object_component_ref idref="oc-ca"/>
      </symbol>
      <symbol id="sm-169">
         <name>user_uart_send_string</name>
         <value>0x45ed</value>
         <object_component_ref idref="oc-d9"/>
      </symbol>
      <symbol id="sm-16a">
         <name>UART0_IRQHandler</name>
         <value>0x4291</value>
         <object_component_ref idref="oc-44"/>
      </symbol>
      <symbol id="sm-16b">
         <name>__TI_ATRegion0_src_addr</name>
         <value>0x0</value>
      </symbol>
      <symbol id="sm-16c">
         <name>__TI_ATRegion0_trg_addr</name>
         <value>0x0</value>
      </symbol>
      <symbol id="sm-16d">
         <name>__TI_ATRegion0_region_sz</name>
         <value>0x0</value>
      </symbol>
      <symbol id="sm-16e">
         <name>__TI_ATRegion1_src_addr</name>
         <value>0x0</value>
      </symbol>
      <symbol id="sm-16f">
         <name>__TI_ATRegion1_trg_addr</name>
         <value>0x0</value>
      </symbol>
      <symbol id="sm-170">
         <name>__TI_ATRegion1_region_sz</name>
         <value>0x0</value>
      </symbol>
      <symbol id="sm-171">
         <name>__TI_ATRegion2_src_addr</name>
         <value>0x0</value>
      </symbol>
      <symbol id="sm-172">
         <name>__TI_ATRegion2_trg_addr</name>
         <value>0x0</value>
      </symbol>
      <symbol id="sm-173">
         <name>__TI_ATRegion2_region_sz</name>
         <value>0x0</value>
      </symbol>
      <symbol id="sm-17e">
         <name>DL_ADC12_setClockConfig</name>
         <value>0x44ad</value>
         <object_component_ref idref="oc-19e"/>
      </symbol>
      <symbol id="sm-188">
         <name>DL_I2C_setClockConfig</name>
         <value>0x4a3d</value>
         <object_component_ref idref="oc-18d"/>
      </symbol>
      <symbol id="sm-19f">
         <name>DL_Timer_setClockConfig</name>
         <value>0x4b25</value>
         <object_component_ref idref="oc-181"/>
      </symbol>
      <symbol id="sm-1a0">
         <name>DL_Timer_setCaptureCompareValue</name>
         <value>0x4bd5</value>
         <object_component_ref idref="oc-18a"/>
      </symbol>
      <symbol id="sm-1a1">
         <name>DL_Timer_setCaptCompUpdateMethod</name>
         <value>0x4b09</value>
         <object_component_ref idref="oc-189"/>
      </symbol>
      <symbol id="sm-1a2">
         <name>DL_Timer_setCaptureCompareOutCtl</name>
         <value>0x4b41</value>
         <object_component_ref idref="oc-188"/>
      </symbol>
      <symbol id="sm-1a3">
         <name>DL_Timer_initFourCCPWMMode</name>
         <value>0x32b9</value>
         <object_component_ref idref="oc-187"/>
      </symbol>
      <symbol id="sm-1b0">
         <name>DL_UART_init</name>
         <value>0x4421</value>
         <object_component_ref idref="oc-19b"/>
      </symbol>
      <symbol id="sm-1b1">
         <name>DL_UART_setClockConfig</name>
         <value>0x4bb1</value>
         <object_component_ref idref="oc-195"/>
      </symbol>
      <symbol id="sm-1c3">
         <name>sprintf</name>
         <value>0x4801</value>
         <object_component_ref idref="oc-e2"/>
      </symbol>
      <symbol id="sm-1ce">
         <name>_c_int00_noargs</name>
         <value>0x4a15</value>
         <object_component_ref idref="oc-64"/>
      </symbol>
      <symbol id="sm-1cf">
         <name>__stack</name>
         <value>0x20207e00</value>
         <object_component_ref idref="oc-1a"/>
      </symbol>
      <symbol id="sm-1db">
         <name>__TI_auto_init_nobinit_nopinit</name>
         <value>0x46a5</value>
         <object_component_ref idref="oc-118"/>
      </symbol>
      <symbol id="sm-1e3">
         <name>_system_pre_init</name>
         <value>0x4c6b</value>
         <object_component_ref idref="oc-91"/>
      </symbol>
      <symbol id="sm-1ee">
         <name>__TI_zero_init_nomemset</name>
         <value>0x4b71</value>
         <object_component_ref idref="oc-5b"/>
      </symbol>
      <symbol id="sm-1f7">
         <name>__TI_decompress_none</name>
         <value>0x4bc3</value>
         <object_component_ref idref="oc-20"/>
      </symbol>
      <symbol id="sm-202">
         <name>__TI_decompress_lzss</name>
         <value>0x3c81</value>
         <object_component_ref idref="oc-1c"/>
      </symbol>
      <symbol id="sm-24b">
         <name>__TI_printfi</name>
         <value>0xf71</value>
         <object_component_ref idref="oc-1af"/>
      </symbol>
      <symbol id="sm-255">
         <name>frexp</name>
         <value>0x4031</value>
         <object_component_ref idref="oc-201"/>
      </symbol>
      <symbol id="sm-256">
         <name>frexpl</name>
         <value>0x4031</value>
         <object_component_ref idref="oc-201"/>
      </symbol>
      <symbol id="sm-260">
         <name>scalbn</name>
         <value>0x357d</value>
         <object_component_ref idref="oc-205"/>
      </symbol>
      <symbol id="sm-261">
         <name>ldexp</name>
         <value>0x357d</value>
         <object_component_ref idref="oc-205"/>
      </symbol>
      <symbol id="sm-262">
         <name>scalbnl</name>
         <value>0x357d</value>
         <object_component_ref idref="oc-205"/>
      </symbol>
      <symbol id="sm-263">
         <name>ldexpl</name>
         <value>0x357d</value>
         <object_component_ref idref="oc-205"/>
      </symbol>
      <symbol id="sm-26c">
         <name>wcslen</name>
         <value>0x4be5</value>
         <object_component_ref idref="oc-1d3"/>
      </symbol>
      <symbol id="sm-277">
         <name>__aeabi_errno_addr</name>
         <value>0x4c4d</value>
         <object_component_ref idref="oc-1d7"/>
      </symbol>
      <symbol id="sm-278">
         <name>__aeabi_errno</name>
         <value>0x20200160</value>
         <object_component_ref idref="oc-1f7"/>
      </symbol>
      <symbol id="sm-282">
         <name>abort</name>
         <value>0x4c5d</value>
         <object_component_ref idref="oc-111"/>
      </symbol>
      <symbol id="sm-28c">
         <name>__TI_ltoa</name>
         <value>0x408d</value>
         <object_component_ref idref="oc-20d"/>
      </symbol>
      <symbol id="sm-298">
         <name>atoi</name>
         <value>0x456d</value>
         <object_component_ref idref="oc-1cf"/>
      </symbol>
      <symbol id="sm-2a2">
         <name>memccpy</name>
         <value>0x4a89</value>
         <object_component_ref idref="oc-1c8"/>
      </symbol>
      <symbol id="sm-2a8">
         <name>__aeabi_ctype_table_</name>
         <value>0x5260</value>
         <object_component_ref idref="oc-1f0"/>
      </symbol>
      <symbol id="sm-2a9">
         <name>__aeabi_ctype_table_C</name>
         <value>0x5260</value>
         <object_component_ref idref="oc-1f0"/>
      </symbol>
      <symbol id="sm-2b4">
         <name>HOSTexit</name>
         <value>0x4c63</value>
         <object_component_ref idref="oc-16d"/>
      </symbol>
      <symbol id="sm-2b5">
         <name>C$$EXIT</name>
         <value>0x4c62</value>
         <object_component_ref idref="oc-16d"/>
      </symbol>
      <symbol id="sm-2ca">
         <name>__aeabi_fadd</name>
         <value>0x365f</value>
         <object_component_ref idref="oc-ed"/>
      </symbol>
      <symbol id="sm-2cb">
         <name>__addsf3</name>
         <value>0x365f</value>
         <object_component_ref idref="oc-ed"/>
      </symbol>
      <symbol id="sm-2cc">
         <name>__aeabi_fsub</name>
         <value>0x3655</value>
         <object_component_ref idref="oc-ed"/>
      </symbol>
      <symbol id="sm-2cd">
         <name>__subsf3</name>
         <value>0x3655</value>
         <object_component_ref idref="oc-ed"/>
      </symbol>
      <symbol id="sm-2d3">
         <name>__aeabi_dadd</name>
         <value>0x2dc7</value>
         <object_component_ref idref="oc-22a"/>
      </symbol>
      <symbol id="sm-2d4">
         <name>__adddf3</name>
         <value>0x2dc7</value>
         <object_component_ref idref="oc-22a"/>
      </symbol>
      <symbol id="sm-2d5">
         <name>__aeabi_dsub</name>
         <value>0x2dbd</value>
         <object_component_ref idref="oc-22a"/>
      </symbol>
      <symbol id="sm-2d6">
         <name>__subdf3</name>
         <value>0x2dbd</value>
         <object_component_ref idref="oc-22a"/>
      </symbol>
      <symbol id="sm-2df">
         <name>__aeabi_dmul</name>
         <value>0x33bd</value>
         <object_component_ref idref="oc-216"/>
      </symbol>
      <symbol id="sm-2e0">
         <name>__muldf3</name>
         <value>0x33bd</value>
         <object_component_ref idref="oc-216"/>
      </symbol>
      <symbol id="sm-2e6">
         <name>__muldsi3</name>
         <value>0x471d</value>
         <object_component_ref idref="oc-12b"/>
      </symbol>
      <symbol id="sm-2ec">
         <name>__aeabi_fmul</name>
         <value>0x39f5</value>
         <object_component_ref idref="oc-a9"/>
      </symbol>
      <symbol id="sm-2ed">
         <name>__mulsf3</name>
         <value>0x39f5</value>
         <object_component_ref idref="oc-a9"/>
      </symbol>
      <symbol id="sm-2f3">
         <name>__aeabi_fdiv</name>
         <value>0x3a81</value>
         <object_component_ref idref="oc-b3"/>
      </symbol>
      <symbol id="sm-2f4">
         <name>__divsf3</name>
         <value>0x3a81</value>
         <object_component_ref idref="oc-b3"/>
      </symbol>
      <symbol id="sm-2fa">
         <name>__aeabi_ddiv</name>
         <value>0x31ad</value>
         <object_component_ref idref="oc-226"/>
      </symbol>
      <symbol id="sm-2fb">
         <name>__divdf3</name>
         <value>0x31ad</value>
         <object_component_ref idref="oc-226"/>
      </symbol>
      <symbol id="sm-301">
         <name>__aeabi_f2d</name>
         <value>0x452d</value>
         <object_component_ref idref="oc-dd"/>
      </symbol>
      <symbol id="sm-302">
         <name>__extendsfdf2</name>
         <value>0x452d</value>
         <object_component_ref idref="oc-dd"/>
      </symbol>
      <symbol id="sm-308">
         <name>__aeabi_d2iz</name>
         <value>0x43d5</value>
         <object_component_ref idref="oc-209"/>
      </symbol>
      <symbol id="sm-309">
         <name>__fixdfsi</name>
         <value>0x43d5</value>
         <object_component_ref idref="oc-209"/>
      </symbol>
      <symbol id="sm-30f">
         <name>__aeabi_f2iz</name>
         <value>0x47c9</value>
         <object_component_ref idref="oc-b7"/>
      </symbol>
      <symbol id="sm-310">
         <name>__fixsfsi</name>
         <value>0x47c9</value>
         <object_component_ref idref="oc-b7"/>
      </symbol>
      <symbol id="sm-316">
         <name>__aeabi_f2uiz</name>
         <value>0x48d9</value>
         <object_component_ref idref="oc-15c"/>
      </symbol>
      <symbol id="sm-317">
         <name>__fixunssfsi</name>
         <value>0x48d9</value>
         <object_component_ref idref="oc-15c"/>
      </symbol>
      <symbol id="sm-31d">
         <name>__aeabi_i2d</name>
         <value>0x496d</value>
         <object_component_ref idref="oc-211"/>
      </symbol>
      <symbol id="sm-31e">
         <name>__floatsidf</name>
         <value>0x496d</value>
         <object_component_ref idref="oc-211"/>
      </symbol>
      <symbol id="sm-324">
         <name>__aeabi_i2f</name>
         <value>0x462d</value>
         <object_component_ref idref="oc-a5"/>
      </symbol>
      <symbol id="sm-325">
         <name>__floatsisf</name>
         <value>0x462d</value>
         <object_component_ref idref="oc-a5"/>
      </symbol>
      <symbol id="sm-32b">
         <name>__aeabi_ui2f</name>
         <value>0x49c5</value>
         <object_component_ref idref="oc-157"/>
      </symbol>
      <symbol id="sm-32c">
         <name>__floatunsisf</name>
         <value>0x49c5</value>
         <object_component_ref idref="oc-157"/>
      </symbol>
      <symbol id="sm-332">
         <name>__aeabi_lmul</name>
         <value>0x4a65</value>
         <object_component_ref idref="oc-1dc"/>
      </symbol>
      <symbol id="sm-333">
         <name>__muldi3</name>
         <value>0x4a65</value>
         <object_component_ref idref="oc-1dc"/>
      </symbol>
      <symbol id="sm-339">
         <name>__aeabi_dcmpeq</name>
         <value>0x3ea9</value>
         <object_component_ref idref="oc-1e6"/>
      </symbol>
      <symbol id="sm-33a">
         <name>__aeabi_dcmplt</name>
         <value>0x3ebd</value>
         <object_component_ref idref="oc-1e6"/>
      </symbol>
      <symbol id="sm-33b">
         <name>__aeabi_dcmple</name>
         <value>0x3ed1</value>
         <object_component_ref idref="oc-1e6"/>
      </symbol>
      <symbol id="sm-33c">
         <name>__aeabi_dcmpge</name>
         <value>0x3ee5</value>
         <object_component_ref idref="oc-1e6"/>
      </symbol>
      <symbol id="sm-33d">
         <name>__aeabi_dcmpgt</name>
         <value>0x3ef9</value>
         <object_component_ref idref="oc-1e6"/>
      </symbol>
      <symbol id="sm-343">
         <name>__aeabi_fcmpeq</name>
         <value>0x3f0d</value>
         <object_component_ref idref="oc-ad"/>
      </symbol>
      <symbol id="sm-344">
         <name>__aeabi_fcmplt</name>
         <value>0x3f21</value>
         <object_component_ref idref="oc-ad"/>
      </symbol>
      <symbol id="sm-345">
         <name>__aeabi_fcmple</name>
         <value>0x3f35</value>
         <object_component_ref idref="oc-ad"/>
      </symbol>
      <symbol id="sm-346">
         <name>__aeabi_fcmpge</name>
         <value>0x3f49</value>
         <object_component_ref idref="oc-ad"/>
      </symbol>
      <symbol id="sm-347">
         <name>__aeabi_fcmpgt</name>
         <value>0x3f5d</value>
         <object_component_ref idref="oc-ad"/>
      </symbol>
      <symbol id="sm-34d">
         <name>__aeabi_idiv</name>
         <value>0x413d</value>
         <object_component_ref idref="oc-23d"/>
      </symbol>
      <symbol id="sm-34e">
         <name>__aeabi_idivmod</name>
         <value>0x413d</value>
         <object_component_ref idref="oc-23d"/>
      </symbol>
      <symbol id="sm-354">
         <name>__aeabi_memcpy</name>
         <value>0x4c55</value>
         <object_component_ref idref="oc-54"/>
      </symbol>
      <symbol id="sm-355">
         <name>__aeabi_memcpy4</name>
         <value>0x4c55</value>
         <object_component_ref idref="oc-54"/>
      </symbol>
      <symbol id="sm-356">
         <name>__aeabi_memcpy8</name>
         <value>0x4c55</value>
         <object_component_ref idref="oc-54"/>
      </symbol>
      <symbol id="sm-35d">
         <name>__aeabi_memset</name>
         <value>0x4bf5</value>
         <object_component_ref idref="oc-1c7"/>
      </symbol>
      <symbol id="sm-35e">
         <name>__aeabi_memset4</name>
         <value>0x4bf5</value>
         <object_component_ref idref="oc-1c7"/>
      </symbol>
      <symbol id="sm-35f">
         <name>__aeabi_memset8</name>
         <value>0x4bf5</value>
         <object_component_ref idref="oc-1c7"/>
      </symbol>
      <symbol id="sm-365">
         <name>__aeabi_uidiv</name>
         <value>0x44ed</value>
         <object_component_ref idref="oc-e8"/>
      </symbol>
      <symbol id="sm-366">
         <name>__aeabi_uidivmod</name>
         <value>0x44ed</value>
         <object_component_ref idref="oc-e8"/>
      </symbol>
      <symbol id="sm-36c">
         <name>__aeabi_uldivmod</name>
         <value>0x4b89</value>
         <object_component_ref idref="oc-1e1"/>
      </symbol>
      <symbol id="sm-375">
         <name>__eqsf2</name>
         <value>0x46e1</value>
         <object_component_ref idref="oc-130"/>
      </symbol>
      <symbol id="sm-376">
         <name>__lesf2</name>
         <value>0x46e1</value>
         <object_component_ref idref="oc-130"/>
      </symbol>
      <symbol id="sm-377">
         <name>__ltsf2</name>
         <value>0x46e1</value>
         <object_component_ref idref="oc-130"/>
      </symbol>
      <symbol id="sm-378">
         <name>__nesf2</name>
         <value>0x46e1</value>
         <object_component_ref idref="oc-130"/>
      </symbol>
      <symbol id="sm-379">
         <name>__cmpsf2</name>
         <value>0x46e1</value>
         <object_component_ref idref="oc-130"/>
      </symbol>
      <symbol id="sm-37a">
         <name>__gtsf2</name>
         <value>0x4669</value>
         <object_component_ref idref="oc-135"/>
      </symbol>
      <symbol id="sm-37b">
         <name>__gesf2</name>
         <value>0x4669</value>
         <object_component_ref idref="oc-135"/>
      </symbol>
      <symbol id="sm-381">
         <name>__udivmoddi4</name>
         <value>0x38b9</value>
         <object_component_ref idref="oc-1fc"/>
      </symbol>
      <symbol id="sm-387">
         <name>__aeabi_llsl</name>
         <value>0x4acd</value>
         <object_component_ref idref="oc-231"/>
      </symbol>
      <symbol id="sm-388">
         <name>__ashldi3</name>
         <value>0x4acd</value>
         <object_component_ref idref="oc-231"/>
      </symbol>
      <symbol id="sm-396">
         <name>__ledf2</name>
         <value>0x3dd9</value>
         <object_component_ref idref="oc-21e"/>
      </symbol>
      <symbol id="sm-397">
         <name>__gedf2</name>
         <value>0x3cfd</value>
         <object_component_ref idref="oc-224"/>
      </symbol>
      <symbol id="sm-398">
         <name>__cmpdf2</name>
         <value>0x3dd9</value>
         <object_component_ref idref="oc-21e"/>
      </symbol>
      <symbol id="sm-399">
         <name>__eqdf2</name>
         <value>0x3dd9</value>
         <object_component_ref idref="oc-21e"/>
      </symbol>
      <symbol id="sm-39a">
         <name>__ltdf2</name>
         <value>0x3dd9</value>
         <object_component_ref idref="oc-21e"/>
      </symbol>
      <symbol id="sm-39b">
         <name>__nedf2</name>
         <value>0x3dd9</value>
         <object_component_ref idref="oc-21e"/>
      </symbol>
      <symbol id="sm-39c">
         <name>__gtdf2</name>
         <value>0x3cfd</value>
         <object_component_ref idref="oc-224"/>
      </symbol>
      <symbol id="sm-3a8">
         <name>__aeabi_idiv0</name>
         <value>0x3b03</value>
         <object_component_ref idref="oc-166"/>
      </symbol>
      <symbol id="sm-3a9">
         <name>__aeabi_ldiv0</name>
         <value>0x3ea7</value>
         <object_component_ref idref="oc-230"/>
      </symbol>
      <symbol id="sm-3c3">
         <name>memcpy</name>
         <value>0x395b</value>
         <object_component_ref idref="oc-c0"/>
      </symbol>
      <symbol id="sm-3d2">
         <name>memset</name>
         <value>0x3f6f</value>
         <object_component_ref idref="oc-13f"/>
      </symbol>
      <symbol id="sm-3d3">
         <name>__TI_static_base__</name>
         <value>0x0</value>
      </symbol>
      <symbol id="sm-3d7">
         <name>__mpu_init</name>
         <value>0x0</value>
      </symbol>
      <symbol id="sm-3d8">
         <name>_system_post_cinit</name>
         <value>0x0</value>
      </symbol>
   </symbol_table>
   <title>Link successful</title>
</link_info>
