******************************************************************************
            TI ARM Clang Linker PC v4.0.3                      
******************************************************************************
>> Linked Wed Jul 23 09:47:51 2025

OUTPUT FILE NAME:   <PWM_Encoder.out>
ENTRY POINT SYMBOL: "_c_int00_noargs"  address: 00004895


MEMORY CONFIGURATION

         name            origin    length      used     unused   attr    fill
----------------------  --------  ---------  --------  --------  ----  --------
  FLASH                 00000000   00020000  00005310  0001acf0  R  X
  SRAM                  20200000   00008000  0000056d  00007a93  RW X
  BCR_CONFIG            41c00000   000000ff  00000000  000000ff  R   
  BSL_CONFIG            41c00100   00000080  00000000  00000080  R   


SEGMENT ALLOCATION MAP

run origin  load origin   length   init length attrs members
----------  ----------- ---------- ----------- ----- -------
00000000    00000000    00004b08   00004b08    r-x
  00000000    00000000    000000c0   000000c0    r-- .intvecs
  000000c0    000000c0    00004a48   00004a48    r-x .text
00004b10    00004b10    00000808   00000808    r--
  00004b10    00004b10    000007d0   000007d0    r-- .rodata
  000052e0    000052e0    00000038   00000038    r-- .cinit
20200000    20200000    0000036d   00000000    rw-
  20200000    20200000    0000033c   00000000    rw- .bss
  2020033c    2020033c    00000031   00000000    rw- .data
20207e00    20207e00    00000200   00000000    rw-
  20207e00    20207e00    00000200   00000000    rw- .stack


SECTION ALLOCATION MAP

 output                                  attributes/
section   page    origin      length       input sections
--------  ----  ----------  ----------   ----------------
.intvecs   0    00000000    000000c0     
                  00000000    000000c0     startup_mspm0g350x_ticlang.o (.intvecs)

.text      0    000000c0    00004a48     
                  000000c0    00000eb0     user_OLED.o (.text.OLED_Init)
                  00000f70    000009d0     libc.a : _printfi.c.obj (.text:__TI_printfi)
                  00001940    000006ac     user_OLED.o (.text.OLED_ShowFloat)
                  00001fec    00000314     user_OLED.o (.text.OLED_ShowChar)
                  00002300    00000220     libc.a : _printfi.c.obj (.text._pconv_a)
                  00002520    00000210     user_OLED.o (.text.OLED_SetCursor)
                  00002730    000001dc     libc.a : _printfi.c.obj (.text._pconv_g)
                  0000290c    00000194     user_OLED.o (.text.OLED_Clear)
                  00002aa0    00000192     libclang_rt.builtins.a : adddf3.S.obj (.text.adddf3_subdf3)
                  00002c32    00000002     startup_mspm0g350x_ticlang.o (.text.Default_Handler)
                  00002c34    00000164     main.o (.text.main)
                  00002d98    0000013c     libc.a : _printfi.c.obj (.text.fcvt)
                  00002ed4    00000120            : _printfi.c.obj (.text._pconv_e)
                  00002ff4    0000010c     libclang_rt.builtins.a : divdf3.S.obj (.text.__divdf3)
                  00003100    00000104     driverlib.a : dl_timer.o (.text.DL_Timer_initFourCCPWMMode)
                  00003204    000000ec     user_Encoder.o (.text.user_encoder_init)
                  000032f0    000000e4     libclang_rt.builtins.a : muldf3.S.obj (.text.__muldf3)
                  000033d4    000000d8     libc.a : s_scalbn.c.obj (.text.scalbn)
                  000034ac    000000d8     libclang_rt.builtins.a : addsf3.S.obj (.text)
                  00003584    000000d0     ti_msp_dl_config.o (.text.SYSCFG_DL_GPIO_init)
                  00003654    000000c8     user_key.o (.text.GROUP1_IRQHandler)
                  0000371c    000000a2     libclang_rt.builtins.a : udivmoddi4.S.obj (.text)
                  000037be    0000009a     libc.a : memcpy16.S.obj (.text:memcpy)
                  00003858    00000098     user_Encoder.o (.text.user_encoder_set_count)
                  000038f0    0000008c     libclang_rt.builtins.a : mulsf3.S.obj (.text.__mulsf3)
                  0000397c    00000088     driverlib.a : dl_dac12.o (.text.DL_DAC12_init)
                  00003a04    00000082     libclang_rt.builtins.a : divsf3.S.obj (.text.__divsf3)
                  00003a86    00000002                            : aeabi_div0.c.obj (.text.__aeabi_idiv0)
                  00003a88    0000007c     ti_msp_dl_config.o (.text.SYSCFG_DL_UART_0_init)
                  00003b04    0000007c     libc.a : copy_decompress_lzss.c.obj (.text:decompress:lzss)
                  00003b80    00000074     libclang_rt.builtins.a : comparedf2.c.obj (.text.__gedf2)
                  00003bf4    00000070     user_DAC.o (.text.DAC0_IRQHandler)
                  00003c64    00000070     ti_msp_dl_config.o (.text.SYSCFG_DL_initPower)
                  00003cd4    0000006c     ti_msp_dl_config.o (.text.SYSCFG_DL_PWM_0_init)
                  00003d40    00000068     libclang_rt.builtins.a : comparedf2.c.obj (.text.__ledf2)
                  00003da8    00000066     libc.a : _printfi.c.obj (.text._mcpy)
                  00003e0e    00000002     libclang_rt.builtins.a : aeabi_div0.c.obj (.text.__aeabi_ldiv0)
                  00003e10    00000062                            : aeabi_dcmp.S.obj (.text.__aeabi_dcmp)
                  00003e72    00000002     --HOLE-- [fill = 0]
                  00003e74    00000062                            : aeabi_fcmp.S.obj (.text.__aeabi_fcmp)
                  00003ed6    00000062     libc.a : memset16.S.obj (.text:memset)
                  00003f38    0000005c            : s_frexp.c.obj (.text.frexp)
                  00003f94    00000058            : _ltoa.c.obj (.text.__TI_ltoa)
                  00003fec    00000058            : _printfi.c.obj (.text._pconv_f)
                  00004044    00000056     libclang_rt.builtins.a : aeabi_idivmod.S.obj (.text.__aeabi_idivmod)
                  0000409a    00000054     user_OLED.o (.text.OLED_ShowString)
                  000040ee    00000002     --HOLE-- [fill = 0]
                  000040f0    00000054     ti_msp_dl_config.o (.text.SYSCFG_DL_I2C_0_init)
                  00004144    00000054     ti_msp_dl_config.o (.text.SYSCFG_DL_I2C_1_init)
                  00004198    00000054     user_uart.o (.text.UART0_IRQHandler)
                  000041ec    00000052     libc.a : _printfi.c.obj (.text._ecpy)
                  0000423e    00000002     --HOLE-- [fill = 0]
                  00004240    0000004c     ti_msp_dl_config.o (.text.SYSCFG_DL_SYSCTL_init)
                  0000428c    0000004a     libclang_rt.builtins.a : fixdfsi.S.obj (.text.__fixdfsi)
                  000042d6    00000002     --HOLE-- [fill = 0]
                  000042d8    00000048     driverlib.a : dl_uart.o (.text.DL_UART_init)
                  00004320    00000044     ti_msp_dl_config.o (.text.SYSCFG_DL_ADC12_0_init)
                  00004364    00000040     driverlib.a : dl_adc12.o (.text.DL_ADC12_setClockConfig)
                  000043a4    00000040     libclang_rt.builtins.a : aeabi_uidivmod.S.obj (.text.__aeabi_uidivmod)
                  000043e4    00000040     libc.a : atoi.c.obj (.text.atoi)
                  00004424    00000040     user_Encoder.o (.text.user_encoder_voltage_to_dac)
                  00004464    00000040     user_uart.o (.text.user_uart_send_string)
                  000044a4    0000003c     libclang_rt.builtins.a : floatsisf.S.obj (.text.__floatsisf)
                  000044e0    0000003c                            : comparesf2.S.obj (.text.__gtsf2)
                  0000451c    0000003c     libc.a : autoinit.c.obj (.text:__TI_auto_init_nobinit_nopinit)
                  00004558    0000003a     libclang_rt.builtins.a : comparesf2.S.obj (.text.__eqsf2)
                  00004592    00000002     --HOLE-- [fill = 0]
                  00004594    0000003a                            : muldsi3.S.obj (.text.__muldsi3)
                  000045ce    0000003a     delay.o (.text.delay_us)
                  00004608    00000038     delay.o (.text.DL_Common_delayCycles)
                  00004640    00000038     ti_msp_dl_config.o (.text.SYSCFG_DL_init)
                  00004678    00000038     libclang_rt.builtins.a : fixsfsi.S.obj (.text.__fixsfsi)
                  000046b0    00000038     libc.a : sprintf.c.obj (.text.sprintf)
                  000046e8    00000038     user_Encoder.o (.text.user_encoder_count_to_voltage)
                  00004720    00000034     user_uart.o (.text.user_uart_init)
                  00004754    00000032     libclang_rt.builtins.a : fixunssfsi.S.obj (.text.__fixunssfsi)
                  00004786    00000002     --HOLE-- [fill = 0]
                  00004788    00000030     ti_msp_dl_config.o (.text.SYSCFG_DL_DAC12_init)
                  000047b8    00000030     ti_msp_dl_config.o (.text.SYSCFG_DL_SYSTICK_init)
                  000047e8    00000030     libc.a : _printfi.c.obj (.text._fcpy)
                  00004818    0000002c     libclang_rt.builtins.a : floatsidf.S.obj (.text.__floatsidf)
                  00004844    00000028                            : floatunsisf.S.obj (.text.__floatunsisf)
                  0000486c    00000028     delay.o (.text.delay_ms)
                  00004894    00000028     libc.a : boot_cortex_m.c.obj (.text:_c_int00_noargs)
                  000048bc    00000026     driverlib.a : dl_i2c.o (.text.DL_I2C_setClockConfig)
                  000048e2    00000002     --HOLE-- [fill = 0]
                  000048e4    00000024     libclang_rt.builtins.a : muldi3.S.obj (.text.__muldi3)
                  00004908    00000022     libc.a : memccpy.c.obj (.text.memccpy)
                  0000492a    00000002     --HOLE-- [fill = 0]
                  0000492c    00000020     delay.o (.text.SysTick_Handler)
                  0000494c    0000001e     libclang_rt.builtins.a : ashldi3.S.obj (.text.__ashldi3)
                  0000496a    00000002     --HOLE-- [fill = 0]
                  0000496c    0000001c     user_ADC.o (.text.ADC0_IRQHandler)
                  00004988    0000001c     driverlib.a : dl_timer.o (.text.DL_Timer_setCaptCompUpdateMethod)
                  000049a4    0000001c                 : dl_timer.o (.text.DL_Timer_setClockConfig)
                  000049c0    00000018                 : dl_timer.o (.text.DL_Timer_setCaptureCompareOutCtl)
                  000049d8    00000018     libc.a : sprintf.c.obj (.text._outs)
                  000049f0    00000018     user_Encoder.o (.text.user_encoder_is_changed)
                  00004a08    00000016     libc.a : copy_zero_init.c.obj (.text:decompress:ZI:__TI_zero_init_nomemset)
                  00004a1e    00000002     --HOLE-- [fill = 0]
                  00004a20    00000014     libclang_rt.builtins.a : aeabi_uldivmod.S.obj (.text.__aeabi_uldivmod)
                  00004a34    00000014     libc.a : _printfi.c.obj (.text.strchr)
                  00004a48    00000012     driverlib.a : dl_uart.o (.text.DL_UART_setClockConfig)
                  00004a5a    00000012     libc.a : copy_decompress_none.c.obj (.text:decompress:none)
                  00004a6c    00000010     driverlib.a : dl_timer.o (.text.DL_Timer_setCaptureCompareValue)
                  00004a7c    00000010     libc.a : wcslen.c.obj (.text.wcslen)
                  00004a8c    0000000e     libclang_rt.builtins.a : aeabi_memset.S.obj (.text.__aeabi_memset)
                  00004a9a    0000000e     libc.a : _printfi.c.obj (.text.strlen)
                  00004aa8    0000000c     user_Encoder.o (.text.user_encoder_get_count)
                  00004ab4    0000000a     libc.a : _printfi.c.obj (.text.OUTLINED_FUNCTION_0)
                  00004abe    00000002     --HOLE-- [fill = 0]
                  00004ac0    00000010     libclang_rt.builtins.a : adddf3.S.obj (.tramp.__aeabi_dsub.1)
                  00004ad0    0000000a     libc.a : _printfi.c.obj (.text.OUTLINED_FUNCTION_1)
                  00004ada    0000000a            : sprintf.c.obj (.text._outc)
                  00004ae4    00000008            : aeabi_portable.c.obj (.text.__aeabi_errno_addr)
                  00004aec    00000008     libclang_rt.builtins.a : aeabi_memcpy.S.obj (.text.__aeabi_memcpy)
                  00004af4    00000006     libc.a : exit.c.obj (.text:abort)
                  00004afa    00000004     libsysbm.a : hostexit.c.obj (.text.HOSTexit)
                  00004afe    00000004     startup_mspm0g350x_ticlang.o (.text.Reset_Handler)
                  00004b02    00000004     libc.a : pre_init.c.obj (.text._system_pre_init)
                  00004b06    00000002     --HOLE-- [fill = 0]

.cinit     0    000052e0    00000038     
                  000052e0    00000014     (.cinit..data.load) [load image, compression = lzss]
                  000052f4    0000000c     (__TI_handler_table)
                  00005300    00000008     (.cinit..bss.load) [load image, compression = zero_init]
                  00005308    00000010     (__TI_cinit_table)

.rodata    0    00004b10    000007d0     
                  00004b10    000005f0     user_OLED.o (.rodata.OLED_F8x16)
                  00005100    00000101     libc.a : aeabi_ctype.S.obj (.rodata:__aeabi_ctype_table_)
                  00005201    00000029     main.o (.rodata.str1.12180500075719773345.1)
                  0000522a    00000002     ti_msp_dl_config.o (.rodata.gI2C_0ClockConfig)
                  0000522c    00000020     ti_msp_dl_config.o (.rodata.gDAC12Config)
                  0000524c    0000001b     main.o (.rodata.str1.15159059442110792349.1)
                  00005267    00000016     user_Encoder.o (.rodata.str1.18065448981264922867.1)
                  0000527d    00000011     libc.a : _printfi.c.obj (.rodata.str1.10348868589481759720.1)
                  0000528e    00000011            : _printfi.c.obj (.rodata.str1.15363888844622738466.1)
                  0000529f    0000000c     main.o (.rodata.str1.17100691992556644108.1)
                  000052ab    0000000c     main.o (.rodata.str1.8154729771448623357.1)
                  000052b7    00000001     --HOLE-- [fill = 0]
                  000052b8    0000000a     ti_msp_dl_config.o (.rodata.gUART_0Config)
                  000052c2    00000002     ti_msp_dl_config.o (.rodata.gI2C_1ClockConfig)
                  000052c4    00000008     ti_msp_dl_config.o (.rodata.gADC12_0ClockConfig)
                  000052cc    00000008     ti_msp_dl_config.o (.rodata.gPWM_0Config)
                  000052d4    00000005     main.o (.rodata.str1.2846389346932560359.1)
                  000052d9    00000003     ti_msp_dl_config.o (.rodata.gPWM_0ClockConfig)
                  000052dc    00000002     ti_msp_dl_config.o (.rodata.gUART_0ClockConfig)
                  000052de    00000002     main.o (.rodata.str1.18227636981041470289.1)

.init_array 
*          0    00000000    00000000     UNINITIALIZED

.binit     0    00000000    00000000     

.bss       0    20200000    0000033c     UNINITIALIZED
                  20200000    00000200     user_DAC.o (.bss.sine_table)
                  20200200    000000bc     (.common:gPWM_0Backup)
                  202002bc    00000080     user_uart.o (.bss.rx_buffer)

.data      0    2020033c    00000031     UNINITIALIZED
                  2020033c    00000010     user_Encoder.o (.data.g_encoder_state)
                  2020034c    00000004     libc.a : aeabi_portable.c.obj (.data.__aeabi_errno)
                  20200350    00000004     delay.o (.data.delay_times)
                  20200354    00000004     user_DAC.o (.data.interrupt_count)
                  20200358    00000004     user_uart.o (.data.irq_counter)
                  2020035c    00000004     user_DAC.o (.data.sine_index)
                  20200360    00000004     main.o (.data.system_time_ms)
                  20200364    00000002     user_uart.o (.data.rx_count)
                  20200366    00000002     user_uart.o (.data.rx_head)
                  20200368    00000002     user_uart.o (.data.rx_tail)
                  2020036a    00000001     user_DAC.o (.data.dac_running)
                  2020036b    00000001     user_ADC.o (.data.gCheckADC)
                  2020036c    00000001     user_key.o (.data.key_pressed_flag)

.stack     0    20207e00    00000200     UNINITIALIZED
                  20207e00    00000004     libc.a : boot_cortex_m.c.obj (.stack)
                  20207e04    000001fc     --HOLE--

__llvm_prf_cnts 
*          0    20200000    00000000     UNINITIALIZED

__llvm_prf_bits 
*          0    20200000    00000000     UNINITIALIZED

MODULE SUMMARY

       Module                         code    ro data   rw data
       ------                         ----    -------   -------
    .\
       ti_msp_dl_config.o             1016    67        188    
       main.o                         356     99        4      
       startup_mspm0g350x_ticlang.o   6       192       0      
    +--+------------------------------+-------+---------+---------+
       Total:                         1378    358       192    
                                                               
    .\user\
       user_OLED.o                    7272    1520      0      
       user_DAC.o                     112     0         521    
       user_Encoder.o                 544     22        16     
       user_uart.o                    200     0         138    
       user_key.o                     200     0         1      
       delay.o                        186     0         4      
       user_ADC.o                     28      0         1      
    +--+------------------------------+-------+---------+---------+
       Total:                         8542    1542      681    
                                                               
    D:/ti/mspm0_sdk_2_05_00_05/source/ti/driverlib/lib/ticlang/m0p/mspm0g1x0x_g3x0x/driverlib.a
       dl_timer.o                     356     0         0      
       dl_dac12.o                     136     0         0      
       dl_uart.o                      90      0         0      
       dl_adc12.o                     64      0         0      
       dl_i2c.o                       38      0         0      
    +--+------------------------------+-------+---------+---------+
       Total:                         684     0         0      
                                                               
    D:\ti\ccs2020\ccs\tools\compiler\ti-cgt-armllvm_4.0.3.LTS\lib\armv6m-ti-none-eabi/c/libc.a
       _printfi.c.obj                 4510    34        0      
       aeabi_ctype.S.obj              0       257       0      
       s_scalbn.c.obj                 216     0         0      
       memcpy16.S.obj                 154     0         0      
       copy_decompress_lzss.c.obj     124     0         0      
       memset16.S.obj                 98      0         0      
       s_frexp.c.obj                  92      0         0      
       sprintf.c.obj                  90      0         0      
       _ltoa.c.obj                    88      0         0      
       atoi.c.obj                     64      0         0      
       autoinit.c.obj                 60      0         0      
       boot_cortex_m.c.obj            40      0         0      
       memccpy.c.obj                  34      0         0      
       copy_zero_init.c.obj           22      0         0      
       copy_decompress_none.c.obj     18      0         0      
       wcslen.c.obj                   16      0         0      
       aeabi_portable.c.obj           8       0         4      
       exit.c.obj                     6       0         0      
       pre_init.c.obj                 4       0         0      
    +--+------------------------------+-------+---------+---------+
       Total:                         5644    291       4      
                                                               
    D:\ti\ccs2020\ccs\tools\compiler\ti-cgt-armllvm_4.0.3.LTS\lib\armv6m-ti-none-eabi/c/libsysbm.a
       hostexit.c.obj                 4       0         0      
    +--+------------------------------+-------+---------+---------+
       Total:                         4       0         0      
                                                               
    D:\ti\ccs2020\ccs\tools\compiler\ti-cgt-armllvm_4.0.3.LTS\lib\armv6m-ti-none-eabi/libclang_rt.builtins.a
       adddf3.S.obj                   418     0         0      
       divdf3.S.obj                   268     0         0      
       muldf3.S.obj                   228     0         0      
       comparedf2.c.obj               220     0         0      
       addsf3.S.obj                   216     0         0      
       udivmoddi4.S.obj               162     0         0      
       mulsf3.S.obj                   140     0         0      
       divsf3.S.obj                   130     0         0      
       comparesf2.S.obj               118     0         0      
       aeabi_dcmp.S.obj               98      0         0      
       aeabi_fcmp.S.obj               98      0         0      
       aeabi_idivmod.S.obj            86      0         0      
       fixdfsi.S.obj                  74      0         0      
       aeabi_uidivmod.S.obj           64      0         0      
       floatsisf.S.obj                60      0         0      
       muldsi3.S.obj                  58      0         0      
       fixsfsi.S.obj                  56      0         0      
       fixunssfsi.S.obj               50      0         0      
       floatsidf.S.obj                44      0         0      
       floatunsisf.S.obj              40      0         0      
       muldi3.S.obj                   36      0         0      
       ashldi3.S.obj                  30      0         0      
       aeabi_uldivmod.S.obj           20      0         0      
       aeabi_memset.S.obj             14      0         0      
       aeabi_memcpy.S.obj             8       0         0      
       aeabi_div0.c.obj               4       0         0      
    +--+------------------------------+-------+---------+---------+
       Total:                         2740    0         0      
                                                               
       Stack:                         0       0         512    
       Linker Generated:              0       56        0      
    +--+------------------------------+-------+---------+---------+
       Grand Total:                   18992   2247      1389   


LINKER GENERATED COPY TABLES

__TI_cinit_table @ 00005308 records: 2, size/record: 8, table size: 16
	.data: load addr=000052e0, load size=00000014 bytes, run addr=2020033c, run size=00000031 bytes, compression=lzss
	.bss: load addr=00005300, load size=00000008 bytes, run addr=20200000, run size=0000033c bytes, compression=zero_init


LINKER GENERATED HANDLER TABLE

__TI_handler_table @ 000052f4 records: 3, size/record: 4, table size: 12
	index: 0, handler: __TI_decompress_lzss
	index: 1, handler: __TI_decompress_none
	index: 2, handler: __TI_zero_init


FAR CALL TRAMPOLINES

callee name               trampoline name
   callee addr  tramp addr   call addr  call info
--------------  -----------  ---------  ----------------
__aeabi_dsub              $Tramp$TT$L$PI$$__aeabi_dsub
   00002aa1     00004ac0     00004abc   libc.a : _printfi.c.obj (.text.OUTLINED_FUNCTION_0)

[1 trampolines]
[1 trampoline calls]


GLOBAL SYMBOLS: SORTED ALPHABETICALLY BY Name 

address   name                            
-------   ----                            
0000496d  ADC0_IRQHandler                 
00002c33  ADC1_IRQHandler                 
00002c33  AES_IRQHandler                  
00004afa  C$$EXIT                         
00002c33  CANFD0_IRQHandler               
00003bf5  DAC0_IRQHandler                 
00004365  DL_ADC12_setClockConfig         
00004609  DL_Common_delayCycles           
0000397d  DL_DAC12_init                   
000048bd  DL_I2C_setClockConfig           
00003101  DL_Timer_initFourCCPWMMode      
00004989  DL_Timer_setCaptCompUpdateMethod
000049c1  DL_Timer_setCaptureCompareOutCtl
00004a6d  DL_Timer_setCaptureCompareValue 
000049a5  DL_Timer_setClockConfig         
000042d9  DL_UART_init                    
00004a49  DL_UART_setClockConfig          
00002c33  DMA_IRQHandler                  
00002c33  Default_Handler                 
00002c33  GROUP0_IRQHandler               
00003655  GROUP1_IRQHandler               
00004afb  HOSTexit                        
00002c33  HardFault_Handler               
00002c33  I2C0_IRQHandler                 
00002c33  I2C1_IRQHandler                 
00002c33  NMI_Handler                     
0000290d  OLED_Clear                      
00004b10  OLED_F8x16                      
000000c1  OLED_Init                       
00002521  OLED_SetCursor                  
00001fed  OLED_ShowChar                   
00001941  OLED_ShowFloat                  
0000409b  OLED_ShowString                 
00002c33  PendSV_Handler                  
00002c33  RTC_IRQHandler                  
00004aff  Reset_Handler                   
00002c33  SPI0_IRQHandler                 
00002c33  SPI1_IRQHandler                 
00002c33  SVC_Handler                     
00004321  SYSCFG_DL_ADC12_0_init          
00004789  SYSCFG_DL_DAC12_init            
00003585  SYSCFG_DL_GPIO_init             
000040f1  SYSCFG_DL_I2C_0_init            
00004145  SYSCFG_DL_I2C_1_init            
00003cd5  SYSCFG_DL_PWM_0_init            
00004241  SYSCFG_DL_SYSCTL_init           
000047b9  SYSCFG_DL_SYSTICK_init          
00003a89  SYSCFG_DL_UART_0_init           
00004641  SYSCFG_DL_init                  
00003c65  SYSCFG_DL_initPower             
0000492d  SysTick_Handler                 
00002c33  TIMA0_IRQHandler                
00002c33  TIMA1_IRQHandler                
00002c33  TIMG0_IRQHandler                
00002c33  TIMG12_IRQHandler               
00002c33  TIMG6_IRQHandler                
00002c33  TIMG7_IRQHandler                
00002c33  TIMG8_IRQHandler                
00004199  UART0_IRQHandler                
00002c33  UART1_IRQHandler                
00002c33  UART2_IRQHandler                
00002c33  UART3_IRQHandler                
20208000  __STACK_END                     
00000200  __STACK_SIZE                    
00000000  __TI_ATRegion0_region_sz        
00000000  __TI_ATRegion0_src_addr         
00000000  __TI_ATRegion0_trg_addr         
00000000  __TI_ATRegion1_region_sz        
00000000  __TI_ATRegion1_src_addr         
00000000  __TI_ATRegion1_trg_addr         
00000000  __TI_ATRegion2_region_sz        
00000000  __TI_ATRegion2_src_addr         
00000000  __TI_ATRegion2_trg_addr         
00005308  __TI_CINIT_Base                 
00005318  __TI_CINIT_Limit                
00005318  __TI_CINIT_Warm                 
000052f4  __TI_Handler_Table_Base         
00005300  __TI_Handler_Table_Limit        
0000451d  __TI_auto_init_nobinit_nopinit  
00003b05  __TI_decompress_lzss            
00004a5b  __TI_decompress_none            
00003f95  __TI_ltoa                       
ffffffff  __TI_pprof_out_hndl             
00000f71  __TI_printfi                    
ffffffff  __TI_prof_data_size             
ffffffff  __TI_prof_data_start            
00000000  __TI_static_base__              
00004a09  __TI_zero_init_nomemset         
00002aab  __adddf3                        
000034b7  __addsf3                        
00005100  __aeabi_ctype_table_            
00005100  __aeabi_ctype_table_C           
0000428d  __aeabi_d2iz                    
00002aab  __aeabi_dadd                    
00003e11  __aeabi_dcmpeq                  
00003e4d  __aeabi_dcmpge                  
00003e61  __aeabi_dcmpgt                  
00003e39  __aeabi_dcmple                  
00003e25  __aeabi_dcmplt                  
00002ff5  __aeabi_ddiv                    
000032f1  __aeabi_dmul                    
00002aa1  __aeabi_dsub                    
2020034c  __aeabi_errno                   
00004ae5  __aeabi_errno_addr              
00004679  __aeabi_f2iz                    
00004755  __aeabi_f2uiz                   
000034b7  __aeabi_fadd                    
00003e75  __aeabi_fcmpeq                  
00003eb1  __aeabi_fcmpge                  
00003ec5  __aeabi_fcmpgt                  
00003e9d  __aeabi_fcmple                  
00003e89  __aeabi_fcmplt                  
00003a05  __aeabi_fdiv                    
000038f1  __aeabi_fmul                    
000034ad  __aeabi_fsub                    
00004819  __aeabi_i2d                     
000044a5  __aeabi_i2f                     
00004045  __aeabi_idiv                    
00003a87  __aeabi_idiv0                   
00004045  __aeabi_idivmod                 
00003e0f  __aeabi_ldiv0                   
0000494d  __aeabi_llsl                    
000048e5  __aeabi_lmul                    
00004aed  __aeabi_memcpy                  
00004aed  __aeabi_memcpy4                 
00004aed  __aeabi_memcpy8                 
00004a8d  __aeabi_memset                  
00004a8d  __aeabi_memset4                 
00004a8d  __aeabi_memset8                 
00004845  __aeabi_ui2f                    
000043a5  __aeabi_uidiv                   
000043a5  __aeabi_uidivmod                
00004a21  __aeabi_uldivmod                
0000494d  __ashldi3                       
ffffffff  __binit__                       
00003d41  __cmpdf2                        
00004559  __cmpsf2                        
00002ff5  __divdf3                        
00003a05  __divsf3                        
00003d41  __eqdf2                         
00004559  __eqsf2                         
0000428d  __fixdfsi                       
00004679  __fixsfsi                       
00004755  __fixunssfsi                    
00004819  __floatsidf                     
000044a5  __floatsisf                     
00004845  __floatunsisf                   
00003b81  __gedf2                         
000044e1  __gesf2                         
00003b81  __gtdf2                         
000044e1  __gtsf2                         
00003d41  __ledf2                         
00004559  __lesf2                         
00003d41  __ltdf2                         
00004559  __ltsf2                         
UNDEFED   __mpu_init                      
000032f1  __muldf3                        
000048e5  __muldi3                        
00004595  __muldsi3                       
000038f1  __mulsf3                        
00003d41  __nedf2                         
00004559  __nesf2                         
20207e00  __stack                         
20200000  __start___llvm_prf_bits         
20200000  __start___llvm_prf_cnts         
20200000  __stop___llvm_prf_bits          
20200000  __stop___llvm_prf_cnts          
00002aa1  __subdf3                        
000034ad  __subsf3                        
0000371d  __udivmoddi4                    
00004895  _c_int00_noargs                 
UNDEFED   _system_post_cinit              
00004b03  _system_pre_init                
00004af5  abort                           
000043e5  atoi                            
ffffffff  binit                           
0000486d  delay_ms                        
20200350  delay_times                     
000045cf  delay_us                        
00003f39  frexp                           
00003f39  frexpl                          
2020036b  gCheckADC                       
20200200  gPWM_0Backup                    
2020033c  g_encoder_state                 
00000000  interruptVectors                
2020036c  key_pressed_flag                
000033d5  ldexp                           
000033d5  ldexpl                          
00002c35  main                            
00004909  memccpy                         
000037bf  memcpy                          
00003ed7  memset                          
000033d5  scalbn                          
000033d5  scalbnl                         
000046b1  sprintf                         
20200360  system_time_ms                  
000046e9  user_encoder_count_to_voltage   
00004aa9  user_encoder_get_count          
00003205  user_encoder_init               
000049f1  user_encoder_is_changed         
00003859  user_encoder_set_count          
00004425  user_encoder_voltage_to_dac     
00004721  user_uart_init                  
00004465  user_uart_send_string           
00004a7d  wcslen                          


GLOBAL SYMBOLS: SORTED BY Symbol Address 

address   name                            
-------   ----                            
00000000  __TI_ATRegion0_region_sz        
00000000  __TI_ATRegion0_src_addr         
00000000  __TI_ATRegion0_trg_addr         
00000000  __TI_ATRegion1_region_sz        
00000000  __TI_ATRegion1_src_addr         
00000000  __TI_ATRegion1_trg_addr         
00000000  __TI_ATRegion2_region_sz        
00000000  __TI_ATRegion2_src_addr         
00000000  __TI_ATRegion2_trg_addr         
00000000  __TI_static_base__              
00000000  interruptVectors                
000000c1  OLED_Init                       
00000200  __STACK_SIZE                    
00000f71  __TI_printfi                    
00001941  OLED_ShowFloat                  
00001fed  OLED_ShowChar                   
00002521  OLED_SetCursor                  
0000290d  OLED_Clear                      
00002aa1  __aeabi_dsub                    
00002aa1  __subdf3                        
00002aab  __adddf3                        
00002aab  __aeabi_dadd                    
00002c33  ADC1_IRQHandler                 
00002c33  AES_IRQHandler                  
00002c33  CANFD0_IRQHandler               
00002c33  DMA_IRQHandler                  
00002c33  Default_Handler                 
00002c33  GROUP0_IRQHandler               
00002c33  HardFault_Handler               
00002c33  I2C0_IRQHandler                 
00002c33  I2C1_IRQHandler                 
00002c33  NMI_Handler                     
00002c33  PendSV_Handler                  
00002c33  RTC_IRQHandler                  
00002c33  SPI0_IRQHandler                 
00002c33  SPI1_IRQHandler                 
00002c33  SVC_Handler                     
00002c33  TIMA0_IRQHandler                
00002c33  TIMA1_IRQHandler                
00002c33  TIMG0_IRQHandler                
00002c33  TIMG12_IRQHandler               
00002c33  TIMG6_IRQHandler                
00002c33  TIMG7_IRQHandler                
00002c33  TIMG8_IRQHandler                
00002c33  UART1_IRQHandler                
00002c33  UART2_IRQHandler                
00002c33  UART3_IRQHandler                
00002c35  main                            
00002ff5  __aeabi_ddiv                    
00002ff5  __divdf3                        
00003101  DL_Timer_initFourCCPWMMode      
00003205  user_encoder_init               
000032f1  __aeabi_dmul                    
000032f1  __muldf3                        
000033d5  ldexp                           
000033d5  ldexpl                          
000033d5  scalbn                          
000033d5  scalbnl                         
000034ad  __aeabi_fsub                    
000034ad  __subsf3                        
000034b7  __addsf3                        
000034b7  __aeabi_fadd                    
00003585  SYSCFG_DL_GPIO_init             
00003655  GROUP1_IRQHandler               
0000371d  __udivmoddi4                    
000037bf  memcpy                          
00003859  user_encoder_set_count          
000038f1  __aeabi_fmul                    
000038f1  __mulsf3                        
0000397d  DL_DAC12_init                   
00003a05  __aeabi_fdiv                    
00003a05  __divsf3                        
00003a87  __aeabi_idiv0                   
00003a89  SYSCFG_DL_UART_0_init           
00003b05  __TI_decompress_lzss            
00003b81  __gedf2                         
00003b81  __gtdf2                         
00003bf5  DAC0_IRQHandler                 
00003c65  SYSCFG_DL_initPower             
00003cd5  SYSCFG_DL_PWM_0_init            
00003d41  __cmpdf2                        
00003d41  __eqdf2                         
00003d41  __ledf2                         
00003d41  __ltdf2                         
00003d41  __nedf2                         
00003e0f  __aeabi_ldiv0                   
00003e11  __aeabi_dcmpeq                  
00003e25  __aeabi_dcmplt                  
00003e39  __aeabi_dcmple                  
00003e4d  __aeabi_dcmpge                  
00003e61  __aeabi_dcmpgt                  
00003e75  __aeabi_fcmpeq                  
00003e89  __aeabi_fcmplt                  
00003e9d  __aeabi_fcmple                  
00003eb1  __aeabi_fcmpge                  
00003ec5  __aeabi_fcmpgt                  
00003ed7  memset                          
00003f39  frexp                           
00003f39  frexpl                          
00003f95  __TI_ltoa                       
00004045  __aeabi_idiv                    
00004045  __aeabi_idivmod                 
0000409b  OLED_ShowString                 
000040f1  SYSCFG_DL_I2C_0_init            
00004145  SYSCFG_DL_I2C_1_init            
00004199  UART0_IRQHandler                
00004241  SYSCFG_DL_SYSCTL_init           
0000428d  __aeabi_d2iz                    
0000428d  __fixdfsi                       
000042d9  DL_UART_init                    
00004321  SYSCFG_DL_ADC12_0_init          
00004365  DL_ADC12_setClockConfig         
000043a5  __aeabi_uidiv                   
000043a5  __aeabi_uidivmod                
000043e5  atoi                            
00004425  user_encoder_voltage_to_dac     
00004465  user_uart_send_string           
000044a5  __aeabi_i2f                     
000044a5  __floatsisf                     
000044e1  __gesf2                         
000044e1  __gtsf2                         
0000451d  __TI_auto_init_nobinit_nopinit  
00004559  __cmpsf2                        
00004559  __eqsf2                         
00004559  __lesf2                         
00004559  __ltsf2                         
00004559  __nesf2                         
00004595  __muldsi3                       
000045cf  delay_us                        
00004609  DL_Common_delayCycles           
00004641  SYSCFG_DL_init                  
00004679  __aeabi_f2iz                    
00004679  __fixsfsi                       
000046b1  sprintf                         
000046e9  user_encoder_count_to_voltage   
00004721  user_uart_init                  
00004755  __aeabi_f2uiz                   
00004755  __fixunssfsi                    
00004789  SYSCFG_DL_DAC12_init            
000047b9  SYSCFG_DL_SYSTICK_init          
00004819  __aeabi_i2d                     
00004819  __floatsidf                     
00004845  __aeabi_ui2f                    
00004845  __floatunsisf                   
0000486d  delay_ms                        
00004895  _c_int00_noargs                 
000048bd  DL_I2C_setClockConfig           
000048e5  __aeabi_lmul                    
000048e5  __muldi3                        
00004909  memccpy                         
0000492d  SysTick_Handler                 
0000494d  __aeabi_llsl                    
0000494d  __ashldi3                       
0000496d  ADC0_IRQHandler                 
00004989  DL_Timer_setCaptCompUpdateMethod
000049a5  DL_Timer_setClockConfig         
000049c1  DL_Timer_setCaptureCompareOutCtl
000049f1  user_encoder_is_changed         
00004a09  __TI_zero_init_nomemset         
00004a21  __aeabi_uldivmod                
00004a49  DL_UART_setClockConfig          
00004a5b  __TI_decompress_none            
00004a6d  DL_Timer_setCaptureCompareValue 
00004a7d  wcslen                          
00004a8d  __aeabi_memset                  
00004a8d  __aeabi_memset4                 
00004a8d  __aeabi_memset8                 
00004aa9  user_encoder_get_count          
00004ae5  __aeabi_errno_addr              
00004aed  __aeabi_memcpy                  
00004aed  __aeabi_memcpy4                 
00004aed  __aeabi_memcpy8                 
00004af5  abort                           
00004afa  C$$EXIT                         
00004afb  HOSTexit                        
00004aff  Reset_Handler                   
00004b03  _system_pre_init                
00004b10  OLED_F8x16                      
00005100  __aeabi_ctype_table_            
00005100  __aeabi_ctype_table_C           
000052f4  __TI_Handler_Table_Base         
00005300  __TI_Handler_Table_Limit        
00005308  __TI_CINIT_Base                 
00005318  __TI_CINIT_Limit                
00005318  __TI_CINIT_Warm                 
20200000  __start___llvm_prf_bits         
20200000  __start___llvm_prf_cnts         
20200000  __stop___llvm_prf_bits          
20200000  __stop___llvm_prf_cnts          
20200200  gPWM_0Backup                    
2020033c  g_encoder_state                 
2020034c  __aeabi_errno                   
20200350  delay_times                     
20200360  system_time_ms                  
2020036b  gCheckADC                       
2020036c  key_pressed_flag                
20207e00  __stack                         
20208000  __STACK_END                     
ffffffff  __TI_pprof_out_hndl             
ffffffff  __TI_prof_data_size             
ffffffff  __TI_prof_data_start            
ffffffff  __binit__                       
ffffffff  binit                           
UNDEFED   __mpu_init                      
UNDEFED   _system_post_cinit              

[205 symbols]
