<?xml version="1.0" encoding="ISO-8859-1" ?>
<link_info>
   <banner>TI ARM Clang Linker PC v4.0.3.LTS</banner>
   <copyright>Copyright (c) 1996-2018 Texas Instruments Incorporated</copyright>
   <command_line>D:\ti\ccs2020\ccs\tools\compiler\ti-cgt-armllvm_4.0.3.LTS\bin\tiarmlnk -ID:\ti\ccs2020\ccs\tools\compiler\ti-cgt-armllvm_4.0.3.LTS\lib -o PWM_Encoder.out -mPWM_Encoder.map -iD:/ti/mspm0_sdk_2_05_00_05/source -iD:/ti/workspace/PWM_Encoder -iD:/ti/workspace/PWM_Encoder/Debug/syscfg -iD:/ti/ccs2020/ccs/tools/compiler/ti-cgt-armllvm_4.0.3.LTS/lib --diag_wrap=off --display_error_number --warn_sections --xml_link_info=PWM_Encoder_linkInfo.xml --rom_model ./ti_msp_dl_config.o ./startup_mspm0g350x_ticlang.o ./main.o ./user/delay.o ./user/firewater_protocol.o ./user/user_ADC.o ./user/user_DAC.o ./user/user_Encoder.o ./user/user_INA226.o ./user/user_OLED.o ./user/user_current_sensor.o ./user/user_key.o ./user/user_uart.o -l./device_linker.cmd -ldevice.cmd.genlibs -llibc.a --start-group -llibc++.a -llibc++abi.a -llibc.a -llibsys.a -llibsysbm.a -llibclang_rt.builtins.a -llibclang_rt.profile.a --end-group --cg_opt_level=2</command_line>
   <link_time>0x68803f47</link_time>
   <link_errors>0x0</link_errors>
   <output_file>D:\ti\workspace\PWM_Encoder\Debug\PWM_Encoder.out</output_file>
   <entry_point>
      <name>_c_int00_noargs</name>
      <address>0x4895</address>
   </entry_point>
   <input_file_list>
      <input_file id="fl-1">
         <path>D:\ti\workspace\PWM_Encoder\Debug\.\</path>
         <kind>object</kind>
         <file>ti_msp_dl_config.o</file>
         <name>ti_msp_dl_config.o</name>
      </input_file>
      <input_file id="fl-2">
         <path>D:\ti\workspace\PWM_Encoder\Debug\.\</path>
         <kind>object</kind>
         <file>startup_mspm0g350x_ticlang.o</file>
         <name>startup_mspm0g350x_ticlang.o</name>
      </input_file>
      <input_file id="fl-3">
         <path>D:\ti\workspace\PWM_Encoder\Debug\.\</path>
         <kind>object</kind>
         <file>main.o</file>
         <name>main.o</name>
      </input_file>
      <input_file id="fl-4">
         <path>D:\ti\workspace\PWM_Encoder\Debug\.\user\</path>
         <kind>object</kind>
         <file>delay.o</file>
         <name>delay.o</name>
      </input_file>
      <input_file id="fl-5">
         <path>D:\ti\workspace\PWM_Encoder\Debug\.\user\</path>
         <kind>object</kind>
         <file>firewater_protocol.o</file>
         <name>firewater_protocol.o</name>
      </input_file>
      <input_file id="fl-6">
         <path>D:\ti\workspace\PWM_Encoder\Debug\.\user\</path>
         <kind>object</kind>
         <file>user_ADC.o</file>
         <name>user_ADC.o</name>
      </input_file>
      <input_file id="fl-7">
         <path>D:\ti\workspace\PWM_Encoder\Debug\.\user\</path>
         <kind>object</kind>
         <file>user_DAC.o</file>
         <name>user_DAC.o</name>
      </input_file>
      <input_file id="fl-8">
         <path>D:\ti\workspace\PWM_Encoder\Debug\.\user\</path>
         <kind>object</kind>
         <file>user_Encoder.o</file>
         <name>user_Encoder.o</name>
      </input_file>
      <input_file id="fl-9">
         <path>D:\ti\workspace\PWM_Encoder\Debug\.\user\</path>
         <kind>object</kind>
         <file>user_INA226.o</file>
         <name>user_INA226.o</name>
      </input_file>
      <input_file id="fl-a">
         <path>D:\ti\workspace\PWM_Encoder\Debug\.\user\</path>
         <kind>object</kind>
         <file>user_OLED.o</file>
         <name>user_OLED.o</name>
      </input_file>
      <input_file id="fl-b">
         <path>D:\ti\workspace\PWM_Encoder\Debug\.\user\</path>
         <kind>object</kind>
         <file>user_current_sensor.o</file>
         <name>user_current_sensor.o</name>
      </input_file>
      <input_file id="fl-c">
         <path>D:\ti\workspace\PWM_Encoder\Debug\.\user\</path>
         <kind>object</kind>
         <file>user_key.o</file>
         <name>user_key.o</name>
      </input_file>
      <input_file id="fl-d">
         <path>D:\ti\workspace\PWM_Encoder\Debug\.\user\</path>
         <kind>object</kind>
         <file>user_uart.o</file>
         <name>user_uart.o</name>
      </input_file>
      <input_file id="fl-1a">
         <path>D:\ti\workspace\PWM_Encoder\Debug\</path>
         <kind>object</kind>
         <file>&lt;internal&gt;</file>
         <name>&lt;internal&gt;</name>
      </input_file>
      <input_file id="fl-1b">
         <path>D:\ti\mspm0_sdk_2_05_00_05\source\ti\driverlib\lib\ticlang\m0p\mspm0g1x0x_g3x0x\</path>
         <kind>archive</kind>
         <file>driverlib.a</file>
         <name>dl_adc12.o</name>
      </input_file>
      <input_file id="fl-1c">
         <path>D:\ti\mspm0_sdk_2_05_00_05\source\ti\driverlib\lib\ticlang\m0p\mspm0g1x0x_g3x0x\</path>
         <kind>archive</kind>
         <file>driverlib.a</file>
         <name>dl_dac12.o</name>
      </input_file>
      <input_file id="fl-1d">
         <path>D:\ti\mspm0_sdk_2_05_00_05\source\ti\driverlib\lib\ticlang\m0p\mspm0g1x0x_g3x0x\</path>
         <kind>archive</kind>
         <file>driverlib.a</file>
         <name>dl_i2c.o</name>
      </input_file>
      <input_file id="fl-1e">
         <path>D:\ti\mspm0_sdk_2_05_00_05\source\ti\driverlib\lib\ticlang\m0p\mspm0g1x0x_g3x0x\</path>
         <kind>archive</kind>
         <file>driverlib.a</file>
         <name>dl_timer.o</name>
      </input_file>
      <input_file id="fl-1f">
         <path>D:\ti\mspm0_sdk_2_05_00_05\source\ti\driverlib\lib\ticlang\m0p\mspm0g1x0x_g3x0x\</path>
         <kind>archive</kind>
         <file>driverlib.a</file>
         <name>dl_uart.o</name>
      </input_file>
      <input_file id="fl-36">
         <path>D:\ti\ccs2020\ccs\tools\compiler\ti-cgt-armllvm_4.0.3.LTS\lib\armv6m-ti-none-eabi\c\</path>
         <kind>archive</kind>
         <file>libc.a</file>
         <name>snprintf.c.obj</name>
      </input_file>
      <input_file id="fl-37">
         <path>D:\ti\ccs2020\ccs\tools\compiler\ti-cgt-armllvm_4.0.3.LTS\lib\armv6m-ti-none-eabi\c\</path>
         <kind>archive</kind>
         <file>libc.a</file>
         <name>sprintf.c.obj</name>
      </input_file>
      <input_file id="fl-38">
         <path>D:\ti\ccs2020\ccs\tools\compiler\ti-cgt-armllvm_4.0.3.LTS\lib\armv6m-ti-none-eabi\c\</path>
         <kind>archive</kind>
         <file>libc.a</file>
         <name>s_sin.c.obj</name>
      </input_file>
      <input_file id="fl-39">
         <path>D:\ti\ccs2020\ccs\tools\compiler\ti-cgt-armllvm_4.0.3.LTS\lib\armv6m-ti-none-eabi\c\</path>
         <kind>archive</kind>
         <file>libc.a</file>
         <name>k_rem_pio2.c.obj</name>
      </input_file>
      <input_file id="fl-3a">
         <path>D:\ti\ccs2020\ccs\tools\compiler\ti-cgt-armllvm_4.0.3.LTS\lib\armv6m-ti-none-eabi\c\</path>
         <kind>archive</kind>
         <file>libc.a</file>
         <name>boot_cortex_m.c.obj</name>
      </input_file>
      <input_file id="fl-3b">
         <path>D:\ti\ccs2020\ccs\tools\compiler\ti-cgt-armllvm_4.0.3.LTS\lib\armv6m-ti-none-eabi\c\</path>
         <kind>archive</kind>
         <file>libc.a</file>
         <name>mathacl_init.c.obj</name>
      </input_file>
      <input_file id="fl-3c">
         <path>D:\ti\ccs2020\ccs\tools\compiler\ti-cgt-armllvm_4.0.3.LTS\lib\armv6m-ti-none-eabi\c\</path>
         <kind>archive</kind>
         <file>libc.a</file>
         <name>autoinit.c.obj</name>
      </input_file>
      <input_file id="fl-3d">
         <path>D:\ti\ccs2020\ccs\tools\compiler\ti-cgt-armllvm_4.0.3.LTS\lib\armv6m-ti-none-eabi\c\</path>
         <kind>archive</kind>
         <file>libc.a</file>
         <name>pre_init.c.obj</name>
      </input_file>
      <input_file id="fl-3e">
         <path>D:\ti\ccs2020\ccs\tools\compiler\ti-cgt-armllvm_4.0.3.LTS\lib\armv6m-ti-none-eabi\c\</path>
         <kind>archive</kind>
         <file>libc.a</file>
         <name>cpy_tbl.c.obj</name>
      </input_file>
      <input_file id="fl-3f">
         <path>D:\ti\ccs2020\ccs\tools\compiler\ti-cgt-armllvm_4.0.3.LTS\lib\armv6m-ti-none-eabi\c\</path>
         <kind>archive</kind>
         <file>libc.a</file>
         <name>copy_zero_init.c.obj</name>
      </input_file>
      <input_file id="fl-40">
         <path>D:\ti\ccs2020\ccs\tools\compiler\ti-cgt-armllvm_4.0.3.LTS\lib\armv6m-ti-none-eabi\c\</path>
         <kind>archive</kind>
         <file>libc.a</file>
         <name>copy_decompress_none.c.obj</name>
      </input_file>
      <input_file id="fl-41">
         <path>D:\ti\ccs2020\ccs\tools\compiler\ti-cgt-armllvm_4.0.3.LTS\lib\armv6m-ti-none-eabi\c\</path>
         <kind>archive</kind>
         <file>libc.a</file>
         <name>copy_decompress_lzss.c.obj</name>
      </input_file>
      <input_file id="fl-42">
         <path>D:\ti\ccs2020\ccs\tools\compiler\ti-cgt-armllvm_4.0.3.LTS\lib\armv6m-ti-none-eabi\c\</path>
         <kind>archive</kind>
         <file>libc.a</file>
         <name>_printfi.c.obj</name>
      </input_file>
      <input_file id="fl-43">
         <path>D:\ti\ccs2020\ccs\tools\compiler\ti-cgt-armllvm_4.0.3.LTS\lib\armv6m-ti-none-eabi\c\</path>
         <kind>archive</kind>
         <file>libc.a</file>
         <name>k_cos.c.obj</name>
      </input_file>
      <input_file id="fl-44">
         <path>D:\ti\ccs2020\ccs\tools\compiler\ti-cgt-armllvm_4.0.3.LTS\lib\armv6m-ti-none-eabi\c\</path>
         <kind>archive</kind>
         <file>libc.a</file>
         <name>k_sin.c.obj</name>
      </input_file>
      <input_file id="fl-45">
         <path>D:\ti\ccs2020\ccs\tools\compiler\ti-cgt-armllvm_4.0.3.LTS\lib\armv6m-ti-none-eabi\c\</path>
         <kind>archive</kind>
         <file>libc.a</file>
         <name>s_floor.c.obj</name>
      </input_file>
      <input_file id="fl-46">
         <path>D:\ti\ccs2020\ccs\tools\compiler\ti-cgt-armllvm_4.0.3.LTS\lib\armv6m-ti-none-eabi\c\</path>
         <kind>archive</kind>
         <file>libc.a</file>
         <name>s_frexp.c.obj</name>
      </input_file>
      <input_file id="fl-47">
         <path>D:\ti\ccs2020\ccs\tools\compiler\ti-cgt-armllvm_4.0.3.LTS\lib\armv6m-ti-none-eabi\c\</path>
         <kind>archive</kind>
         <file>libc.a</file>
         <name>s_scalbn.c.obj</name>
      </input_file>
      <input_file id="fl-48">
         <path>D:\ti\ccs2020\ccs\tools\compiler\ti-cgt-armllvm_4.0.3.LTS\lib\armv6m-ti-none-eabi\c\</path>
         <kind>archive</kind>
         <file>libc.a</file>
         <name>wcslen.c.obj</name>
      </input_file>
      <input_file id="fl-49">
         <path>D:\ti\ccs2020\ccs\tools\compiler\ti-cgt-armllvm_4.0.3.LTS\lib\armv6m-ti-none-eabi\c\</path>
         <kind>archive</kind>
         <file>libc.a</file>
         <name>aeabi_portable.c.obj</name>
      </input_file>
      <input_file id="fl-4a">
         <path>D:\ti\ccs2020\ccs\tools\compiler\ti-cgt-armllvm_4.0.3.LTS\lib\armv6m-ti-none-eabi\c\</path>
         <kind>archive</kind>
         <file>libc.a</file>
         <name>exit.c.obj</name>
      </input_file>
      <input_file id="fl-4b">
         <path>D:\ti\ccs2020\ccs\tools\compiler\ti-cgt-armllvm_4.0.3.LTS\lib\armv6m-ti-none-eabi\c\</path>
         <kind>archive</kind>
         <file>libc.a</file>
         <name>_lock.c.obj</name>
      </input_file>
      <input_file id="fl-4c">
         <path>D:\ti\ccs2020\ccs\tools\compiler\ti-cgt-armllvm_4.0.3.LTS\lib\armv6m-ti-none-eabi\c\</path>
         <kind>archive</kind>
         <file>libc.a</file>
         <name>_ltoa.c.obj</name>
      </input_file>
      <input_file id="fl-4d">
         <path>D:\ti\ccs2020\ccs\tools\compiler\ti-cgt-armllvm_4.0.3.LTS\lib\armv6m-ti-none-eabi\c\</path>
         <kind>archive</kind>
         <file>libc.a</file>
         <name>args_main.c.obj</name>
      </input_file>
      <input_file id="fl-4e">
         <path>D:\ti\ccs2020\ccs\tools\compiler\ti-cgt-armllvm_4.0.3.LTS\lib\armv6m-ti-none-eabi\c\</path>
         <kind>archive</kind>
         <file>libc.a</file>
         <name>assert.c.obj</name>
      </input_file>
      <input_file id="fl-4f">
         <path>D:\ti\ccs2020\ccs\tools\compiler\ti-cgt-armllvm_4.0.3.LTS\lib\armv6m-ti-none-eabi\c\</path>
         <kind>archive</kind>
         <file>libc.a</file>
         <name>atoi.c.obj</name>
      </input_file>
      <input_file id="fl-50">
         <path>D:\ti\ccs2020\ccs\tools\compiler\ti-cgt-armllvm_4.0.3.LTS\lib\armv6m-ti-none-eabi\c\</path>
         <kind>archive</kind>
         <file>libc.a</file>
         <name>defs.c.obj</name>
      </input_file>
      <input_file id="fl-51">
         <path>D:\ti\ccs2020\ccs\tools\compiler\ti-cgt-armllvm_4.0.3.LTS\lib\armv6m-ti-none-eabi\c\</path>
         <kind>archive</kind>
         <file>libc.a</file>
         <name>memccpy.c.obj</name>
      </input_file>
      <input_file id="fl-52">
         <path>D:\ti\ccs2020\ccs\tools\compiler\ti-cgt-armllvm_4.0.3.LTS\lib\armv6m-ti-none-eabi\c\</path>
         <kind>archive</kind>
         <file>libc.a</file>
         <name>memory.c.obj</name>
      </input_file>
      <input_file id="fl-53">
         <path>D:\ti\ccs2020\ccs\tools\compiler\ti-cgt-armllvm_4.0.3.LTS\lib\armv6m-ti-none-eabi\c\</path>
         <kind>archive</kind>
         <file>libc.a</file>
         <name>fflush.c.obj</name>
      </input_file>
      <input_file id="fl-54">
         <path>D:\ti\ccs2020\ccs\tools\compiler\ti-cgt-armllvm_4.0.3.LTS\lib\armv6m-ti-none-eabi\c\</path>
         <kind>archive</kind>
         <file>libc.a</file>
         <name>fputs.c.obj</name>
      </input_file>
      <input_file id="fl-55">
         <path>D:\ti\ccs2020\ccs\tools\compiler\ti-cgt-armllvm_4.0.3.LTS\lib\armv6m-ti-none-eabi\c\</path>
         <kind>archive</kind>
         <file>libc.a</file>
         <name>_io_perm.c.obj</name>
      </input_file>
      <input_file id="fl-56">
         <path>D:\ti\ccs2020\ccs\tools\compiler\ti-cgt-armllvm_4.0.3.LTS\lib\armv6m-ti-none-eabi\c\</path>
         <kind>archive</kind>
         <file>libc.a</file>
         <name>setvbuf.c.obj</name>
      </input_file>
      <input_file id="fl-57">
         <path>D:\ti\ccs2020\ccs\tools\compiler\ti-cgt-armllvm_4.0.3.LTS\lib\armv6m-ti-none-eabi\c\</path>
         <kind>archive</kind>
         <file>libc.a</file>
         <name>aeabi_ctype.S.obj</name>
      </input_file>
      <input_file id="fl-58">
         <path>D:\ti\ccs2020\ccs\tools\compiler\ti-cgt-armllvm_4.0.3.LTS\lib\armv6m-ti-none-eabi\c\</path>
         <kind>archive</kind>
         <file>libc.a</file>
         <name>fopen.c.obj</name>
      </input_file>
      <input_file id="fl-59">
         <path>D:\ti\ccs2020\ccs\tools\compiler\ti-cgt-armllvm_4.0.3.LTS\lib\armv6m-ti-none-eabi\c\</path>
         <kind>archive</kind>
         <file>libc.a</file>
         <name>fseek.c.obj</name>
      </input_file>
      <input_file id="fl-5a">
         <path>D:\ti\ccs2020\ccs\tools\compiler\ti-cgt-armllvm_4.0.3.LTS\lib\armv6m-ti-none-eabi\c\</path>
         <kind>archive</kind>
         <file>libc.a</file>
         <name>fclose.c.obj</name>
      </input_file>
      <input_file id="fl-fa">
         <path>D:\ti\ccs2020\ccs\tools\compiler\ti-cgt-armllvm_4.0.3.LTS\lib\armv6m-ti-none-eabi\c\</path>
         <kind>archive</kind>
         <file>libsysbm.a</file>
         <name>hostexit.c.obj</name>
      </input_file>
      <input_file id="fl-fb">
         <path>D:\ti\ccs2020\ccs\tools\compiler\ti-cgt-armllvm_4.0.3.LTS\lib\armv6m-ti-none-eabi\c\</path>
         <kind>archive</kind>
         <file>libsysbm.a</file>
         <name>write.c.obj</name>
      </input_file>
      <input_file id="fl-fc">
         <path>D:\ti\ccs2020\ccs\tools\compiler\ti-cgt-armllvm_4.0.3.LTS\lib\armv6m-ti-none-eabi\c\</path>
         <kind>archive</kind>
         <file>libsysbm.a</file>
         <name>host_device.c.obj</name>
      </input_file>
      <input_file id="fl-fd">
         <path>D:\ti\ccs2020\ccs\tools\compiler\ti-cgt-armllvm_4.0.3.LTS\lib\armv6m-ti-none-eabi\c\</path>
         <kind>archive</kind>
         <file>libsysbm.a</file>
         <name>remove.c.obj</name>
      </input_file>
      <input_file id="fl-fe">
         <path>D:\ti\ccs2020\ccs\tools\compiler\ti-cgt-armllvm_4.0.3.LTS\lib\armv6m-ti-none-eabi\c\</path>
         <kind>archive</kind>
         <file>libsysbm.a</file>
         <name>open.c.obj</name>
      </input_file>
      <input_file id="fl-ff">
         <path>D:\ti\ccs2020\ccs\tools\compiler\ti-cgt-armllvm_4.0.3.LTS\lib\armv6m-ti-none-eabi\c\</path>
         <kind>archive</kind>
         <file>libsysbm.a</file>
         <name>lseek.c.obj</name>
      </input_file>
      <input_file id="fl-100">
         <path>D:\ti\ccs2020\ccs\tools\compiler\ti-cgt-armllvm_4.0.3.LTS\lib\armv6m-ti-none-eabi\c\</path>
         <kind>archive</kind>
         <file>libsysbm.a</file>
         <name>close.c.obj</name>
      </input_file>
      <input_file id="fl-101">
         <path>D:\ti\ccs2020\ccs\tools\compiler\ti-cgt-armllvm_4.0.3.LTS\lib\armv6m-ti-none-eabi\c\</path>
         <kind>archive</kind>
         <file>libsysbm.a</file>
         <name>unlink.c.obj</name>
      </input_file>
      <input_file id="fl-102">
         <path>D:\ti\ccs2020\ccs\tools\compiler\ti-cgt-armllvm_4.0.3.LTS\lib\armv6m-ti-none-eabi\c\</path>
         <kind>archive</kind>
         <file>libsysbm.a</file>
         <name>hostclose.c.obj</name>
      </input_file>
      <input_file id="fl-103">
         <path>D:\ti\ccs2020\ccs\tools\compiler\ti-cgt-armllvm_4.0.3.LTS\lib\armv6m-ti-none-eabi\c\</path>
         <kind>archive</kind>
         <file>libsysbm.a</file>
         <name>hostlseek.c.obj</name>
      </input_file>
      <input_file id="fl-104">
         <path>D:\ti\ccs2020\ccs\tools\compiler\ti-cgt-armllvm_4.0.3.LTS\lib\armv6m-ti-none-eabi\c\</path>
         <kind>archive</kind>
         <file>libsysbm.a</file>
         <name>hostopen.c.obj</name>
      </input_file>
      <input_file id="fl-105">
         <path>D:\ti\ccs2020\ccs\tools\compiler\ti-cgt-armllvm_4.0.3.LTS\lib\armv6m-ti-none-eabi\c\</path>
         <kind>archive</kind>
         <file>libsysbm.a</file>
         <name>hostread.c.obj</name>
      </input_file>
      <input_file id="fl-106">
         <path>D:\ti\ccs2020\ccs\tools\compiler\ti-cgt-armllvm_4.0.3.LTS\lib\armv6m-ti-none-eabi\c\</path>
         <kind>archive</kind>
         <file>libsysbm.a</file>
         <name>hostrename.c.obj</name>
      </input_file>
      <input_file id="fl-107">
         <path>D:\ti\ccs2020\ccs\tools\compiler\ti-cgt-armllvm_4.0.3.LTS\lib\armv6m-ti-none-eabi\c\</path>
         <kind>archive</kind>
         <file>libsysbm.a</file>
         <name>hostunlink.c.obj</name>
      </input_file>
      <input_file id="fl-108">
         <path>D:\ti\ccs2020\ccs\tools\compiler\ti-cgt-armllvm_4.0.3.LTS\lib\armv6m-ti-none-eabi\c\</path>
         <kind>archive</kind>
         <file>libsysbm.a</file>
         <name>hostwrite.c.obj</name>
      </input_file>
      <input_file id="fl-109">
         <path>D:\ti\ccs2020\ccs\tools\compiler\ti-cgt-armllvm_4.0.3.LTS\lib\armv6m-ti-none-eabi\c\</path>
         <kind>archive</kind>
         <file>libsysbm.a</file>
         <name>trgmsg.c.obj</name>
      </input_file>
      <input_file id="fl-10a">
         <path>D:\ti\ccs2020\ccs\tools\compiler\ti-cgt-armllvm_4.0.3.LTS\lib\armv6m-ti-none-eabi\</path>
         <kind>archive</kind>
         <file>libclang_rt.builtins.a</file>
         <name>addsf3.S.obj</name>
      </input_file>
      <input_file id="fl-10b">
         <path>D:\ti\ccs2020\ccs\tools\compiler\ti-cgt-armllvm_4.0.3.LTS\lib\armv6m-ti-none-eabi\</path>
         <kind>archive</kind>
         <file>libclang_rt.builtins.a</file>
         <name>adddf3.S.obj</name>
      </input_file>
      <input_file id="fl-10c">
         <path>D:\ti\ccs2020\ccs\tools\compiler\ti-cgt-armllvm_4.0.3.LTS\lib\armv6m-ti-none-eabi\</path>
         <kind>archive</kind>
         <file>libclang_rt.builtins.a</file>
         <name>muldf3.S.obj</name>
      </input_file>
      <input_file id="fl-10d">
         <path>D:\ti\ccs2020\ccs\tools\compiler\ti-cgt-armllvm_4.0.3.LTS\lib\armv6m-ti-none-eabi\</path>
         <kind>archive</kind>
         <file>libclang_rt.builtins.a</file>
         <name>muldsi3.S.obj</name>
      </input_file>
      <input_file id="fl-10e">
         <path>D:\ti\ccs2020\ccs\tools\compiler\ti-cgt-armllvm_4.0.3.LTS\lib\armv6m-ti-none-eabi\</path>
         <kind>archive</kind>
         <file>libclang_rt.builtins.a</file>
         <name>mulsf3.S.obj</name>
      </input_file>
      <input_file id="fl-10f">
         <path>D:\ti\ccs2020\ccs\tools\compiler\ti-cgt-armllvm_4.0.3.LTS\lib\armv6m-ti-none-eabi\</path>
         <kind>archive</kind>
         <file>libclang_rt.builtins.a</file>
         <name>divsf3.S.obj</name>
      </input_file>
      <input_file id="fl-110">
         <path>D:\ti\ccs2020\ccs\tools\compiler\ti-cgt-armllvm_4.0.3.LTS\lib\armv6m-ti-none-eabi\</path>
         <kind>archive</kind>
         <file>libclang_rt.builtins.a</file>
         <name>divdf3.S.obj</name>
      </input_file>
      <input_file id="fl-111">
         <path>D:\ti\ccs2020\ccs\tools\compiler\ti-cgt-armllvm_4.0.3.LTS\lib\armv6m-ti-none-eabi\</path>
         <kind>archive</kind>
         <file>libclang_rt.builtins.a</file>
         <name>extendsfdf2.S.obj</name>
      </input_file>
      <input_file id="fl-112">
         <path>D:\ti\ccs2020\ccs\tools\compiler\ti-cgt-armllvm_4.0.3.LTS\lib\armv6m-ti-none-eabi\</path>
         <kind>archive</kind>
         <file>libclang_rt.builtins.a</file>
         <name>fixdfsi.S.obj</name>
      </input_file>
      <input_file id="fl-113">
         <path>D:\ti\ccs2020\ccs\tools\compiler\ti-cgt-armllvm_4.0.3.LTS\lib\armv6m-ti-none-eabi\</path>
         <kind>archive</kind>
         <file>libclang_rt.builtins.a</file>
         <name>fixsfsi.S.obj</name>
      </input_file>
      <input_file id="fl-114">
         <path>D:\ti\ccs2020\ccs\tools\compiler\ti-cgt-armllvm_4.0.3.LTS\lib\armv6m-ti-none-eabi\</path>
         <kind>archive</kind>
         <file>libclang_rt.builtins.a</file>
         <name>fixunssfsi.S.obj</name>
      </input_file>
      <input_file id="fl-115">
         <path>D:\ti\ccs2020\ccs\tools\compiler\ti-cgt-armllvm_4.0.3.LTS\lib\armv6m-ti-none-eabi\</path>
         <kind>archive</kind>
         <file>libclang_rt.builtins.a</file>
         <name>floatsidf.S.obj</name>
      </input_file>
      <input_file id="fl-116">
         <path>D:\ti\ccs2020\ccs\tools\compiler\ti-cgt-armllvm_4.0.3.LTS\lib\armv6m-ti-none-eabi\</path>
         <kind>archive</kind>
         <file>libclang_rt.builtins.a</file>
         <name>floatsisf.S.obj</name>
      </input_file>
      <input_file id="fl-117">
         <path>D:\ti\ccs2020\ccs\tools\compiler\ti-cgt-armllvm_4.0.3.LTS\lib\armv6m-ti-none-eabi\</path>
         <kind>archive</kind>
         <file>libclang_rt.builtins.a</file>
         <name>floatunsidf.S.obj</name>
      </input_file>
      <input_file id="fl-118">
         <path>D:\ti\ccs2020\ccs\tools\compiler\ti-cgt-armllvm_4.0.3.LTS\lib\armv6m-ti-none-eabi\</path>
         <kind>archive</kind>
         <file>libclang_rt.builtins.a</file>
         <name>floatunsisf.S.obj</name>
      </input_file>
      <input_file id="fl-119">
         <path>D:\ti\ccs2020\ccs\tools\compiler\ti-cgt-armllvm_4.0.3.LTS\lib\armv6m-ti-none-eabi\</path>
         <kind>archive</kind>
         <file>libclang_rt.builtins.a</file>
         <name>muldi3.S.obj</name>
      </input_file>
      <input_file id="fl-11a">
         <path>D:\ti\ccs2020\ccs\tools\compiler\ti-cgt-armllvm_4.0.3.LTS\lib\armv6m-ti-none-eabi\</path>
         <kind>archive</kind>
         <file>libclang_rt.builtins.a</file>
         <name>truncdfsf2.S.obj</name>
      </input_file>
      <input_file id="fl-11b">
         <path>D:\ti\ccs2020\ccs\tools\compiler\ti-cgt-armllvm_4.0.3.LTS\lib\armv6m-ti-none-eabi\</path>
         <kind>archive</kind>
         <file>libclang_rt.builtins.a</file>
         <name>aeabi_dcmp.S.obj</name>
      </input_file>
      <input_file id="fl-11c">
         <path>D:\ti\ccs2020\ccs\tools\compiler\ti-cgt-armllvm_4.0.3.LTS\lib\armv6m-ti-none-eabi\</path>
         <kind>archive</kind>
         <file>libclang_rt.builtins.a</file>
         <name>aeabi_fcmp.S.obj</name>
      </input_file>
      <input_file id="fl-11d">
         <path>D:\ti\ccs2020\ccs\tools\compiler\ti-cgt-armllvm_4.0.3.LTS\lib\armv6m-ti-none-eabi\</path>
         <kind>archive</kind>
         <file>libclang_rt.builtins.a</file>
         <name>aeabi_idivmod.S.obj</name>
      </input_file>
      <input_file id="fl-11e">
         <path>D:\ti\ccs2020\ccs\tools\compiler\ti-cgt-armllvm_4.0.3.LTS\lib\armv6m-ti-none-eabi\</path>
         <kind>archive</kind>
         <file>libclang_rt.builtins.a</file>
         <name>aeabi_memcpy.S.obj</name>
      </input_file>
      <input_file id="fl-11f">
         <path>D:\ti\ccs2020\ccs\tools\compiler\ti-cgt-armllvm_4.0.3.LTS\lib\armv6m-ti-none-eabi\</path>
         <kind>archive</kind>
         <file>libclang_rt.builtins.a</file>
         <name>aeabi_memset.S.obj</name>
      </input_file>
      <input_file id="fl-120">
         <path>D:\ti\ccs2020\ccs\tools\compiler\ti-cgt-armllvm_4.0.3.LTS\lib\armv6m-ti-none-eabi\</path>
         <kind>archive</kind>
         <file>libclang_rt.builtins.a</file>
         <name>aeabi_uidivmod.S.obj</name>
      </input_file>
      <input_file id="fl-121">
         <path>D:\ti\ccs2020\ccs\tools\compiler\ti-cgt-armllvm_4.0.3.LTS\lib\armv6m-ti-none-eabi\</path>
         <kind>archive</kind>
         <file>libclang_rt.builtins.a</file>
         <name>aeabi_uldivmod.S.obj</name>
      </input_file>
      <input_file id="fl-122">
         <path>D:\ti\ccs2020\ccs\tools\compiler\ti-cgt-armllvm_4.0.3.LTS\lib\armv6m-ti-none-eabi\</path>
         <kind>archive</kind>
         <file>libclang_rt.builtins.a</file>
         <name>comparesf2.S.obj</name>
      </input_file>
      <input_file id="fl-123">
         <path>D:\ti\ccs2020\ccs\tools\compiler\ti-cgt-armllvm_4.0.3.LTS\lib\armv6m-ti-none-eabi\</path>
         <kind>archive</kind>
         <file>libclang_rt.builtins.a</file>
         <name>udivmoddi4.S.obj</name>
      </input_file>
      <input_file id="fl-124">
         <path>D:\ti\ccs2020\ccs\tools\compiler\ti-cgt-armllvm_4.0.3.LTS\lib\armv6m-ti-none-eabi\</path>
         <kind>archive</kind>
         <file>libclang_rt.builtins.a</file>
         <name>ashldi3.S.obj</name>
      </input_file>
      <input_file id="fl-125">
         <path>D:\ti\ccs2020\ccs\tools\compiler\ti-cgt-armllvm_4.0.3.LTS\lib\armv6m-ti-none-eabi\</path>
         <kind>archive</kind>
         <file>libclang_rt.builtins.a</file>
         <name>comparedf2.c.obj</name>
      </input_file>
      <input_file id="fl-126">
         <path>D:\ti\ccs2020\ccs\tools\compiler\ti-cgt-armllvm_4.0.3.LTS\lib\armv6m-ti-none-eabi\</path>
         <kind>archive</kind>
         <file>libclang_rt.builtins.a</file>
         <name>aeabi_div0.c.obj</name>
      </input_file>
      <input_file id="fl-127">
         <path>D:\ti\ccs2020\ccs\tools\compiler\ti-cgt-armllvm_4.0.3.LTS\lib\armv6m-ti-none-eabi\c\</path>
         <kind>archive</kind>
         <file>libc.a</file>
         <name>getdevice.c.obj</name>
      </input_file>
      <input_file id="fl-128">
         <path>D:\ti\ccs2020\ccs\tools\compiler\ti-cgt-armllvm_4.0.3.LTS\lib\armv6m-ti-none-eabi\c\</path>
         <kind>archive</kind>
         <file>libc.a</file>
         <name>memcpy16.S.obj</name>
      </input_file>
      <input_file id="fl-129">
         <path>D:\ti\ccs2020\ccs\tools\compiler\ti-cgt-armllvm_4.0.3.LTS\lib\armv6m-ti-none-eabi\c\</path>
         <kind>archive</kind>
         <file>libc.a</file>
         <name>memset16.S.obj</name>
      </input_file>
      <input_file id="fl-12a">
         <path>D:\ti\ccs2020\ccs\tools\compiler\ti-cgt-armllvm_4.0.3.LTS\lib\armv6m-ti-none-eabi\c\</path>
         <kind>archive</kind>
         <file>libc.a</file>
         <name>strcmp-armv6m.S.obj</name>
      </input_file>
   </input_file_list>
   <object_component_list>
      <object_component id="oc-18">
         <name>.intvecs</name>
         <load_address>0x0</load_address>
         <readonly>true</readonly>
         <run_address>0x0</run_address>
         <size>0xc0</size>
         <alignment>0x4</alignment>
         <input_file_ref idref="fl-2"/>
      </object_component>
      <object_component id="oc-d9">
         <name>.text.OLED_Init</name>
         <load_address>0xc0</load_address>
         <readonly>true</readonly>
         <executable>true</executable>
         <run_address>0xc0</run_address>
         <size>0xeb0</size>
         <alignment>0x4</alignment>
         <input_file_ref idref="fl-a"/>
      </object_component>
      <object_component id="oc-1a2">
         <name>.text:__TI_printfi</name>
         <load_address>0xf70</load_address>
         <readonly>true</readonly>
         <executable>true</executable>
         <run_address>0xf70</run_address>
         <size>0x9d0</size>
         <alignment>0x4</alignment>
         <input_file_ref idref="fl-42"/>
      </object_component>
      <object_component id="oc-ea">
         <name>.text.OLED_ShowFloat</name>
         <load_address>0x1940</load_address>
         <readonly>true</readonly>
         <executable>true</executable>
         <run_address>0x1940</run_address>
         <size>0x6ac</size>
         <alignment>0x2</alignment>
         <input_file_ref idref="fl-a"/>
      </object_component>
      <object_component id="oc-143">
         <name>.text.OLED_ShowChar</name>
         <load_address>0x1fec</load_address>
         <readonly>true</readonly>
         <executable>true</executable>
         <run_address>0x1fec</run_address>
         <size>0x314</size>
         <alignment>0x4</alignment>
         <input_file_ref idref="fl-a"/>
      </object_component>
      <object_component id="oc-1d8">
         <name>.text._pconv_a</name>
         <load_address>0x2300</load_address>
         <readonly>true</readonly>
         <executable>true</executable>
         <run_address>0x2300</run_address>
         <size>0x220</size>
         <alignment>0x4</alignment>
         <input_file_ref idref="fl-42"/>
      </object_component>
      <object_component id="oc-141">
         <name>.text.OLED_SetCursor</name>
         <load_address>0x2520</load_address>
         <readonly>true</readonly>
         <executable>true</executable>
         <run_address>0x2520</run_address>
         <size>0x210</size>
         <alignment>0x4</alignment>
         <input_file_ref idref="fl-a"/>
      </object_component>
      <object_component id="oc-1dd">
         <name>.text._pconv_g</name>
         <load_address>0x2730</load_address>
         <readonly>true</readonly>
         <executable>true</executable>
         <run_address>0x2730</run_address>
         <size>0x1dc</size>
         <alignment>0x4</alignment>
         <input_file_ref idref="fl-42"/>
      </object_component>
      <object_component id="oc-df">
         <name>.text.OLED_Clear</name>
         <load_address>0x290c</load_address>
         <readonly>true</readonly>
         <executable>true</executable>
         <run_address>0x290c</run_address>
         <size>0x194</size>
         <alignment>0x4</alignment>
         <input_file_ref idref="fl-a"/>
      </object_component>
      <object_component id="oc-219">
         <name>.text.adddf3_subdf3</name>
         <load_address>0x2aa0</load_address>
         <readonly>true</readonly>
         <executable>true</executable>
         <run_address>0x2aa0</run_address>
         <size>0x192</size>
         <alignment>0x4</alignment>
         <input_file_ref idref="fl-10b"/>
      </object_component>
      <object_component id="oc-33">
         <name>.text.Default_Handler</name>
         <load_address>0x2c32</load_address>
         <readonly>true</readonly>
         <executable>true</executable>
         <run_address>0x2c32</run_address>
         <size>0x2</size>
         <alignment>0x2</alignment>
         <input_file_ref idref="fl-2"/>
      </object_component>
      <object_component id="oc-a1">
         <name>.text.main</name>
         <load_address>0x2c34</load_address>
         <readonly>true</readonly>
         <executable>true</executable>
         <run_address>0x2c34</run_address>
         <size>0x164</size>
         <alignment>0x4</alignment>
         <input_file_ref idref="fl-3"/>
      </object_component>
      <object_component id="oc-21d">
         <name>.text.fcvt</name>
         <load_address>0x2d98</load_address>
         <readonly>true</readonly>
         <executable>true</executable>
         <run_address>0x2d98</run_address>
         <size>0x13c</size>
         <alignment>0x4</alignment>
         <input_file_ref idref="fl-42"/>
      </object_component>
      <object_component id="oc-1df">
         <name>.text._pconv_e</name>
         <load_address>0x2ed4</load_address>
         <readonly>true</readonly>
         <executable>true</executable>
         <run_address>0x2ed4</run_address>
         <size>0x120</size>
         <alignment>0x4</alignment>
         <input_file_ref idref="fl-42"/>
      </object_component>
      <object_component id="oc-215">
         <name>.text.__divdf3</name>
         <load_address>0x2ff4</load_address>
         <readonly>true</readonly>
         <executable>true</executable>
         <run_address>0x2ff4</run_address>
         <size>0x10c</size>
         <alignment>0x4</alignment>
         <input_file_ref idref="fl-110"/>
      </object_component>
      <object_component id="oc-16e">
         <name>.text.DL_Timer_initFourCCPWMMode</name>
         <load_address>0x3100</load_address>
         <readonly>true</readonly>
         <executable>true</executable>
         <run_address>0x3100</run_address>
         <size>0x104</size>
         <alignment>0x4</alignment>
         <input_file_ref idref="fl-1e"/>
      </object_component>
      <object_component id="oc-e0">
         <name>.text.user_encoder_init</name>
         <load_address>0x3204</load_address>
         <readonly>true</readonly>
         <executable>true</executable>
         <run_address>0x3204</run_address>
         <size>0xec</size>
         <alignment>0x4</alignment>
         <input_file_ref idref="fl-8"/>
      </object_component>
      <object_component id="oc-205">
         <name>.text.__muldf3</name>
         <load_address>0x32f0</load_address>
         <readonly>true</readonly>
         <executable>true</executable>
         <run_address>0x32f0</run_address>
         <size>0xe4</size>
         <alignment>0x4</alignment>
         <input_file_ref idref="fl-10c"/>
      </object_component>
      <object_component id="oc-1f8">
         <name>.text.scalbn</name>
         <load_address>0x33d4</load_address>
         <readonly>true</readonly>
         <executable>true</executable>
         <run_address>0x33d4</run_address>
         <size>0xd8</size>
         <alignment>0x4</alignment>
         <input_file_ref idref="fl-47"/>
      </object_component>
      <object_component id="oc-eb">
         <name>.text</name>
         <load_address>0x34ac</load_address>
         <readonly>true</readonly>
         <executable>true</executable>
         <run_address>0x34ac</run_address>
         <size>0xd8</size>
         <alignment>0x4</alignment>
         <input_file_ref idref="fl-10a"/>
      </object_component>
      <object_component id="oc-132">
         <name>.text.SYSCFG_DL_GPIO_init</name>
         <load_address>0x3584</load_address>
         <readonly>true</readonly>
         <executable>true</executable>
         <run_address>0x3584</run_address>
         <size>0xd0</size>
         <alignment>0x4</alignment>
         <input_file_ref idref="fl-1"/>
      </object_component>
      <object_component id="oc-39">
         <name>.text.GROUP1_IRQHandler</name>
         <load_address>0x3654</load_address>
         <readonly>true</readonly>
         <executable>true</executable>
         <run_address>0x3654</run_address>
         <size>0xc8</size>
         <alignment>0x4</alignment>
         <input_file_ref idref="fl-c"/>
      </object_component>
      <object_component id="oc-1ef">
         <name>.text</name>
         <load_address>0x371c</load_address>
         <readonly>true</readonly>
         <executable>true</executable>
         <run_address>0x371c</run_address>
         <size>0xa2</size>
         <alignment>0x4</alignment>
         <input_file_ref idref="fl-123"/>
      </object_component>
      <object_component id="oc-cd">
         <name>.text:memcpy</name>
         <load_address>0x37be</load_address>
         <readonly>true</readonly>
         <executable>true</executable>
         <run_address>0x37be</run_address>
         <size>0x9a</size>
         <alignment>0x1</alignment>
         <input_file_ref idref="fl-128"/>
      </object_component>
      <object_component id="oc-e3">
         <name>.text.user_encoder_set_count</name>
         <load_address>0x3858</load_address>
         <readonly>true</readonly>
         <executable>true</executable>
         <run_address>0x3858</run_address>
         <size>0x98</size>
         <alignment>0x4</alignment>
         <input_file_ref idref="fl-8"/>
      </object_component>
      <object_component id="oc-b6">
         <name>.text.__mulsf3</name>
         <load_address>0x38f0</load_address>
         <readonly>true</readonly>
         <executable>true</executable>
         <run_address>0x38f0</run_address>
         <size>0x8c</size>
         <alignment>0x4</alignment>
         <input_file_ref idref="fl-10e"/>
      </object_component>
      <object_component id="oc-18b">
         <name>.text.DL_DAC12_init</name>
         <load_address>0x397c</load_address>
         <readonly>true</readonly>
         <executable>true</executable>
         <run_address>0x397c</run_address>
         <size>0x88</size>
         <alignment>0x4</alignment>
         <input_file_ref idref="fl-1c"/>
      </object_component>
      <object_component id="oc-c0">
         <name>.text.__divsf3</name>
         <load_address>0x3a04</load_address>
         <readonly>true</readonly>
         <executable>true</executable>
         <run_address>0x3a04</run_address>
         <size>0x82</size>
         <alignment>0x4</alignment>
         <input_file_ref idref="fl-10f"/>
      </object_component>
      <object_component id="oc-195">
         <name>.text.__aeabi_idiv0</name>
         <load_address>0x3a86</load_address>
         <readonly>true</readonly>
         <executable>true</executable>
         <run_address>0x3a86</run_address>
         <size>0x2</size>
         <alignment>0x2</alignment>
         <input_file_ref idref="fl-126"/>
      </object_component>
      <object_component id="oc-137">
         <name>.text.SYSCFG_DL_UART_0_init</name>
         <load_address>0x3a88</load_address>
         <readonly>true</readonly>
         <executable>true</executable>
         <run_address>0x3a88</run_address>
         <size>0x7c</size>
         <alignment>0x4</alignment>
         <input_file_ref idref="fl-1"/>
      </object_component>
      <object_component id="oc-1c">
         <name>.text:decompress:lzss</name>
         <load_address>0x3b04</load_address>
         <readonly>true</readonly>
         <executable>true</executable>
         <run_address>0x3b04</run_address>
         <size>0x7c</size>
         <alignment>0x4</alignment>
         <input_file_ref idref="fl-41"/>
      </object_component>
      <object_component id="oc-213">
         <name>.text.__gedf2</name>
         <load_address>0x3b80</load_address>
         <readonly>true</readonly>
         <executable>true</executable>
         <run_address>0x3b80</run_address>
         <size>0x74</size>
         <alignment>0x4</alignment>
         <input_file_ref idref="fl-125"/>
      </object_component>
      <object_component id="oc-44">
         <name>.text.DAC0_IRQHandler</name>
         <load_address>0x3bf4</load_address>
         <readonly>true</readonly>
         <executable>true</executable>
         <run_address>0x3bf4</run_address>
         <size>0x70</size>
         <alignment>0x4</alignment>
         <input_file_ref idref="fl-7"/>
      </object_component>
      <object_component id="oc-130">
         <name>.text.SYSCFG_DL_initPower</name>
         <load_address>0x3c64</load_address>
         <readonly>true</readonly>
         <executable>true</executable>
         <run_address>0x3c64</run_address>
         <size>0x70</size>
         <alignment>0x4</alignment>
         <input_file_ref idref="fl-1"/>
      </object_component>
      <object_component id="oc-134">
         <name>.text.SYSCFG_DL_PWM_0_init</name>
         <load_address>0x3cd4</load_address>
         <readonly>true</readonly>
         <executable>true</executable>
         <run_address>0x3cd4</run_address>
         <size>0x6c</size>
         <alignment>0x4</alignment>
         <input_file_ref idref="fl-1"/>
      </object_component>
      <object_component id="oc-20d">
         <name>.text.__ledf2</name>
         <load_address>0x3d40</load_address>
         <readonly>true</readonly>
         <executable>true</executable>
         <run_address>0x3d40</run_address>
         <size>0x68</size>
         <alignment>0x4</alignment>
         <input_file_ref idref="fl-125"/>
      </object_component>
      <object_component id="oc-20c">
         <name>.text._mcpy</name>
         <load_address>0x3da8</load_address>
         <readonly>true</readonly>
         <executable>true</executable>
         <run_address>0x3da8</run_address>
         <size>0x66</size>
         <alignment>0x2</alignment>
         <input_file_ref idref="fl-42"/>
      </object_component>
      <object_component id="oc-21f">
         <name>.text.__aeabi_ldiv0</name>
         <load_address>0x3e0e</load_address>
         <readonly>true</readonly>
         <executable>true</executable>
         <run_address>0x3e0e</run_address>
         <size>0x2</size>
         <alignment>0x2</alignment>
         <input_file_ref idref="fl-126"/>
      </object_component>
      <object_component id="oc-1d9">
         <name>.text.__aeabi_dcmp</name>
         <load_address>0x3e10</load_address>
         <readonly>true</readonly>
         <executable>true</executable>
         <run_address>0x3e10</run_address>
         <size>0x62</size>
         <alignment>0x4</alignment>
         <input_file_ref idref="fl-11b"/>
      </object_component>
      <object_component id="oc-ba">
         <name>.text.__aeabi_fcmp</name>
         <load_address>0x3e74</load_address>
         <readonly>true</readonly>
         <executable>true</executable>
         <run_address>0x3e74</run_address>
         <size>0x62</size>
         <alignment>0x4</alignment>
         <input_file_ref idref="fl-11c"/>
      </object_component>
      <object_component id="oc-12f">
         <name>.text:memset</name>
         <load_address>0x3ed6</load_address>
         <readonly>true</readonly>
         <executable>true</executable>
         <run_address>0x3ed6</run_address>
         <size>0x62</size>
         <alignment>0x1</alignment>
         <input_file_ref idref="fl-129"/>
      </object_component>
      <object_component id="oc-1f4">
         <name>.text.frexp</name>
         <load_address>0x3f38</load_address>
         <readonly>true</readonly>
         <executable>true</executable>
         <run_address>0x3f38</run_address>
         <size>0x5c</size>
         <alignment>0x4</alignment>
         <input_file_ref idref="fl-46"/>
      </object_component>
      <object_component id="oc-200">
         <name>.text.__TI_ltoa</name>
         <load_address>0x3f94</load_address>
         <readonly>true</readonly>
         <executable>true</executable>
         <run_address>0x3f94</run_address>
         <size>0x58</size>
         <alignment>0x2</alignment>
         <input_file_ref idref="fl-4c"/>
      </object_component>
      <object_component id="oc-1de">
         <name>.text._pconv_f</name>
         <load_address>0x3fec</load_address>
         <readonly>true</readonly>
         <executable>true</executable>
         <run_address>0x3fec</run_address>
         <size>0x58</size>
         <alignment>0x2</alignment>
         <input_file_ref idref="fl-42"/>
      </object_component>
      <object_component id="oc-22c">
         <name>.text.__aeabi_idivmod</name>
         <load_address>0x4044</load_address>
         <readonly>true</readonly>
         <executable>true</executable>
         <run_address>0x4044</run_address>
         <size>0x56</size>
         <alignment>0x4</alignment>
         <input_file_ref idref="fl-11d"/>
      </object_component>
      <object_component id="oc-e2">
         <name>.text.OLED_ShowString</name>
         <load_address>0x409a</load_address>
         <readonly>true</readonly>
         <executable>true</executable>
         <run_address>0x409a</run_address>
         <size>0x54</size>
         <alignment>0x2</alignment>
         <input_file_ref idref="fl-a"/>
      </object_component>
      <object_component id="oc-136">
         <name>.text.SYSCFG_DL_I2C_0_init</name>
         <load_address>0x40f0</load_address>
         <readonly>true</readonly>
         <executable>true</executable>
         <run_address>0x40f0</run_address>
         <size>0x54</size>
         <alignment>0x4</alignment>
         <input_file_ref idref="fl-1"/>
      </object_component>
      <object_component id="oc-135">
         <name>.text.SYSCFG_DL_I2C_1_init</name>
         <load_address>0x4144</load_address>
         <readonly>true</readonly>
         <executable>true</executable>
         <run_address>0x4144</run_address>
         <size>0x54</size>
         <alignment>0x4</alignment>
         <input_file_ref idref="fl-1"/>
      </object_component>
      <object_component id="oc-4a">
         <name>.text.UART0_IRQHandler</name>
         <load_address>0x4198</load_address>
         <readonly>true</readonly>
         <executable>true</executable>
         <run_address>0x4198</run_address>
         <size>0x54</size>
         <alignment>0x4</alignment>
         <input_file_ref idref="fl-d"/>
      </object_component>
      <object_component id="oc-20a">
         <name>.text._ecpy</name>
         <load_address>0x41ec</load_address>
         <readonly>true</readonly>
         <executable>true</executable>
         <run_address>0x41ec</run_address>
         <size>0x52</size>
         <alignment>0x2</alignment>
         <input_file_ref idref="fl-42"/>
      </object_component>
      <object_component id="oc-133">
         <name>.text.SYSCFG_DL_SYSCTL_init</name>
         <load_address>0x4240</load_address>
         <readonly>true</readonly>
         <executable>true</executable>
         <run_address>0x4240</run_address>
         <size>0x4c</size>
         <alignment>0x4</alignment>
         <input_file_ref idref="fl-1"/>
      </object_component>
      <object_component id="oc-1fc">
         <name>.text.__fixdfsi</name>
         <load_address>0x428c</load_address>
         <readonly>true</readonly>
         <executable>true</executable>
         <run_address>0x428c</run_address>
         <size>0x4a</size>
         <alignment>0x4</alignment>
         <input_file_ref idref="fl-112"/>
      </object_component>
      <object_component id="oc-181">
         <name>.text.DL_UART_init</name>
         <load_address>0x42d8</load_address>
         <readonly>true</readonly>
         <executable>true</executable>
         <run_address>0x42d8</run_address>
         <size>0x48</size>
         <alignment>0x4</alignment>
         <input_file_ref idref="fl-1f"/>
      </object_component>
      <object_component id="oc-138">
         <name>.text.SYSCFG_DL_ADC12_0_init</name>
         <load_address>0x4320</load_address>
         <readonly>true</readonly>
         <executable>true</executable>
         <run_address>0x4320</run_address>
         <size>0x44</size>
         <alignment>0x4</alignment>
         <input_file_ref idref="fl-1"/>
      </object_component>
      <object_component id="oc-184">
         <name>.text.DL_ADC12_setClockConfig</name>
         <load_address>0x4364</load_address>
         <readonly>true</readonly>
         <executable>true</executable>
         <run_address>0x4364</run_address>
         <size>0x40</size>
         <alignment>0x4</alignment>
         <input_file_ref idref="fl-1b"/>
      </object_component>
      <object_component id="oc-14e">
         <name>.text.__aeabi_uidivmod</name>
         <load_address>0x43a4</load_address>
         <readonly>true</readonly>
         <executable>true</executable>
         <run_address>0x43a4</run_address>
         <size>0x40</size>
         <alignment>0x4</alignment>
         <input_file_ref idref="fl-120"/>
      </object_component>
      <object_component id="oc-1c2">
         <name>.text.atoi</name>
         <load_address>0x43e4</load_address>
         <readonly>true</readonly>
         <executable>true</executable>
         <run_address>0x43e4</run_address>
         <size>0x40</size>
         <alignment>0x4</alignment>
         <input_file_ref idref="fl-4f"/>
      </object_component>
      <object_component id="oc-7e">
         <name>.text.user_encoder_voltage_to_dac</name>
         <load_address>0x4424</load_address>
         <readonly>true</readonly>
         <executable>true</executable>
         <run_address>0x4424</run_address>
         <size>0x40</size>
         <alignment>0x4</alignment>
         <input_file_ref idref="fl-8"/>
      </object_component>
      <object_component id="oc-e1">
         <name>.text.user_uart_send_string</name>
         <load_address>0x4464</load_address>
         <readonly>true</readonly>
         <executable>true</executable>
         <run_address>0x4464</run_address>
         <size>0x40</size>
         <alignment>0x4</alignment>
         <input_file_ref idref="fl-d"/>
      </object_component>
      <object_component id="oc-b2">
         <name>.text.__floatsisf</name>
         <load_address>0x44a4</load_address>
         <readonly>true</readonly>
         <executable>true</executable>
         <run_address>0x44a4</run_address>
         <size>0x3c</size>
         <alignment>0x4</alignment>
         <input_file_ref idref="fl-116"/>
      </object_component>
      <object_component id="oc-125">
         <name>.text.__gtsf2</name>
         <load_address>0x44e0</load_address>
         <readonly>true</readonly>
         <executable>true</executable>
         <run_address>0x44e0</run_address>
         <size>0x3c</size>
         <alignment>0x4</alignment>
         <input_file_ref idref="fl-122"/>
      </object_component>
      <object_component id="oc-108">
         <name>.text:__TI_auto_init_nobinit_nopinit</name>
         <load_address>0x451c</load_address>
         <readonly>true</readonly>
         <executable>true</executable>
         <run_address>0x451c</run_address>
         <size>0x3c</size>
         <alignment>0x4</alignment>
         <input_file_ref idref="fl-3c"/>
      </object_component>
      <object_component id="oc-120">
         <name>.text.__eqsf2</name>
         <load_address>0x4558</load_address>
         <readonly>true</readonly>
         <executable>true</executable>
         <run_address>0x4558</run_address>
         <size>0x3a</size>
         <alignment>0x4</alignment>
         <input_file_ref idref="fl-122"/>
      </object_component>
      <object_component id="oc-11b">
         <name>.text.__muldsi3</name>
         <load_address>0x4594</load_address>
         <readonly>true</readonly>
         <executable>true</executable>
         <run_address>0x4594</run_address>
         <size>0x3a</size>
         <alignment>0x4</alignment>
         <input_file_ref idref="fl-10d"/>
      </object_component>
      <object_component id="oc-77">
         <name>.text.delay_us</name>
         <load_address>0x45ce</load_address>
         <readonly>true</readonly>
         <executable>true</executable>
         <run_address>0x45ce</run_address>
         <size>0x3a</size>
         <alignment>0x2</alignment>
         <input_file_ref idref="fl-4"/>
      </object_component>
      <object_component id="oc-16c">
         <name>.text.DL_Common_delayCycles</name>
         <load_address>0x4608</load_address>
         <readonly>true</readonly>
         <executable>true</executable>
         <run_address>0x4608</run_address>
         <size>0x38</size>
         <alignment>0x2</alignment>
         <input_file_ref idref="fl-4"/>
      </object_component>
      <object_component id="oc-d2">
         <name>.text.SYSCFG_DL_init</name>
         <load_address>0x4640</load_address>
         <readonly>true</readonly>
         <executable>true</executable>
         <run_address>0x4640</run_address>
         <size>0x38</size>
         <alignment>0x4</alignment>
         <input_file_ref idref="fl-1"/>
      </object_component>
      <object_component id="oc-c4">
         <name>.text.__fixsfsi</name>
         <load_address>0x4678</load_address>
         <readonly>true</readonly>
         <executable>true</executable>
         <run_address>0x4678</run_address>
         <size>0x38</size>
         <alignment>0x4</alignment>
         <input_file_ref idref="fl-113"/>
      </object_component>
      <object_component id="oc-f3">
         <name>.text.sprintf</name>
         <load_address>0x46b0</load_address>
         <readonly>true</readonly>
         <executable>true</executable>
         <run_address>0x46b0</run_address>
         <size>0x38</size>
         <alignment>0x4</alignment>
         <input_file_ref idref="fl-37"/>
      </object_component>
      <object_component id="oc-78">
         <name>.text.user_encoder_count_to_voltage</name>
         <load_address>0x46e8</load_address>
         <readonly>true</readonly>
         <executable>true</executable>
         <run_address>0x46e8</run_address>
         <size>0x38</size>
         <alignment>0x4</alignment>
         <input_file_ref idref="fl-8"/>
      </object_component>
      <object_component id="oc-d7">
         <name>.text.user_uart_init</name>
         <load_address>0x4720</load_address>
         <readonly>true</readonly>
         <executable>true</executable>
         <run_address>0x4720</run_address>
         <size>0x34</size>
         <alignment>0x4</alignment>
         <input_file_ref idref="fl-d"/>
      </object_component>
      <object_component id="oc-146">
         <name>.text.__fixunssfsi</name>
         <load_address>0x4754</load_address>
         <readonly>true</readonly>
         <executable>true</executable>
         <run_address>0x4754</run_address>
         <size>0x32</size>
         <alignment>0x4</alignment>
         <input_file_ref idref="fl-114"/>
      </object_component>
      <object_component id="oc-13a">
         <name>.text.SYSCFG_DL_DAC12_init</name>
         <load_address>0x4788</load_address>
         <readonly>true</readonly>
         <executable>true</executable>
         <run_address>0x4788</run_address>
         <size>0x30</size>
         <alignment>0x4</alignment>
         <input_file_ref idref="fl-1"/>
      </object_component>
      <object_component id="oc-139">
         <name>.text.SYSCFG_DL_SYSTICK_init</name>
         <load_address>0x47b8</load_address>
         <readonly>true</readonly>
         <executable>true</executable>
         <run_address>0x47b8</run_address>
         <size>0x30</size>
         <alignment>0x4</alignment>
         <input_file_ref idref="fl-1"/>
      </object_component>
      <object_component id="oc-20b">
         <name>.text._fcpy</name>
         <load_address>0x47e8</load_address>
         <readonly>true</readonly>
         <executable>true</executable>
         <run_address>0x47e8</run_address>
         <size>0x30</size>
         <alignment>0x2</alignment>
         <input_file_ref idref="fl-42"/>
      </object_component>
      <object_component id="oc-ef">
         <name>.text.__floatsidf</name>
         <load_address>0x4818</load_address>
         <readonly>true</readonly>
         <executable>true</executable>
         <run_address>0x4818</run_address>
         <size>0x2c</size>
         <alignment>0x4</alignment>
         <input_file_ref idref="fl-115"/>
      </object_component>
      <object_component id="oc-14a">
         <name>.text.__floatunsisf</name>
         <load_address>0x4844</load_address>
         <readonly>true</readonly>
         <executable>true</executable>
         <run_address>0x4844</run_address>
         <size>0x28</size>
         <alignment>0x4</alignment>
         <input_file_ref idref="fl-118"/>
      </object_component>
      <object_component id="oc-d8">
         <name>.text.delay_ms</name>
         <load_address>0x486c</load_address>
         <readonly>true</readonly>
         <executable>true</executable>
         <run_address>0x486c</run_address>
         <size>0x28</size>
         <alignment>0x4</alignment>
         <input_file_ref idref="fl-4"/>
      </object_component>
      <object_component id="oc-6a">
         <name>.text:_c_int00_noargs</name>
         <load_address>0x4894</load_address>
         <readonly>true</readonly>
         <executable>true</executable>
         <run_address>0x4894</run_address>
         <size>0x28</size>
         <alignment>0x4</alignment>
         <input_file_ref idref="fl-3a"/>
      </object_component>
      <object_component id="oc-173">
         <name>.text.DL_I2C_setClockConfig</name>
         <load_address>0x48bc</load_address>
         <readonly>true</readonly>
         <executable>true</executable>
         <run_address>0x48bc</run_address>
         <size>0x26</size>
         <alignment>0x2</alignment>
         <input_file_ref idref="fl-1d"/>
      </object_component>
      <object_component id="oc-1cf">
         <name>.text.__muldi3</name>
         <load_address>0x48e4</load_address>
         <readonly>true</readonly>
         <executable>true</executable>
         <run_address>0x48e4</run_address>
         <size>0x24</size>
         <alignment>0x4</alignment>
         <input_file_ref idref="fl-119"/>
      </object_component>
      <object_component id="oc-1bb">
         <name>.text.memccpy</name>
         <load_address>0x4908</load_address>
         <readonly>true</readonly>
         <executable>true</executable>
         <run_address>0x4908</run_address>
         <size>0x22</size>
         <alignment>0x2</alignment>
         <input_file_ref idref="fl-51"/>
      </object_component>
      <object_component id="oc-34">
         <name>.text.SysTick_Handler</name>
         <load_address>0x492c</load_address>
         <readonly>true</readonly>
         <executable>true</executable>
         <run_address>0x492c</run_address>
         <size>0x20</size>
         <alignment>0x4</alignment>
         <input_file_ref idref="fl-4"/>
      </object_component>
      <object_component id="oc-220">
         <name>.text.__ashldi3</name>
         <load_address>0x494c</load_address>
         <readonly>true</readonly>
         <executable>true</executable>
         <run_address>0x494c</run_address>
         <size>0x1e</size>
         <alignment>0x4</alignment>
         <input_file_ref idref="fl-124"/>
      </object_component>
      <object_component id="oc-3f">
         <name>.text.ADC0_IRQHandler</name>
         <load_address>0x496c</load_address>
         <readonly>true</readonly>
         <executable>true</executable>
         <run_address>0x496c</run_address>
         <size>0x1c</size>
         <alignment>0x4</alignment>
         <input_file_ref idref="fl-6"/>
      </object_component>
      <object_component id="oc-170">
         <name>.text.DL_Timer_setCaptCompUpdateMethod</name>
         <load_address>0x4988</load_address>
         <readonly>true</readonly>
         <executable>true</executable>
         <run_address>0x4988</run_address>
         <size>0x1c</size>
         <alignment>0x4</alignment>
         <input_file_ref idref="fl-1e"/>
      </object_component>
      <object_component id="oc-16d">
         <name>.text.DL_Timer_setClockConfig</name>
         <load_address>0x49a4</load_address>
         <readonly>true</readonly>
         <executable>true</executable>
         <run_address>0x49a4</run_address>
         <size>0x1c</size>
         <alignment>0x4</alignment>
         <input_file_ref idref="fl-1e"/>
      </object_component>
      <object_component id="oc-16f">
         <name>.text.DL_Timer_setCaptureCompareOutCtl</name>
         <load_address>0x49c0</load_address>
         <readonly>true</readonly>
         <executable>true</executable>
         <run_address>0x49c0</run_address>
         <size>0x18</size>
         <alignment>0x4</alignment>
         <input_file_ref idref="fl-1e"/>
      </object_component>
      <object_component id="oc-155">
         <name>.text._outs</name>
         <load_address>0x49d8</load_address>
         <readonly>true</readonly>
         <executable>true</executable>
         <run_address>0x49d8</run_address>
         <size>0x18</size>
         <alignment>0x2</alignment>
         <input_file_ref idref="fl-37"/>
      </object_component>
      <object_component id="oc-f9">
         <name>.text.user_encoder_is_changed</name>
         <load_address>0x49f0</load_address>
         <readonly>true</readonly>
         <executable>true</executable>
         <run_address>0x49f0</run_address>
         <size>0x18</size>
         <alignment>0x4</alignment>
         <input_file_ref idref="fl-8"/>
      </object_component>
      <object_component id="oc-61">
         <name>.text:decompress:ZI:__TI_zero_init_nomemset</name>
         <load_address>0x4a08</load_address>
         <readonly>true</readonly>
         <executable>true</executable>
         <run_address>0x4a08</run_address>
         <size>0x16</size>
         <alignment>0x2</alignment>
         <input_file_ref idref="fl-3f"/>
      </object_component>
      <object_component id="oc-1d4">
         <name>.text.__aeabi_uldivmod</name>
         <load_address>0x4a20</load_address>
         <readonly>true</readonly>
         <executable>true</executable>
         <run_address>0x4a20</run_address>
         <size>0x14</size>
         <alignment>0x4</alignment>
         <input_file_ref idref="fl-121"/>
      </object_component>
      <object_component id="oc-209">
         <name>.text.strchr</name>
         <load_address>0x4a34</load_address>
         <readonly>true</readonly>
         <executable>true</executable>
         <run_address>0x4a34</run_address>
         <size>0x14</size>
         <alignment>0x2</alignment>
         <input_file_ref idref="fl-42"/>
      </object_component>
      <object_component id="oc-17b">
         <name>.text.DL_UART_setClockConfig</name>
         <load_address>0x4a48</load_address>
         <readonly>true</readonly>
         <executable>true</executable>
         <run_address>0x4a48</run_address>
         <size>0x12</size>
         <alignment>0x2</alignment>
         <input_file_ref idref="fl-1f"/>
      </object_component>
      <object_component id="oc-20">
         <name>.text:decompress:none</name>
         <load_address>0x4a5a</load_address>
         <readonly>true</readonly>
         <executable>true</executable>
         <run_address>0x4a5a</run_address>
         <size>0x12</size>
         <alignment>0x2</alignment>
         <input_file_ref idref="fl-40"/>
      </object_component>
      <object_component id="oc-e4">
         <name>.text.DL_Timer_setCaptureCompareValue</name>
         <load_address>0x4a6c</load_address>
         <readonly>true</readonly>
         <executable>true</executable>
         <run_address>0x4a6c</run_address>
         <size>0x10</size>
         <alignment>0x4</alignment>
         <input_file_ref idref="fl-1e"/>
      </object_component>
      <object_component id="oc-1c6">
         <name>.text.wcslen</name>
         <load_address>0x4a7c</load_address>
         <readonly>true</readonly>
         <executable>true</executable>
         <run_address>0x4a7c</run_address>
         <size>0x10</size>
         <alignment>0x2</alignment>
         <input_file_ref idref="fl-48"/>
      </object_component>
      <object_component id="oc-1ba">
         <name>.text.__aeabi_memset</name>
         <load_address>0x4a8c</load_address>
         <readonly>true</readonly>
         <executable>true</executable>
         <run_address>0x4a8c</run_address>
         <size>0xe</size>
         <alignment>0x4</alignment>
         <input_file_ref idref="fl-11f"/>
      </object_component>
      <object_component id="oc-1b9">
         <name>.text.strlen</name>
         <load_address>0x4a9a</load_address>
         <readonly>true</readonly>
         <executable>true</executable>
         <run_address>0x4a9a</run_address>
         <size>0xe</size>
         <alignment>0x2</alignment>
         <input_file_ref idref="fl-42"/>
      </object_component>
      <object_component id="oc-fa">
         <name>.text.user_encoder_get_count</name>
         <load_address>0x4aa8</load_address>
         <readonly>true</readonly>
         <executable>true</executable>
         <run_address>0x4aa8</run_address>
         <size>0xc</size>
         <alignment>0x4</alignment>
         <input_file_ref idref="fl-8"/>
      </object_component>
      <object_component id="oc-204">
         <name>.text.OUTLINED_FUNCTION_0</name>
         <load_address>0x4ab4</load_address>
         <readonly>true</readonly>
         <executable>true</executable>
         <run_address>0x4ab4</run_address>
         <size>0xa</size>
         <alignment>0x2</alignment>
         <input_file_ref idref="fl-42"/>
      </object_component>
      <object_component id="oc-281">
         <name>.tramp.__aeabi_dsub.1</name>
         <load_address>0x4ac0</load_address>
         <readonly>true</readonly>
         <executable>true</executable>
         <run_address>0x4ac0</run_address>
         <size>0x10</size>
         <alignment>0x4</alignment>
         <input_file_ref idref="fl-10b"/>
      </object_component>
      <object_component id="oc-21e">
         <name>.text.OUTLINED_FUNCTION_1</name>
         <load_address>0x4ad0</load_address>
         <readonly>true</readonly>
         <executable>true</executable>
         <run_address>0x4ad0</run_address>
         <size>0xa</size>
         <alignment>0x2</alignment>
         <input_file_ref idref="fl-42"/>
      </object_component>
      <object_component id="oc-156">
         <name>.text._outc</name>
         <load_address>0x4ada</load_address>
         <readonly>true</readonly>
         <executable>true</executable>
         <run_address>0x4ada</run_address>
         <size>0xa</size>
         <alignment>0x2</alignment>
         <input_file_ref idref="fl-37"/>
      </object_component>
      <object_component id="oc-1ca">
         <name>.text.__aeabi_errno_addr</name>
         <load_address>0x4ae4</load_address>
         <readonly>true</readonly>
         <executable>true</executable>
         <run_address>0x4ae4</run_address>
         <size>0x8</size>
         <alignment>0x4</alignment>
         <input_file_ref idref="fl-49"/>
      </object_component>
      <object_component id="oc-5a">
         <name>.text.__aeabi_memcpy</name>
         <load_address>0x4aec</load_address>
         <readonly>true</readonly>
         <executable>true</executable>
         <run_address>0x4aec</run_address>
         <size>0x8</size>
         <alignment>0x4</alignment>
         <input_file_ref idref="fl-11e"/>
      </object_component>
      <object_component id="oc-101">
         <name>.text:abort</name>
         <load_address>0x4af4</load_address>
         <readonly>true</readonly>
         <executable>true</executable>
         <run_address>0x4af4</run_address>
         <size>0x6</size>
         <alignment>0x2</alignment>
         <input_file_ref idref="fl-4a"/>
      </object_component>
      <object_component id="oc-159">
         <name>.text.HOSTexit</name>
         <load_address>0x4afa</load_address>
         <readonly>true</readonly>
         <executable>true</executable>
         <run_address>0x4afa</run_address>
         <size>0x4</size>
         <alignment>0x2</alignment>
         <input_file_ref idref="fl-fa"/>
      </object_component>
      <object_component id="oc-2f">
         <name>.text.Reset_Handler</name>
         <load_address>0x4afe</load_address>
         <readonly>true</readonly>
         <executable>true</executable>
         <run_address>0x4afe</run_address>
         <size>0x4</size>
         <alignment>0x2</alignment>
         <input_file_ref idref="fl-2"/>
      </object_component>
      <object_component id="oc-9d">
         <name>.text._system_pre_init</name>
         <load_address>0x4b02</load_address>
         <readonly>true</readonly>
         <executable>true</executable>
         <run_address>0x4b02</run_address>
         <size>0x4</size>
         <alignment>0x2</alignment>
         <input_file_ref idref="fl-3d"/>
      </object_component>
      <object_component id="oc-27d">
         <name>.cinit..data.load</name>
         <load_address>0x52e0</load_address>
         <readonly>true</readonly>
         <run_address>0x52e0</run_address>
         <size>0x14</size>
         <alignment>0x1</alignment>
      </object_component>
      <object_component id="oc-27b">
         <name>__TI_handler_table</name>
         <load_address>0x52f4</load_address>
         <readonly>true</readonly>
         <run_address>0x52f4</run_address>
         <size>0xc</size>
         <alignment>0x4</alignment>
      </object_component>
      <object_component id="oc-27e">
         <name>.cinit..bss.load</name>
         <load_address>0x5300</load_address>
         <readonly>true</readonly>
         <run_address>0x5300</run_address>
         <size>0x8</size>
         <alignment>0x4</alignment>
      </object_component>
      <object_component id="oc-27c">
         <name>__TI_cinit_table</name>
         <load_address>0x5308</load_address>
         <readonly>true</readonly>
         <run_address>0x5308</run_address>
         <size>0x10</size>
         <alignment>0x4</alignment>
      </object_component>
      <object_component id="oc-192">
         <name>.rodata.OLED_F8x16</name>
         <load_address>0x4b10</load_address>
         <readonly>true</readonly>
         <run_address>0x4b10</run_address>
         <size>0x5f0</size>
         <alignment>0x1</alignment>
         <input_file_ref idref="fl-a"/>
      </object_component>
      <object_component id="oc-1e3">
         <name>.rodata:__aeabi_ctype_table_</name>
         <load_address>0x5100</load_address>
         <readonly>true</readonly>
         <run_address>0x5100</run_address>
         <size>0x101</size>
         <alignment>0x10</alignment>
         <input_file_ref idref="fl-57"/>
      </object_component>
      <object_component id="oc-100">
         <name>.rodata.str1.12180500075719773345.1</name>
         <load_address>0x5201</load_address>
         <readonly>true</readonly>
         <run_address>0x5201</run_address>
         <size>0x29</size>
         <alignment>0x1</alignment>
         <input_file_ref idref="fl-3"/>
      </object_component>
      <object_component id="oc-17a">
         <name>.rodata.gI2C_0ClockConfig</name>
         <load_address>0x522a</load_address>
         <readonly>true</readonly>
         <run_address>0x522a</run_address>
         <size>0x2</size>
         <alignment>0x1</alignment>
         <input_file_ref idref="fl-1"/>
      </object_component>
      <object_component id="oc-191">
         <name>.rodata.gDAC12Config</name>
         <load_address>0x522c</load_address>
         <readonly>true</readonly>
         <run_address>0x522c</run_address>
         <size>0x20</size>
         <alignment>0x4</alignment>
         <input_file_ref idref="fl-1"/>
      </object_component>
      <object_component id="oc-fb">
         <name>.rodata.str1.15159059442110792349.1</name>
         <load_address>0x524c</load_address>
         <readonly>true</readonly>
         <run_address>0x524c</run_address>
         <size>0x1b</size>
         <alignment>0x1</alignment>
         <input_file_ref idref="fl-3"/>
      </object_component>
      <object_component id="oc-142">
         <name>.rodata.str1.18065448981264922867.1</name>
         <load_address>0x5267</load_address>
         <readonly>true</readonly>
         <run_address>0x5267</run_address>
         <size>0x16</size>
         <alignment>0x1</alignment>
         <input_file_ref idref="fl-8"/>
      </object_component>
      <object_component id="oc-1d3">
         <name>.rodata.str1.10348868589481759720.1</name>
         <load_address>0x527d</load_address>
         <readonly>true</readonly>
         <run_address>0x527d</run_address>
         <size>0x11</size>
         <alignment>0x1</alignment>
         <input_file_ref idref="fl-42"/>
      </object_component>
      <object_component id="oc-1bf">
         <name>.rodata.str1.15363888844622738466.1</name>
         <load_address>0x528e</load_address>
         <readonly>true</readonly>
         <run_address>0x528e</run_address>
         <size>0x11</size>
         <alignment>0x1</alignment>
         <input_file_ref idref="fl-42"/>
      </object_component>
      <object_component id="oc-fd">
         <name>.rodata.str1.17100691992556644108.1</name>
         <load_address>0x529f</load_address>
         <readonly>true</readonly>
         <run_address>0x529f</run_address>
         <size>0xc</size>
         <alignment>0x1</alignment>
         <input_file_ref idref="fl-3"/>
      </object_component>
      <object_component id="oc-fc">
         <name>.rodata.str1.8154729771448623357.1</name>
         <load_address>0x52ab</load_address>
         <readonly>true</readonly>
         <run_address>0x52ab</run_address>
         <size>0xc</size>
         <alignment>0x1</alignment>
         <input_file_ref idref="fl-3"/>
      </object_component>
      <object_component id="oc-183">
         <name>.rodata.gUART_0Config</name>
         <load_address>0x52b8</load_address>
         <readonly>true</readonly>
         <run_address>0x52b8</run_address>
         <size>0xa</size>
         <alignment>0x2</alignment>
         <input_file_ref idref="fl-1"/>
      </object_component>
      <object_component id="oc-179">
         <name>.rodata.gI2C_1ClockConfig</name>
         <load_address>0x52c2</load_address>
         <readonly>true</readonly>
         <run_address>0x52c2</run_address>
         <size>0x2</size>
         <alignment>0x1</alignment>
         <input_file_ref idref="fl-1"/>
      </object_component>
      <object_component id="oc-18a">
         <name>.rodata.gADC12_0ClockConfig</name>
         <load_address>0x52c4</load_address>
         <readonly>true</readonly>
         <run_address>0x52c4</run_address>
         <size>0x8</size>
         <alignment>0x4</alignment>
         <input_file_ref idref="fl-1"/>
      </object_component>
      <object_component id="oc-172">
         <name>.rodata.gPWM_0Config</name>
         <load_address>0x52cc</load_address>
         <readonly>true</readonly>
         <run_address>0x52cc</run_address>
         <size>0x8</size>
         <alignment>0x4</alignment>
         <input_file_ref idref="fl-1"/>
      </object_component>
      <object_component id="oc-ff">
         <name>.rodata.str1.2846389346932560359.1</name>
         <load_address>0x52d4</load_address>
         <readonly>true</readonly>
         <run_address>0x52d4</run_address>
         <size>0x5</size>
         <alignment>0x1</alignment>
         <input_file_ref idref="fl-3"/>
      </object_component>
      <object_component id="oc-171">
         <name>.rodata.gPWM_0ClockConfig</name>
         <load_address>0x52d9</load_address>
         <readonly>true</readonly>
         <run_address>0x52d9</run_address>
         <size>0x3</size>
         <alignment>0x1</alignment>
         <input_file_ref idref="fl-1"/>
      </object_component>
      <object_component id="oc-182">
         <name>.rodata.gUART_0ClockConfig</name>
         <load_address>0x52dc</load_address>
         <readonly>true</readonly>
         <run_address>0x52dc</run_address>
         <size>0x2</size>
         <alignment>0x1</alignment>
         <input_file_ref idref="fl-1"/>
      </object_component>
      <object_component id="oc-fe">
         <name>.rodata.str1.18227636981041470289.1</name>
         <load_address>0x52de</load_address>
         <readonly>true</readonly>
         <run_address>0x52de</run_address>
         <size>0x2</size>
         <alignment>0x1</alignment>
         <input_file_ref idref="fl-3"/>
      </object_component>
      <object_component id="oc-243">
         <name>.binit</name>
         <load_address>0x0</load_address>
         <readonly>true</readonly>
         <run_address>0x0</run_address>
         <size>0x0</size>
         <alignment>0x4</alignment>
      </object_component>
      <object_component id="oc-72">
         <name>.data.system_time_ms</name>
         <load_address>0x20200360</load_address>
         <readwrite>true</readwrite>
         <run_address>0x20200360</run_address>
         <size>0x4</size>
         <alignment>0x4</alignment>
         <input_file_ref idref="fl-3"/>
      </object_component>
      <object_component id="oc-71">
         <name>.data.delay_times</name>
         <load_address>0x20200350</load_address>
         <readwrite>true</readwrite>
         <run_address>0x20200350</run_address>
         <size>0x4</size>
         <alignment>0x4</alignment>
         <input_file_ref idref="fl-4"/>
      </object_component>
      <object_component id="oc-83">
         <name>.data.gCheckADC</name>
         <load_address>0x2020036b</load_address>
         <readwrite>true</readwrite>
         <run_address>0x2020036b</run_address>
         <size>0x1</size>
         <alignment>0x1</alignment>
         <input_file_ref idref="fl-6"/>
      </object_component>
      <object_component id="oc-89">
         <name>.data.sine_index</name>
         <load_address>0x2020035c</load_address>
         <readwrite>true</readwrite>
         <run_address>0x2020035c</run_address>
         <size>0x4</size>
         <alignment>0x4</alignment>
         <input_file_ref idref="fl-7"/>
[...]
      <symbol id="sm-135">
         <name>key_pressed_flag</name>
         <value>0x2020036c</value>
         <object_component_ref idref="oc-80"/>
      </symbol>
      <symbol id="sm-136">
         <name>GROUP1_IRQHandler</name>
         <value>0x3655</value>
         <object_component_ref idref="oc-39"/>
      </symbol>
      <symbol id="sm-151">
         <name>user_uart_init</name>
         <value>0x4721</value>
         <object_component_ref idref="oc-d7"/>
      </symbol>
      <symbol id="sm-152">
         <name>user_uart_send_string</name>
         <value>0x4465</value>
         <object_component_ref idref="oc-e1"/>
      </symbol>
      <symbol id="sm-153">
         <name>UART0_IRQHandler</name>
         <value>0x4199</value>
         <object_component_ref idref="oc-4a"/>
      </symbol>
      <symbol id="sm-154">
         <name>__TI_ATRegion0_src_addr</name>
         <value>0x0</value>
      </symbol>
      <symbol id="sm-155">
         <name>__TI_ATRegion0_trg_addr</name>
         <value>0x0</value>
      </symbol>
      <symbol id="sm-156">
         <name>__TI_ATRegion0_region_sz</name>
         <value>0x0</value>
      </symbol>
      <symbol id="sm-157">
         <name>__TI_ATRegion1_src_addr</name>
         <value>0x0</value>
      </symbol>
      <symbol id="sm-158">
         <name>__TI_ATRegion1_trg_addr</name>
         <value>0x0</value>
      </symbol>
      <symbol id="sm-159">
         <name>__TI_ATRegion1_region_sz</name>
         <value>0x0</value>
      </symbol>
      <symbol id="sm-15a">
         <name>__TI_ATRegion2_src_addr</name>
         <value>0x0</value>
      </symbol>
      <symbol id="sm-15b">
         <name>__TI_ATRegion2_trg_addr</name>
         <value>0x0</value>
      </symbol>
      <symbol id="sm-15c">
         <name>__TI_ATRegion2_region_sz</name>
         <value>0x0</value>
      </symbol>
      <symbol id="sm-167">
         <name>DL_ADC12_setClockConfig</name>
         <value>0x4365</value>
         <object_component_ref idref="oc-184"/>
      </symbol>
      <symbol id="sm-172">
         <name>DL_DAC12_init</name>
         <value>0x397d</value>
         <object_component_ref idref="oc-18b"/>
      </symbol>
      <symbol id="sm-17c">
         <name>DL_I2C_setClockConfig</name>
         <value>0x48bd</value>
         <object_component_ref idref="oc-173"/>
      </symbol>
      <symbol id="sm-193">
         <name>DL_Timer_setClockConfig</name>
         <value>0x49a5</value>
         <object_component_ref idref="oc-16d"/>
      </symbol>
      <symbol id="sm-194">
         <name>DL_Timer_setCaptureCompareValue</name>
         <value>0x4a6d</value>
         <object_component_ref idref="oc-e4"/>
      </symbol>
      <symbol id="sm-195">
         <name>DL_Timer_setCaptCompUpdateMethod</name>
         <value>0x4989</value>
         <object_component_ref idref="oc-170"/>
      </symbol>
      <symbol id="sm-196">
         <name>DL_Timer_setCaptureCompareOutCtl</name>
         <value>0x49c1</value>
         <object_component_ref idref="oc-16f"/>
      </symbol>
      <symbol id="sm-197">
         <name>DL_Timer_initFourCCPWMMode</name>
         <value>0x3101</value>
         <object_component_ref idref="oc-16e"/>
      </symbol>
      <symbol id="sm-1a4">
         <name>DL_UART_init</name>
         <value>0x42d9</value>
         <object_component_ref idref="oc-181"/>
      </symbol>
      <symbol id="sm-1a5">
         <name>DL_UART_setClockConfig</name>
         <value>0x4a49</value>
         <object_component_ref idref="oc-17b"/>
      </symbol>
      <symbol id="sm-1b7">
         <name>sprintf</name>
         <value>0x46b1</value>
         <object_component_ref idref="oc-f3"/>
      </symbol>
      <symbol id="sm-1c4">
         <name>_c_int00_noargs</name>
         <value>0x4895</value>
         <object_component_ref idref="oc-6a"/>
      </symbol>
      <symbol id="sm-1c5">
         <name>__stack</name>
         <value>0x20207e00</value>
         <object_component_ref idref="oc-1a"/>
      </symbol>
      <symbol id="sm-1d1">
         <name>__TI_auto_init_nobinit_nopinit</name>
         <value>0x451d</value>
         <object_component_ref idref="oc-108"/>
      </symbol>
      <symbol id="sm-1d9">
         <name>_system_pre_init</name>
         <value>0x4b03</value>
         <object_component_ref idref="oc-9d"/>
      </symbol>
      <symbol id="sm-1e4">
         <name>__TI_zero_init_nomemset</name>
         <value>0x4a09</value>
         <object_component_ref idref="oc-61"/>
      </symbol>
      <symbol id="sm-1ed">
         <name>__TI_decompress_none</name>
         <value>0x4a5b</value>
         <object_component_ref idref="oc-20"/>
      </symbol>
      <symbol id="sm-1f8">
         <name>__TI_decompress_lzss</name>
         <value>0x3b05</value>
         <object_component_ref idref="oc-1c"/>
      </symbol>
      <symbol id="sm-241">
         <name>__TI_printfi</name>
         <value>0xf71</value>
         <object_component_ref idref="oc-1a2"/>
      </symbol>
      <symbol id="sm-24e">
         <name>frexp</name>
         <value>0x3f39</value>
         <object_component_ref idref="oc-1f4"/>
      </symbol>
      <symbol id="sm-24f">
         <name>frexpl</name>
         <value>0x3f39</value>
         <object_component_ref idref="oc-1f4"/>
      </symbol>
      <symbol id="sm-259">
         <name>scalbn</name>
         <value>0x33d5</value>
         <object_component_ref idref="oc-1f8"/>
      </symbol>
      <symbol id="sm-25a">
         <name>ldexp</name>
         <value>0x33d5</value>
         <object_component_ref idref="oc-1f8"/>
      </symbol>
      <symbol id="sm-25b">
         <name>scalbnl</name>
         <value>0x33d5</value>
         <object_component_ref idref="oc-1f8"/>
      </symbol>
      <symbol id="sm-25c">
         <name>ldexpl</name>
         <value>0x33d5</value>
         <object_component_ref idref="oc-1f8"/>
      </symbol>
      <symbol id="sm-265">
         <name>wcslen</name>
         <value>0x4a7d</value>
         <object_component_ref idref="oc-1c6"/>
      </symbol>
      <symbol id="sm-270">
         <name>__aeabi_errno_addr</name>
         <value>0x4ae5</value>
         <object_component_ref idref="oc-1ca"/>
      </symbol>
      <symbol id="sm-271">
         <name>__aeabi_errno</name>
         <value>0x2020034c</value>
         <object_component_ref idref="oc-1ea"/>
      </symbol>
      <symbol id="sm-27b">
         <name>abort</name>
         <value>0x4af5</value>
         <object_component_ref idref="oc-101"/>
      </symbol>
      <symbol id="sm-285">
         <name>__TI_ltoa</name>
         <value>0x3f95</value>
         <object_component_ref idref="oc-200"/>
      </symbol>
      <symbol id="sm-291">
         <name>atoi</name>
         <value>0x43e5</value>
         <object_component_ref idref="oc-1c2"/>
      </symbol>
      <symbol id="sm-29b">
         <name>memccpy</name>
         <value>0x4909</value>
         <object_component_ref idref="oc-1bb"/>
      </symbol>
      <symbol id="sm-2a1">
         <name>__aeabi_ctype_table_</name>
         <value>0x5100</value>
         <object_component_ref idref="oc-1e3"/>
      </symbol>
      <symbol id="sm-2a2">
         <name>__aeabi_ctype_table_C</name>
         <value>0x5100</value>
         <object_component_ref idref="oc-1e3"/>
      </symbol>
      <symbol id="sm-2ad">
         <name>HOSTexit</name>
         <value>0x4afb</value>
         <object_component_ref idref="oc-159"/>
      </symbol>
      <symbol id="sm-2ae">
         <name>C$$EXIT</name>
         <value>0x4afa</value>
         <object_component_ref idref="oc-159"/>
      </symbol>
      <symbol id="sm-2c3">
         <name>__aeabi_fadd</name>
         <value>0x34b7</value>
         <object_component_ref idref="oc-eb"/>
      </symbol>
      <symbol id="sm-2c4">
         <name>__addsf3</name>
         <value>0x34b7</value>
         <object_component_ref idref="oc-eb"/>
      </symbol>
      <symbol id="sm-2c5">
         <name>__aeabi_fsub</name>
         <value>0x34ad</value>
         <object_component_ref idref="oc-eb"/>
      </symbol>
      <symbol id="sm-2c6">
         <name>__subsf3</name>
         <value>0x34ad</value>
         <object_component_ref idref="oc-eb"/>
      </symbol>
      <symbol id="sm-2cc">
         <name>__aeabi_dadd</name>
         <value>0x2aab</value>
         <object_component_ref idref="oc-219"/>
      </symbol>
      <symbol id="sm-2cd">
         <name>__adddf3</name>
         <value>0x2aab</value>
         <object_component_ref idref="oc-219"/>
      </symbol>
      <symbol id="sm-2ce">
         <name>__aeabi_dsub</name>
         <value>0x2aa1</value>
         <object_component_ref idref="oc-219"/>
      </symbol>
      <symbol id="sm-2cf">
         <name>__subdf3</name>
         <value>0x2aa1</value>
         <object_component_ref idref="oc-219"/>
      </symbol>
      <symbol id="sm-2d8">
         <name>__aeabi_dmul</name>
         <value>0x32f1</value>
         <object_component_ref idref="oc-205"/>
      </symbol>
      <symbol id="sm-2d9">
         <name>__muldf3</name>
         <value>0x32f1</value>
         <object_component_ref idref="oc-205"/>
      </symbol>
      <symbol id="sm-2df">
         <name>__muldsi3</name>
         <value>0x4595</value>
         <object_component_ref idref="oc-11b"/>
      </symbol>
      <symbol id="sm-2e5">
         <name>__aeabi_fmul</name>
         <value>0x38f1</value>
         <object_component_ref idref="oc-b6"/>
      </symbol>
      <symbol id="sm-2e6">
         <name>__mulsf3</name>
         <value>0x38f1</value>
         <object_component_ref idref="oc-b6"/>
      </symbol>
      <symbol id="sm-2ec">
         <name>__aeabi_fdiv</name>
         <value>0x3a05</value>
         <object_component_ref idref="oc-c0"/>
      </symbol>
      <symbol id="sm-2ed">
         <name>__divsf3</name>
         <value>0x3a05</value>
         <object_component_ref idref="oc-c0"/>
      </symbol>
      <symbol id="sm-2f3">
         <name>__aeabi_ddiv</name>
         <value>0x2ff5</value>
         <object_component_ref idref="oc-215"/>
      </symbol>
      <symbol id="sm-2f4">
         <name>__divdf3</name>
         <value>0x2ff5</value>
         <object_component_ref idref="oc-215"/>
      </symbol>
      <symbol id="sm-2fa">
         <name>__aeabi_d2iz</name>
         <value>0x428d</value>
         <object_component_ref idref="oc-1fc"/>
      </symbol>
      <symbol id="sm-2fb">
         <name>__fixdfsi</name>
         <value>0x428d</value>
         <object_component_ref idref="oc-1fc"/>
      </symbol>
      <symbol id="sm-301">
         <name>__aeabi_f2iz</name>
         <value>0x4679</value>
         <object_component_ref idref="oc-c4"/>
      </symbol>
      <symbol id="sm-302">
         <name>__fixsfsi</name>
         <value>0x4679</value>
         <object_component_ref idref="oc-c4"/>
      </symbol>
      <symbol id="sm-308">
         <name>__aeabi_f2uiz</name>
         <value>0x4755</value>
         <object_component_ref idref="oc-146"/>
      </symbol>
      <symbol id="sm-309">
         <name>__fixunssfsi</name>
         <value>0x4755</value>
         <object_component_ref idref="oc-146"/>
      </symbol>
      <symbol id="sm-30f">
         <name>__aeabi_i2d</name>
         <value>0x4819</value>
         <object_component_ref idref="oc-ef"/>
      </symbol>
      <symbol id="sm-310">
         <name>__floatsidf</name>
         <value>0x4819</value>
         <object_component_ref idref="oc-ef"/>
      </symbol>
      <symbol id="sm-316">
         <name>__aeabi_i2f</name>
         <value>0x44a5</value>
         <object_component_ref idref="oc-b2"/>
      </symbol>
      <symbol id="sm-317">
         <name>__floatsisf</name>
         <value>0x44a5</value>
         <object_component_ref idref="oc-b2"/>
      </symbol>
      <symbol id="sm-31d">
         <name>__aeabi_ui2f</name>
         <value>0x4845</value>
         <object_component_ref idref="oc-14a"/>
      </symbol>
      <symbol id="sm-31e">
         <name>__floatunsisf</name>
         <value>0x4845</value>
         <object_component_ref idref="oc-14a"/>
      </symbol>
      <symbol id="sm-324">
         <name>__aeabi_lmul</name>
         <value>0x48e5</value>
         <object_component_ref idref="oc-1cf"/>
      </symbol>
      <symbol id="sm-325">
         <name>__muldi3</name>
         <value>0x48e5</value>
         <object_component_ref idref="oc-1cf"/>
      </symbol>
      <symbol id="sm-32b">
         <name>__aeabi_dcmpeq</name>
         <value>0x3e11</value>
         <object_component_ref idref="oc-1d9"/>
      </symbol>
      <symbol id="sm-32c">
         <name>__aeabi_dcmplt</name>
         <value>0x3e25</value>
         <object_component_ref idref="oc-1d9"/>
      </symbol>
      <symbol id="sm-32d">
         <name>__aeabi_dcmple</name>
         <value>0x3e39</value>
         <object_component_ref idref="oc-1d9"/>
      </symbol>
      <symbol id="sm-32e">
         <name>__aeabi_dcmpge</name>
         <value>0x3e4d</value>
         <object_component_ref idref="oc-1d9"/>
      </symbol>
      <symbol id="sm-32f">
         <name>__aeabi_dcmpgt</name>
         <value>0x3e61</value>
         <object_component_ref idref="oc-1d9"/>
      </symbol>
      <symbol id="sm-335">
         <name>__aeabi_fcmpeq</name>
         <value>0x3e75</value>
         <object_component_ref idref="oc-ba"/>
      </symbol>
      <symbol id="sm-336">
         <name>__aeabi_fcmplt</name>
         <value>0x3e89</value>
         <object_component_ref idref="oc-ba"/>
      </symbol>
      <symbol id="sm-337">
         <name>__aeabi_fcmple</name>
         <value>0x3e9d</value>
         <object_component_ref idref="oc-ba"/>
      </symbol>
      <symbol id="sm-338">
         <name>__aeabi_fcmpge</name>
         <value>0x3eb1</value>
         <object_component_ref idref="oc-ba"/>
      </symbol>
      <symbol id="sm-339">
         <name>__aeabi_fcmpgt</name>
         <value>0x3ec5</value>
         <object_component_ref idref="oc-ba"/>
      </symbol>
      <symbol id="sm-33f">
         <name>__aeabi_idiv</name>
         <value>0x4045</value>
         <object_component_ref idref="oc-22c"/>
      </symbol>
      <symbol id="sm-340">
         <name>__aeabi_idivmod</name>
         <value>0x4045</value>
         <object_component_ref idref="oc-22c"/>
      </symbol>
      <symbol id="sm-346">
         <name>__aeabi_memcpy</name>
         <value>0x4aed</value>
         <object_component_ref idref="oc-5a"/>
      </symbol>
      <symbol id="sm-347">
         <name>__aeabi_memcpy4</name>
         <value>0x4aed</value>
         <object_component_ref idref="oc-5a"/>
      </symbol>
      <symbol id="sm-348">
         <name>__aeabi_memcpy8</name>
         <value>0x4aed</value>
         <object_component_ref idref="oc-5a"/>
      </symbol>
      <symbol id="sm-34f">
         <name>__aeabi_memset</name>
         <value>0x4a8d</value>
         <object_component_ref idref="oc-1ba"/>
      </symbol>
      <symbol id="sm-350">
         <name>__aeabi_memset4</name>
         <value>0x4a8d</value>
         <object_component_ref idref="oc-1ba"/>
      </symbol>
      <symbol id="sm-351">
         <name>__aeabi_memset8</name>
         <value>0x4a8d</value>
         <object_component_ref idref="oc-1ba"/>
      </symbol>
      <symbol id="sm-357">
         <name>__aeabi_uidiv</name>
         <value>0x43a5</value>
         <object_component_ref idref="oc-14e"/>
      </symbol>
      <symbol id="sm-358">
         <name>__aeabi_uidivmod</name>
         <value>0x43a5</value>
         <object_component_ref idref="oc-14e"/>
      </symbol>
      <symbol id="sm-35e">
         <name>__aeabi_uldivmod</name>
         <value>0x4a21</value>
         <object_component_ref idref="oc-1d4"/>
      </symbol>
      <symbol id="sm-367">
         <name>__eqsf2</name>
         <value>0x4559</value>
         <object_component_ref idref="oc-120"/>
      </symbol>
      <symbol id="sm-368">
         <name>__lesf2</name>
         <value>0x4559</value>
         <object_component_ref idref="oc-120"/>
      </symbol>
      <symbol id="sm-369">
         <name>__ltsf2</name>
         <value>0x4559</value>
         <object_component_ref idref="oc-120"/>
      </symbol>
      <symbol id="sm-36a">
         <name>__nesf2</name>
         <value>0x4559</value>
         <object_component_ref idref="oc-120"/>
      </symbol>
      <symbol id="sm-36b">
         <name>__cmpsf2</name>
         <value>0x4559</value>
         <object_component_ref idref="oc-120"/>
      </symbol>
      <symbol id="sm-36c">
         <name>__gtsf2</name>
         <value>0x44e1</value>
         <object_component_ref idref="oc-125"/>
      </symbol>
      <symbol id="sm-36d">
         <name>__gesf2</name>
         <value>0x44e1</value>
         <object_component_ref idref="oc-125"/>
      </symbol>
      <symbol id="sm-373">
         <name>__udivmoddi4</name>
         <value>0x371d</value>
         <object_component_ref idref="oc-1ef"/>
      </symbol>
      <symbol id="sm-379">
         <name>__aeabi_llsl</name>
         <value>0x494d</value>
         <object_component_ref idref="oc-220"/>
      </symbol>
      <symbol id="sm-37a">
         <name>__ashldi3</name>
         <value>0x494d</value>
         <object_component_ref idref="oc-220"/>
      </symbol>
      <symbol id="sm-388">
         <name>__ledf2</name>
         <value>0x3d41</value>
         <object_component_ref idref="oc-20d"/>
      </symbol>
      <symbol id="sm-389">
         <name>__gedf2</name>
         <value>0x3b81</value>
         <object_component_ref idref="oc-213"/>
      </symbol>
      <symbol id="sm-38a">
         <name>__cmpdf2</name>
         <value>0x3d41</value>
         <object_component_ref idref="oc-20d"/>
      </symbol>
      <symbol id="sm-38b">
         <name>__eqdf2</name>
         <value>0x3d41</value>
         <object_component_ref idref="oc-20d"/>
      </symbol>
      <symbol id="sm-38c">
         <name>__ltdf2</name>
         <value>0x3d41</value>
         <object_component_ref idref="oc-20d"/>
      </symbol>
      <symbol id="sm-38d">
         <name>__nedf2</name>
         <value>0x3d41</value>
         <object_component_ref idref="oc-20d"/>
      </symbol>
      <symbol id="sm-38e">
         <name>__gtdf2</name>
         <value>0x3b81</value>
         <object_component_ref idref="oc-213"/>
      </symbol>
      <symbol id="sm-39a">
         <name>__aeabi_idiv0</name>
         <value>0x3a87</value>
         <object_component_ref idref="oc-195"/>
      </symbol>
      <symbol id="sm-39b">
         <name>__aeabi_ldiv0</name>
         <value>0x3e0f</value>
         <object_component_ref idref="oc-21f"/>
      </symbol>
      <symbol id="sm-3b5">
         <name>memcpy</name>
         <value>0x37bf</value>
         <object_component_ref idref="oc-cd"/>
      </symbol>
      <symbol id="sm-3c4">
         <name>memset</name>
         <value>0x3ed7</value>
         <object_component_ref idref="oc-12f"/>
      </symbol>
      <symbol id="sm-3c5">
         <name>__TI_static_base__</name>
         <value>0x0</value>
      </symbol>
      <symbol id="sm-3c9">
         <name>__mpu_init</name>
         <value>0x0</value>
      </symbol>
      <symbol id="sm-3ca">
         <name>_system_post_cinit</name>
         <value>0x0</value>
      </symbol>
   </symbol_table>
   <title>Link successful</title>
</link_info>
